Archive member included to satisfy reference by file (symbol)

E:/ST/STM32CubeIDE_1.19.0/STM32CubeIDE/plugins/com.st.stm32cube.ide.mcu.externaltools.gnu-tools-for-stm32.13.3.rel1.win32_1.0.0.202411081344/tools/bin/../lib/gcc/arm-none-eabi/13.3.1/../../../../arm-none-eabi/lib/thumb/v7-m/nofp\libc_nano.a(libc_a-exit.o)
                              E:/ST/STM32CubeIDE_1.19.0/STM32CubeIDE/plugins/com.st.stm32cube.ide.mcu.externaltools.gnu-tools-for-stm32.13.3.rel1.win32_1.0.0.202411081344/tools/bin/../lib/gcc/arm-none-eabi/13.3.1/../../../../arm-none-eabi/lib/thumb/v7-m/nofp/crt0.o (exit)
E:/ST/STM32CubeIDE_1.19.0/STM32CubeIDE/plugins/com.st.stm32cube.ide.mcu.externaltools.gnu-tools-for-stm32.13.3.rel1.win32_1.0.0.202411081344/tools/bin/../lib/gcc/arm-none-eabi/13.3.1/../../../../arm-none-eabi/lib/thumb/v7-m/nofp\libc_nano.a(libc_a-findfp.o)
                              E:/ST/STM32CubeIDE_1.19.0/STM32CubeIDE/plugins/com.st.stm32cube.ide.mcu.externaltools.gnu-tools-for-stm32.13.3.rel1.win32_1.0.0.202411081344/tools/bin/../lib/gcc/arm-none-eabi/13.3.1/../../../../arm-none-eabi/lib/thumb/v7-m/nofp\libc_nano.a(libc_a-exit.o) (__stdio_exit_handler)
E:/ST/STM32CubeIDE_1.19.0/STM32CubeIDE/plugins/com.st.stm32cube.ide.mcu.externaltools.gnu-tools-for-stm32.13.3.rel1.win32_1.0.0.202411081344/tools/bin/../lib/gcc/arm-none-eabi/13.3.1/../../../../arm-none-eabi/lib/thumb/v7-m/nofp\libc_nano.a(libc_a-fwalk.o)
                              E:/ST/STM32CubeIDE_1.19.0/STM32CubeIDE/plugins/com.st.stm32cube.ide.mcu.externaltools.gnu-tools-for-stm32.13.3.rel1.win32_1.0.0.202411081344/tools/bin/../lib/gcc/arm-none-eabi/13.3.1/../../../../arm-none-eabi/lib/thumb/v7-m/nofp\libc_nano.a(libc_a-findfp.o) (_fwalk_sglue)
E:/ST/STM32CubeIDE_1.19.0/STM32CubeIDE/plugins/com.st.stm32cube.ide.mcu.externaltools.gnu-tools-for-stm32.13.3.rel1.win32_1.0.0.202411081344/tools/bin/../lib/gcc/arm-none-eabi/13.3.1/../../../../arm-none-eabi/lib/thumb/v7-m/nofp\libc_nano.a(libc_a-stdio.o)
                              E:/ST/STM32CubeIDE_1.19.0/STM32CubeIDE/plugins/com.st.stm32cube.ide.mcu.externaltools.gnu-tools-for-stm32.13.3.rel1.win32_1.0.0.202411081344/tools/bin/../lib/gcc/arm-none-eabi/13.3.1/../../../../arm-none-eabi/lib/thumb/v7-m/nofp\libc_nano.a(libc_a-findfp.o) (__sread)
E:/ST/STM32CubeIDE_1.19.0/STM32CubeIDE/plugins/com.st.stm32cube.ide.mcu.externaltools.gnu-tools-for-stm32.13.3.rel1.win32_1.0.0.202411081344/tools/bin/../lib/gcc/arm-none-eabi/13.3.1/../../../../arm-none-eabi/lib/thumb/v7-m/nofp\libc_nano.a(libc_a-vsnprintf.o)
                              ./Core/Src/main.o (vsnprintf)
E:/ST/STM32CubeIDE_1.19.0/STM32CubeIDE/plugins/com.st.stm32cube.ide.mcu.externaltools.gnu-tools-for-stm32.13.3.rel1.win32_1.0.0.202411081344/tools/bin/../lib/gcc/arm-none-eabi/13.3.1/../../../../arm-none-eabi/lib/thumb/v7-m/nofp\libc_nano.a(libc_a-memcmp.o)
                              ./Core/Src/pn532.o (memcmp)
E:/ST/STM32CubeIDE_1.19.0/STM32CubeIDE/plugins/com.st.stm32cube.ide.mcu.externaltools.gnu-tools-for-stm32.13.3.rel1.win32_1.0.0.202411081344/tools/bin/../lib/gcc/arm-none-eabi/13.3.1/../../../../arm-none-eabi/lib/thumb/v7-m/nofp\libc_nano.a(libc_a-memset.o)
                              E:/ST/STM32CubeIDE_1.19.0/STM32CubeIDE/plugins/com.st.stm32cube.ide.mcu.externaltools.gnu-tools-for-stm32.13.3.rel1.win32_1.0.0.202411081344/tools/bin/../lib/gcc/arm-none-eabi/13.3.1/../../../../arm-none-eabi/lib/thumb/v7-m/nofp/crt0.o (memset)
E:/ST/STM32CubeIDE_1.19.0/STM32CubeIDE/plugins/com.st.stm32cube.ide.mcu.externaltools.gnu-tools-for-stm32.13.3.rel1.win32_1.0.0.202411081344/tools/bin/../lib/gcc/arm-none-eabi/13.3.1/../../../../arm-none-eabi/lib/thumb/v7-m/nofp\libc_nano.a(libc_a-closer.o)
                              E:/ST/STM32CubeIDE_1.19.0/STM32CubeIDE/plugins/com.st.stm32cube.ide.mcu.externaltools.gnu-tools-for-stm32.13.3.rel1.win32_1.0.0.202411081344/tools/bin/../lib/gcc/arm-none-eabi/13.3.1/../../../../arm-none-eabi/lib/thumb/v7-m/nofp\libc_nano.a(libc_a-stdio.o) (_close_r)
E:/ST/STM32CubeIDE_1.19.0/STM32CubeIDE/plugins/com.st.stm32cube.ide.mcu.externaltools.gnu-tools-for-stm32.13.3.rel1.win32_1.0.0.202411081344/tools/bin/../lib/gcc/arm-none-eabi/13.3.1/../../../../arm-none-eabi/lib/thumb/v7-m/nofp\libc_nano.a(libc_a-reent.o)
                              E:/ST/STM32CubeIDE_1.19.0/STM32CubeIDE/plugins/com.st.stm32cube.ide.mcu.externaltools.gnu-tools-for-stm32.13.3.rel1.win32_1.0.0.202411081344/tools/bin/../lib/gcc/arm-none-eabi/13.3.1/../../../../arm-none-eabi/lib/thumb/v7-m/nofp\libc_nano.a(libc_a-closer.o) (errno)
E:/ST/STM32CubeIDE_1.19.0/STM32CubeIDE/plugins/com.st.stm32cube.ide.mcu.externaltools.gnu-tools-for-stm32.13.3.rel1.win32_1.0.0.202411081344/tools/bin/../lib/gcc/arm-none-eabi/13.3.1/../../../../arm-none-eabi/lib/thumb/v7-m/nofp\libc_nano.a(libc_a-impure.o)
[...]
Memory Configuration

Name             Origin             Length             Attributes
RAM              0x20000000         0x00005000         xrw
FLASH            0x08000000         0x00010000         xr
*default*        0x00000000         0xffffffff

Linker script and memory map

LOAD E:/ST/STM32CubeIDE_1.19.0/STM32CubeIDE/plugins/com.st.stm32cube.ide.mcu.externaltools.gnu-tools-for-stm32.13.3.rel1.win32_1.0.0.202411081344/tools/bin/../lib/gcc/arm-none-eabi/13.3.1/thumb/v7-m/nofp/crti.o
LOAD E:/ST/STM32CubeIDE_1.19.0/STM32CubeIDE/plugins/com.st.stm32cube.ide.mcu.externaltools.gnu-tools-for-stm32.13.3.rel1.win32_1.0.0.202411081344/tools/bin/../lib/gcc/arm-none-eabi/13.3.1/thumb/v7-m/nofp/crtbegin.o
LOAD E:/ST/STM32CubeIDE_1.19.0/STM32CubeIDE/plugins/com.st.stm32cube.ide.mcu.externaltools.gnu-tools-for-stm32.13.3.rel1.win32_1.0.0.202411081344/tools/bin/../lib/gcc/arm-none-eabi/13.3.1/../../../../arm-none-eabi/lib/thumb/v7-m/nofp/crt0.o
LOAD ./Core/Src/bno055.o
LOAD ./Core/Src/freertos.o
LOAD ./Core/Src/main.o
LOAD ./Core/Src/modbus_slave.o
LOAD ./Core/Src/pn532.o
LOAD ./Core/Src/stm32f1xx_hal_msp.o
LOAD ./Core/Src/stm32f1xx_it.o
LOAD ./Core/Src/syscalls.o
LOAD ./Core/Src/sysmem.o
LOAD ./Core/Src/system_stm32f1xx.o
LOAD ./Core/Startup/startup_stm32f103c8tx.o
LOAD ./Drivers/STM32F1xx_HAL_Driver/Src/stm32f1xx_hal.o
LOAD ./Drivers/STM32F1xx_HAL_Driver/Src/stm32f1xx_hal_cortex.o
LOAD ./Drivers/STM32F1xx_HAL_Driver/Src/stm32f1xx_hal_dma.o
LOAD ./Drivers/STM32F1xx_HAL_Driver/Src/stm32f1xx_hal_exti.o
LOAD ./Drivers/STM32F1xx_HAL_Driver/Src/stm32f1xx_hal_flash.o
LOAD ./Drivers/STM32F1xx_HAL_Driver/Src/stm32f1xx_hal_flash_ex.o
LOAD ./Drivers/STM32F1xx_HAL_Driver/Src/stm32f1xx_hal_gpio.o
LOAD ./Drivers/STM32F1xx_HAL_Driver/Src/stm32f1xx_hal_gpio_ex.o
LOAD ./Drivers/STM32F1xx_HAL_Driver/Src/stm32f1xx_hal_i2c.o
LOAD ./Drivers/STM32F1xx_HAL_Driver/Src/stm32f1xx_hal_pwr.o
LOAD ./Drivers/STM32F1xx_HAL_Driver/Src/stm32f1xx_hal_rcc.o
LOAD ./Drivers/STM32F1xx_HAL_Driver/Src/stm32f1xx_hal_rcc_ex.o
LOAD ./Drivers/STM32F1xx_HAL_Driver/Src/stm32f1xx_hal_uart.o
LOAD ./Middlewares/Third_Party/FreeRTOS/Source/CMSIS_RTOS_V2/cmsis_os2.o
LOAD ./Middlewares/Third_Party/FreeRTOS/Source/croutine.o
LOAD ./Middlewares/Third_Party/FreeRTOS/Source/event_groups.o
LOAD ./Middlewares/Third_Party/FreeRTOS/Source/list.o
LOAD ./Middlewares/Third_Party/FreeRTOS/Source/queue.o
LOAD ./Middlewares/Third_Party/FreeRTOS/Source/stream_buffer.o
LOAD ./Middlewares/Third_Party/FreeRTOS/Source/tasks.o
LOAD ./Middlewares/Third_Party/FreeRTOS/Source/timers.o
LOAD ./Middlewares/Third_Party/FreeRTOS/Source/portable/GCC/ARM_CM3/port.o
LOAD ./Middlewares/Third_Party/FreeRTOS/Source/portable/MemMang/heap_4.o
START GROUP
LOAD E:/ST/STM32CubeIDE_1.19.0/STM32CubeIDE/plugins/com.st.stm32cube.ide.mcu.externaltools.gnu-tools-for-stm32.13.3.rel1.win32_1.0.0.202411081344/tools/bin/../lib/gcc/arm-none-eabi/13.3.1/../../../../arm-none-eabi/lib/thumb/v7-m/nofp\libc_nano.a
LOAD E:/ST/STM32CubeIDE_1.19.0/STM32CubeIDE/plugins/com.st.stm32cube.ide.mcu.externaltools.gnu-tools-for-stm32.13.3.rel1.win32_1.0.0.202411081344/tools/bin/../lib/gcc/arm-none-eabi/13.3.1/../../../../arm-none-eabi/lib/thumb/v7-m/nofp\libm.a
END GROUP
START GROUP
LOAD E:/ST/STM32CubeIDE_1.19.0/STM32CubeIDE/plugins/com.st.stm32cube.ide.mcu.externaltools.gnu-tools-for-stm32.13.3.rel1.win32_1.0.0.202411081344/tools/bin/../lib/gcc/arm-none-eabi/13.3.1/thumb/v7-m/nofp\libgcc.a
LOAD E:/ST/STM32CubeIDE_1.19.0/STM32CubeIDE/plugins/com.st.stm32cube.ide.mcu.externaltools.gnu-tools-for-stm32.13.3.rel1.win32_1.0.0.202411081344/tools/bin/../lib/gcc/arm-none-eabi/13.3.1/../../../../arm-none-eabi/lib/thumb/v7-m/nofp\libc_nano.a
END GROUP
START GROUP
LOAD E:/ST/STM32CubeIDE_1.19.0/STM32CubeIDE/plugins/com.st.stm32cube.ide.mcu.externaltools.gnu-tools-for-stm32.13.3.rel1.win32_1.0.0.202411081344/tools/bin/../lib/gcc/arm-none-eabi/13.3.1/thumb/v7-m/nofp\libgcc.a
LOAD E:/ST/STM32CubeIDE_1.19.0/STM32CubeIDE/plugins/com.st.stm32cube.ide.mcu.externaltools.gnu-tools-for-stm32.13.3.rel1.win32_1.0.0.202411081344/tools/bin/../lib/gcc/arm-none-eabi/13.3.1/../../../../arm-none-eabi/lib/thumb/v7-m/nofp\libc_nano.a
LOAD E:/ST/STM32CubeIDE_1.19.0/STM32CubeIDE/plugins/com.st.stm32cube.ide.mcu.externaltools.gnu-tools-for-stm32.13.3.rel1.win32_1.0.0.202411081344/tools/bin/../lib/gcc/arm-none-eabi/13.3.1/../../../../arm-none-eabi/lib/thumb/v7-m/nofp\libnosys.a
END GROUP
START GROUP
LOAD E:/ST/STM32CubeIDE_1.19.0/STM32CubeIDE/plugins/com.st.stm32cube.ide.mcu.externaltools.gnu-tools-for-stm32.13.3.rel1.win32_1.0.0.202411081344/tools/bin/../lib/gcc/arm-none-eabi/13.3.1/thumb/v7-m/nofp\libgcc.a
LOAD E:/ST/STM32CubeIDE_1.19.0/STM32CubeIDE/plugins/com.st.stm32cube.ide.mcu.externaltools.gnu-tools-for-stm32.13.3.rel1.win32_1.0.0.202411081344/tools/bin/../lib/gcc/arm-none-eabi/13.3.1/../../../../arm-none-eabi/lib/thumb/v7-m/nofp\libc_nano.a
LOAD E:/ST/STM32CubeIDE_1.19.0/STM32CubeIDE/plugins/com.st.stm32cube.ide.mcu.externaltools.gnu-tools-for-stm32.13.3.rel1.win32_1.0.0.202411081344/tools/bin/../lib/gcc/arm-none-eabi/13.3.1/../../../../arm-none-eabi/lib/thumb/v7-m/nofp\libnosys.a
END GROUP
LOAD E:/ST/STM32CubeIDE_1.19.0/STM32CubeIDE/plugins/com.st.stm32cube.ide.mcu.externaltools.gnu-tools-for-stm32.13.3.rel1.win32_1.0.0.202411081344/tools/bin/../lib/gcc/arm-none-eabi/13.3.1/thumb/v7-m/nofp/crtend.o
LOAD E:/ST/STM32CubeIDE_1.19.0/STM32CubeIDE/plugins/com.st.stm32cube.ide.mcu.externaltools.gnu-tools-for-stm32.13.3.rel1.win32_1.0.0.202411081344/tools/bin/../lib/gcc/arm-none-eabi/13.3.1/thumb/v7-m/nofp/crtn.o
                0x20005000                        _estack = (ORIGIN (RAM) + LENGTH (RAM))
                0x00000200                        _Min_Heap_Size = 0x200
                0x00000400                        _Min_Stack_Size = 0x400

.isr_vector     0x08000000      0x10c
                0x08000000                        . = ALIGN (0x4)
 *(.isr_vector)
 .isr_vector    0x08000000      0x10c ./Core/Startup/startup_stm32f103c8tx.o
                0x08000000                g_pfnVectors
                0x0800010c                        . = ALIGN (0x4)

.text           0x08000110     0x9bf4
                0x08000110                        . = ALIGN (0x4)
 *(.text)
 .text          0x08000110       0x40 E:/ST/STM32CubeIDE_1.19.0/STM32CubeIDE/plugins/com.st.stm32cube.ide.mcu.externaltools.gnu-tools-for-stm32.13.3.rel1.win32_1.0.0.202411081344/tools/bin/../lib/gcc/arm-none-eabi/13.3.1/thumb/v7-m/nofp/crtbegin.o
 .text          0x08000150       0x10 E:/ST/STM32CubeIDE_1.19.0/STM32CubeIDE/plugins/com.st.stm32cube.ide.mcu.externaltools.gnu-tools-for-stm32.13.3.rel1.win32_1.0.0.202411081344/tools/bin/../lib/gcc/arm-none-eabi/13.3.1/../../../../arm-none-eabi/lib/thumb/v7-m/nofp\libc_nano.a(libc_a-strlen.o)
                0x08000150                strlen
 .text          0x08000160      0x21c E:/ST/STM32CubeIDE_1.19.0/STM32CubeIDE/plugins/com.st.stm32cube.ide.mcu.externaltools.gnu-tools-for-stm32.13.3.rel1.win32_1.0.0.202411081344/tools/bin/../lib/gcc/arm-none-eabi/13.3.1/thumb/v7-m/nofp\libgcc.a(_arm_addsubsf3.o)
                0x08000160                __aeabi_frsub
                0x08000168                __subsf3
                0x08000168                __aeabi_fsub
                0x0800016c                __aeabi_fadd
                0x0800016c                __addsf3
                0x080002cc                __aeabi_ui2f
                0x080002cc                __floatunsisf
                0x080002d4                __aeabi_i2f
                0x080002d4                __floatsisf
                0x080002f0                __aeabi_ul2f
                0x080002f0                __floatundisf
                0x08000300                __aeabi_l2f
                0x08000300                __floatdisf
 .text          0x0800037c      0x2a0 E:/ST/STM32CubeIDE_1.19.0/STM32CubeIDE/plugins/com.st.stm32cube.ide.mcu.externaltools.gnu-tools-for-stm32.13.3.rel1.win32_1.0.0.202411081344/tools/bin/../lib/gcc/arm-none-eabi/13.3.1/thumb/v7-m/nofp\libgcc.a(_arm_muldivsf3.o)
                0x0800037c                __mulsf3
                0x0800037c                __aeabi_fmul
                0x080004e4                __aeabi_fdiv
                0x080004e4                __divsf3
 *(.text*)
 .text.BNO055_Init
                0x0800061c      0x19c ./Core/Src/bno055.o
                0x0800061c                BNO055_Init
 .text.BNO055_SetOperationMode
                0x080007b8       0x42 ./Core/Src/bno055.o
                0x080007b8                BNO055_SetOperationMode
 .text.BNO055_SetPowerMode
                0x080007fa       0x2c ./Core/Src/bno055.o
                0x080007fa                BNO055_SetPowerMode
 .text.BNO055_ReadID
                0x08000826       0x2e ./Core/Src/bno055.o
                0x08000826                BNO055_ReadID
 .text.BNO055_ReadAccel
                0x08000854       0x70 ./Core/Src/bno055.o
                0x08000854                BNO055_ReadAccel
 .text.BNO055_ReadGyro
                0x080008c4       0x70 ./Core/Src/bno055.o
                0x080008c4                BNO055_ReadGyro
 .text.BNO055_ReadMag
                0x08000934       0x70 ./Core/Src/bno055.o
                0x08000934                BNO055_ReadMag
 .text.BNO055_ReadEuler
                0x080009a4       0xbe ./Core/Src/bno055.o
                0x080009a4                BNO055_ReadEuler
 .text.BNO055_ReadQuaternion
                0x08000a62       0xea ./Core/Src/bno055.o
                0x08000a62                BNO055_ReadQuaternion
 .text.BNO055_ReadLinearAccel
                0x08000b4c       0x70 ./Core/Src/bno055.o
                0x08000b4c                BNO055_ReadLinearAccel
 .text.BNO055_ReadAllSensors
                0x08000bbc       0xaa ./Core/Src/bno055.o
                0x08000bbc                BNO055_ReadAllSensors
 .text.BNO055_ReadCalibStatus
                0x08000c66       0x72 ./Core/Src/bno055.o
                0x08000c66                BNO055_ReadCalibStatus
 .text.BNO055_ReadTemperature
                0x08000cd8       0x3e ./Core/Src/bno055.o
                0x08000cd8                BNO055_ReadTemperature
 .text.BNO055_ReadSystemStatus
                0x08000d16       0x54 ./Core/Src/bno055.o
                0x08000d16                BNO055_ReadSystemStatus
 .text.BNO055_GetAccel
                0x08000d6a       0x20 ./Core/Src/bno055.o
                0x08000d6a                BNO055_GetAccel
 .text.BNO055_GetGyro
                0x08000d8a       0x20 ./Core/Src/bno055.o
                0x08000d8a                BNO055_GetGyro
 .text.BNO055_GetMag
                0x08000daa       0x20 ./Core/Src/bno055.o
                0x08000daa                BNO055_GetMag
 .text.BNO055_GetCalibStatus
                0x08000dca       0x20 ./Core/Src/bno055.o
                0x08000dca                BNO055_GetCalibStatus
 .text.BNO055_GetErrorCode
                0x08000dea       0x20 ./Core/Src/bno055.o
                0x08000dea                BNO055_GetErrorCode
 .text.BNO055_WriteRegister
                0x08000e0a       0x58 ./Core/Src/bno055.o
                0x08000e0a                BNO055_WriteRegister
 .text.BNO055_ReadRegister
                0x08000e62       0x7e ./Core/Src/bno055.o
                0x08000e62                BNO055_ReadRegister
 .text.BNO055_ReadRegisters
                0x08000ee0       0x8c ./Core/Src/bno055.o
                0x08000ee0                BNO055_ReadRegisters
 .text.main     0x08000f6c       0xfc ./Core/Src/main.o
                0x08000f6c                main
 .text.SystemClock_Config
                0x08001068       0x86 ./Core/Src/main.o
                0x08001068                SystemClock_Config
 *fill*         0x080010ee        0x2 
 .text.MX_I2C1_Init
                0x080010f0       0x5c ./Core/Src/main.o
 .text.MX_USART1_UART_Init
                0x0800114c       0x54 ./Core/Src/main.o
 .text.MX_USART2_UART_Init
                0x080011a0       0x54 ./Core/Src/main.o
 .text.MX_GPIO_Init
                0x080011f4       0x5c ./Core/Src/main.o
 .text.SystemInit_Modules
                0x08001250      0x104 ./Core/Src/main.o
                0x08001250                SystemInit_Modules
 .text.DebugPrint
                0x08001354       0x44 ./Core/Src/main.o
                0x08001354                DebugPrint
 .text.StartDefaultTask
                0x08001398       0xe8 ./Core/Src/main.o
                0x08001398                StartDefaultTask
 .text.StartModbusTask
                0x08001480      0x10c ./Core/Src/main.o
                0x08001480                StartModbusTask
 .text.StartSensorTask
                0x0800158c      0x1c4 ./Core/Src/main.o
                0x0800158c                StartSensorTask
 .text.StartNfcTask
                0x08001750      0x1bc ./Core/Src/main.o
                0x08001750                StartNfcTask
 .text.Error_Handler
                0x0800190c        0xc ./Core/Src/main.o
                0x0800190c                Error_Handler
 .text.Modbus_Init
                0x08001918      0x132 ./Core/Src/modbus_slave.o
                0x08001918                Modbus_Init
 .text.Modbus_RegisterMapping
                0x08001a4a      0x364 ./Core/Src/modbus_slave.o
                0x08001a4a                Modbus_RegisterMapping
 .text.Modbus_AddRegister
                0x08001dae       0xf6 ./Core/Src/modbus_slave.o
                0x08001dae                Modbus_AddRegister
 .text.Modbus_SetRegisterValue
                0x08001ea4       0xac ./Core/Src/modbus_slave.o
                0x08001ea4                Modbus_SetRegisterValue
 .text.Modbus_GetRegisterValue
                0x08001f50       0xb2 ./Core/Src/modbus_slave.o
                0x08001f50                Modbus_GetRegisterValue
 .text.Modbus_Process
                0x08002002       0x40 ./Core/Src/modbus_slave.o
                0x08002002                Modbus_Process
 .text.Modbus_StartReceive
                0x08002042       0x3e ./Core/Src/modbus_slave.o
                0x08002042                Modbus_StartReceive
 .text.Modbus_ProcessFrame
                0x08002080      0x14c ./Core/Src/modbus_slave.o
                0x08002080                Modbus_ProcessFrame
 .text.Modbus_ProcessReadHoldingRegisters
                0x080021cc      0x10c ./Core/Src/modbus_slave.o
                0x080021cc                Modbus_ProcessReadHoldingRegisters
 .text.Modbus_ProcessReadInputRegisters
                0x080022d8      0x10c ./Core/Src/modbus_slave.o
                0x080022d8                Modbus_ProcessReadInputRegisters
 .text.Modbus_ProcessWriteSingleRegister
                0x080023e4       0x92 ./Core/Src/modbus_slave.o
                0x080023e4                Modbus_ProcessWriteSingleRegister
 .text.Modbus_ProcessWriteMultipleRegisters
                0x08002476      0x140 ./Core/Src/modbus_slave.o
                0x08002476                Modbus_ProcessWriteMultipleRegisters
 .text.Modbus_SendResponse
                0x080025b6       0x78 ./Core/Src/modbus_slave.o
                0x080025b6                Modbus_SendResponse
 .text.Modbus_SendException
                0x0800262e       0x68 ./Core/Src/modbus_slave.o
                0x0800262e                Modbus_SendException
 *fill*         0x08002696        0x2 
 .text.Modbus_CalculateCRC
                0x08002698       0x58 ./Core/Src/modbus_slave.o
                0x08002698                Modbus_CalculateCRC
 .text.Modbus_VerifyCRC
                0x080026f0       0x60 ./Core/Src/modbus_slave.o
                0x080026f0                Modbus_VerifyCRC
 .text.Modbus_AddCRC
                0x08002750       0x40 ./Core/Src/modbus_slave.o
                0x08002750                Modbus_AddCRC
 .text.PN532_VerifyAck
                0x08002790       0x4c ./Core/Src/pn532.o
 .text.PN532_Init
                0x080027dc       0x94 ./Core/Src/pn532.o
                0x080027dc                PN532_Init
 .text.PN532_SetMode
                0x08002870       0x4c ./Core/Src/pn532.o
                0x08002870                PN532_SetMode
 .text.PN532_GetFirmwareVersion
                0x080028bc       0x88 ./Core/Src/pn532.o
                0x080028bc                PN532_GetFirmwareVersion
 .text.PN532_ConfigureSAM
                0x08002944       0x62 ./Core/Src/pn532.o
                0x08002944                PN532_ConfigureSAM
 .text.PN532_ReadCard
                0x080029a6       0x22 ./Core/Src/pn532.o
                0x080029a6                PN532_ReadCard
 .text.PN532_ReadPassiveTarget
                0x080029c8       0xe2 ./Core/Src/pn532.o
                0x080029c8                PN532_ReadPassiveTarget
 .text.PN532_IsCardPresent
                0x08002aaa       0x38 ./Core/Src/pn532.o
                0x08002aaa                PN532_IsCardPresent
 .text.PN532_GetCardUID
                0x08002ae2       0x20 ./Core/Src/pn532.o
                0x08002ae2                PN532_GetCardUID
 .text.PN532_GetCardType
                0x08002b02       0x20 ./Core/Src/pn532.o
                0x08002b02                PN532_GetCardType
 .text.PN532_GetErrorCode
                0x08002b22       0x22 ./Core/Src/pn532.o
                0x08002b22                PN532_GetErrorCode
 .text.PN532_WriteCommand
                0x08002b44      0x18e ./Core/Src/pn532.o
                0x08002b44                PN532_WriteCommand
 .text.PN532_ReadResponse
                0x08002cd2       0xe4 ./Core/Src/pn532.o
                0x08002cd2                PN532_ReadResponse
 .text.PN532_WaitReady
                0x08002db6       0x60 ./Core/Src/pn532.o
                0x08002db6                PN532_WaitReady
 *fill*         0x08002e16        0x2 
 .text.HAL_MspInit
                0x08002e18       0x70 ./Core/Src/stm32f1xx_hal_msp.o
                0x08002e18                HAL_MspInit
 .text.HAL_I2C_MspInit
                0x08002e88       0x7c ./Core/Src/stm32f1xx_hal_msp.o
                0x08002e88                HAL_I2C_MspInit
 .text.HAL_UART_MspInit
                0x08002f04      0x108 ./Core/Src/stm32f1xx_hal_msp.o
                0x08002f04                HAL_UART_MspInit
 .text.NMI_Handler
                0x0800300c        0x8 ./Core/Src/stm32f1xx_it.o
                0x0800300c                NMI_Handler
 .text.HardFault_Handler
                0x08003014        0x8 ./Core/Src/stm32f1xx_it.o
                0x08003014                HardFault_Handler
 .text.MemManage_Handler
                0x0800301c        0x8 ./Core/Src/stm32f1xx_it.o
                0x0800301c                MemManage_Handler
 .text.BusFault_Handler
                0x08003024        0x8 ./Core/Src/stm32f1xx_it.o
                0x08003024                BusFault_Handler
 .text.UsageFault_Handler
                0x0800302c        0x8 ./Core/Src/stm32f1xx_it.o
                0x0800302c                UsageFault_Handler
 .text.DebugMon_Handler
                0x08003034        0xc ./Core/Src/stm32f1xx_it.o
                0x08003034                DebugMon_Handler
 .text.SysTick_Handler
                0x08003040       0x1a ./Core/Src/stm32f1xx_it.o
                0x08003040                SysTick_Handler
 *fill*         0x0800305a        0x2 
 .text._sbrk    0x0800305c       0x6c ./Core/Src/sysmem.o
                0x0800305c                _sbrk
 .text.SystemInit
                0x080030c8        0xc ./Core/Src/system_stm32f1xx.o
                0x080030c8                SystemInit
 .text.Reset_Handler
                0x080030d4       0x48 ./Core/Startup/startup_stm32f103c8tx.o
                0x080030d4                Reset_Handler
 .text.Default_Handler
                0x0800311c        0x2 ./Core/Startup/startup_stm32f103c8tx.o
                0x0800311c                RTC_Alarm_IRQHandler
                0x0800311c                EXTI2_IRQHandler
                0x0800311c                TIM1_CC_IRQHandler
                0x0800311c                PVD_IRQHandler
                0x0800311c                EXTI3_IRQHandler
                0x0800311c                EXTI0_IRQHandler
                0x0800311c                I2C2_EV_IRQHandler
                0x0800311c                ADC1_2_IRQHandler
                0x0800311c                SPI1_IRQHandler
                0x0800311c                TAMPER_IRQHandler
                0x0800311c                DMA1_Channel4_IRQHandler
                0x0800311c                USART3_IRQHandler
                0x0800311c                RTC_IRQHandler
                0x0800311c                DMA1_Channel7_IRQHandler
                0x0800311c                CAN1_RX1_IRQHandler
                0x0800311c                TIM4_IRQHandler
                0x0800311c                I2C1_EV_IRQHandler
                0x0800311c                DMA1_Channel6_IRQHandler
                0x0800311c                TIM3_IRQHandler
                0x0800311c                RCC_IRQHandler
                0x0800311c                TIM1_TRG_COM_IRQHandler
                0x0800311c                DMA1_Channel1_IRQHandler
                0x0800311c                Default_Handler
                0x0800311c                EXTI15_10_IRQHandler
                0x0800311c                EXTI9_5_IRQHandler
                0x0800311c                SPI2_IRQHandler
                0x0800311c                DMA1_Channel5_IRQHandler
                0x0800311c                EXTI4_IRQHandler
                0x0800311c                USB_LP_CAN1_RX0_IRQHandler
                0x0800311c                USB_HP_CAN1_TX_IRQHandler
                0x0800311c                DMA1_Channel3_IRQHandler
                0x0800311c                TIM1_UP_IRQHandler
                0x0800311c                WWDG_IRQHandler
                0x0800311c                TIM2_IRQHandler
                0x0800311c                TIM1_BRK_IRQHandler
                0x0800311c                EXTI1_IRQHandler
                0x0800311c                USART2_IRQHandler
                0x0800311c                I2C2_ER_IRQHandler
                0x0800311c                DMA1_Channel2_IRQHandler
                0x0800311c                CAN1_SCE_IRQHandler
                0x0800311c                FLASH_IRQHandler
                0x0800311c                USART1_IRQHandler
                0x0800311c                I2C1_ER_IRQHandler
                0x0800311c                USBWakeUp_IRQHandler
 *fill*         0x0800311e        0x2 
 .text.HAL_Init
                0x08003120       0x2c ./Drivers/STM32F1xx_HAL_Driver/Src/stm32f1xx_hal.o
                0x08003120                HAL_Init
 .text.HAL_InitTick
                0x0800314c       0x60 ./Drivers/STM32F1xx_HAL_Driver/Src/stm32f1xx_hal.o
                0x0800314c                HAL_InitTick
 .text.HAL_IncTick
                0x080031ac       0x24 ./Drivers/STM32F1xx_HAL_Driver/Src/stm32f1xx_hal.o
                0x080031ac                HAL_IncTick
 .text.HAL_GetTick
                0x080031d0       0x14 ./Drivers/STM32F1xx_HAL_Driver/Src/stm32f1xx_hal.o
                0x080031d0                HAL_GetTick
 .text.HAL_Delay
                0x080031e4       0x48 ./Drivers/STM32F1xx_HAL_Driver/Src/stm32f1xx_hal.o
                0x080031e4                HAL_Delay
 .text.__NVIC_SetPriorityGrouping
                0x0800322c       0x48 ./Drivers/STM32F1xx_HAL_Driver/Src/stm32f1xx_hal_cortex.o
 .text.__NVIC_GetPriorityGrouping
                0x08003274       0x1c ./Drivers/STM32F1xx_HAL_Driver/Src/stm32f1xx_hal_cortex.o
 .text.__NVIC_SetPriority
                0x08003290       0x54 ./Drivers/STM32F1xx_HAL_Driver/Src/stm32f1xx_hal_cortex.o
 .text.NVIC_EncodePriority
                0x080032e4       0x64 ./Drivers/STM32F1xx_HAL_Driver/Src/stm32f1xx_hal_cortex.o
 .text.SysTick_Config
                0x08003348       0x44 ./Drivers/STM32F1xx_HAL_Driver/Src/stm32f1xx_hal_cortex.o
 .text.HAL_NVIC_SetPriorityGrouping
                0x0800338c       0x16 ./Drivers/STM32F1xx_HAL_Driver/Src/stm32f1xx_hal_cortex.o
                0x0800338c                HAL_NVIC_SetPriorityGrouping
 .text.HAL_NVIC_SetPriority
                0x080033a2       0x38 ./Drivers/STM32F1xx_HAL_Driver/Src/stm32f1xx_hal_cortex.o
                0x080033a2                HAL_NVIC_SetPriority
 .text.HAL_SYSTICK_Config
                0x080033da       0x18 ./Drivers/STM32F1xx_HAL_Driver/Src/stm32f1xx_hal_cortex.o
                0x080033da                HAL_SYSTICK_Config
 *fill*         0x080033f2        0x2 
 .text.HAL_GPIO_Init
                0x080033f4      0x308 ./Drivers/STM32F1xx_HAL_Driver/Src/stm32f1xx_hal_gpio.o
                0x080033f4                HAL_GPIO_Init
 .text.HAL_I2C_Init
                0x080036fc      0x288 ./Drivers/STM32F1xx_HAL_Driver/Src/stm32f1xx_hal_i2c.o
                0x080036fc                HAL_I2C_Init
 .text.HAL_I2C_Master_Transmit
                0x08003984      0x1fc ./Drivers/STM32F1xx_HAL_Driver/Src/stm32f1xx_hal_i2c.o
                0x08003984                HAL_I2C_Master_Transmit
 .text.HAL_I2C_Master_Receive
                0x08003b80      0x4d8 ./Drivers/STM32F1xx_HAL_Driver/Src/stm32f1xx_hal_i2c.o
                0x08003b80                HAL_I2C_Master_Receive
 .text.I2C_MasterRequestWrite
                0x08004058      0x104 ./Drivers/STM32F1xx_HAL_Driver/Src/stm32f1xx_hal_i2c.o
 .text.I2C_MasterRequestRead
                0x0800415c      0x19c ./Drivers/STM32F1xx_HAL_Driver/Src/stm32f1xx_hal_i2c.o
 .text.I2C_WaitOnFlagUntilTimeout
                0x080042f8       0xf4 ./Drivers/STM32F1xx_HAL_Driver/Src/stm32f1xx_hal_i2c.o
 .text.I2C_WaitOnMasterAddressFlagUntilTimeout
                0x080043ec      0x140 ./Drivers/STM32F1xx_HAL_Driver/Src/stm32f1xx_hal_i2c.o
 .text.I2C_WaitOnTXEFlagUntilTimeout
                0x0800452c       0x90 ./Drivers/STM32F1xx_HAL_Driver/Src/stm32f1xx_hal_i2c.o
 .text.I2C_WaitOnBTFFlagUntilTimeout
                0x080045bc       0x90 ./Drivers/STM32F1xx_HAL_Driver/Src/stm32f1xx_hal_i2c.o
 .text.I2C_WaitOnRXNEFlagUntilTimeout
                0x0800464c       0xba ./Drivers/STM32F1xx_HAL_Driver/Src/stm32f1xx_hal_i2c.o
 .text.I2C_IsAcknowledgeFailed
                0x08004706       0x5c ./Drivers/STM32F1xx_HAL_Driver/Src/stm32f1xx_hal_i2c.o
 *fill*         0x08004762        0x2 
 .text.HAL_RCC_OscConfig
                0x08004764      0x504 ./Drivers/STM32F1xx_HAL_Driver/Src/stm32f1xx_hal_rcc.o
                0x08004764                HAL_RCC_OscConfig
 .text.HAL_RCC_ClockConfig
                0x08004c68      0x1d4 ./Drivers/STM32F1xx_HAL_Driver/Src/stm32f1xx_hal_rcc.o
                0x08004c68                HAL_RCC_ClockConfig
 .text.HAL_RCC_GetSysClockFreq
                0x08004e3c       0xa8 ./Drivers/STM32F1xx_HAL_Driver/Src/stm32f1xx_hal_rcc.o
                0x08004e3c                HAL_RCC_GetSysClockFreq
 .text.HAL_RCC_GetHCLKFreq
                0x08004ee4       0x14 ./Drivers/STM32F1xx_HAL_Driver/Src/stm32f1xx_hal_rcc.o
                0x08004ee4                HAL_RCC_GetHCLKFreq
 .text.HAL_RCC_GetPCLK1Freq
                0x08004ef8       0x28 ./Drivers/STM32F1xx_HAL_Driver/Src/stm32f1xx_hal_rcc.o
                0x08004ef8                HAL_RCC_GetPCLK1Freq
 .text.HAL_RCC_GetPCLK2Freq
                0x08004f20       0x28 ./Drivers/STM32F1xx_HAL_Driver/Src/stm32f1xx_hal_rcc.o
                0x08004f20                HAL_RCC_GetPCLK2Freq
 .text.RCC_Delay
                0x08004f48       0x3c ./Drivers/STM32F1xx_HAL_Driver/Src/stm32f1xx_hal_rcc.o
 .text.HAL_UART_Init
                0x08004f84       0xa0 ./Drivers/STM32F1xx_HAL_Driver/Src/stm32f1xx_hal_uart.o
                0x08004f84                HAL_UART_Init
 .text.HAL_UART_Transmit
                0x08005024      0x116 ./Drivers/STM32F1xx_HAL_Driver/Src/stm32f1xx_hal_uart.o
                0x08005024                HAL_UART_Transmit
 .text.HAL_UART_Transmit_IT
                0x0800513a       0x6a ./Drivers/STM32F1xx_HAL_Driver/Src/stm32f1xx_hal_uart.o
                0x0800513a                HAL_UART_Transmit_IT
 .text.HAL_UART_Receive_IT
                0x080051a4       0x4a ./Drivers/STM32F1xx_HAL_Driver/Src/stm32f1xx_hal_uart.o
                0x080051a4                HAL_UART_Receive_IT
 .text.UART_WaitOnFlagUntilTimeout
                0x080051ee       0xb2 ./Drivers/STM32F1xx_HAL_Driver/Src/stm32f1xx_hal_uart.o
 .text.UART_Start_Receive_IT
                0x080052a0       0x72 ./Drivers/STM32F1xx_HAL_Driver/Src/stm32f1xx_hal_uart.o
                0x080052a0                UART_Start_Receive_IT
 .text.UART_EndRxTransfer
                0x08005312       0xc4 ./Drivers/STM32F1xx_HAL_Driver/Src/stm32f1xx_hal_uart.o
 *fill*         0x080053d6        0x2 
 .text.UART_SetConfig
                0x080053d8      0x11c ./Drivers/STM32F1xx_HAL_Driver/Src/stm32f1xx_hal_uart.o
 .text.__NVIC_SetPriority
                0x080054f4       0x54 ./Middlewares/Third_Party/FreeRTOS/Source/CMSIS_RTOS_V2/cmsis_os2.o
 .text.SVC_Setup
                0x08005548       0x12 ./Middlewares/Third_Party/FreeRTOS/Source/CMSIS_RTOS_V2/cmsis_os2.o
 *fill*         0x0800555a        0x2 
 .text.osKernelInitialize
                0x0800555c       0x44 ./Middlewares/Third_Party/FreeRTOS/Source/CMSIS_RTOS_V2/cmsis_os2.o
                0x0800555c                osKernelInitialize
 .text.osKernelStart
                0x080055a0       0x4c ./Middlewares/Third_Party/FreeRTOS/Source/CMSIS_RTOS_V2/cmsis_os2.o
                0x080055a0                osKernelStart
 .text.osThreadNew
                0x080055ec      0x124 ./Middlewares/Third_Party/FreeRTOS/Source/CMSIS_RTOS_V2/cmsis_os2.o
                0x080055ec                osThreadNew
 .text.osDelay  0x08005710       0x36 ./Middlewares/Third_Party/FreeRTOS/Source/CMSIS_RTOS_V2/cmsis_os2.o
                0x08005710                osDelay
 .text.osEventFlagsNew
                0x08005746       0x7e ./Middlewares/Third_Party/FreeRTOS/Source/CMSIS_RTOS_V2/cmsis_os2.o
                0x08005746                osEventFlagsNew
 .text.osEventFlagsSet
                0x080057c4       0x84 ./Middlewares/Third_Party/FreeRTOS/Source/CMSIS_RTOS_V2/cmsis_os2.o
                0x080057c4                osEventFlagsSet
 .text.osEventFlagsClear
                0x08005848       0x62 ./Middlewares/Third_Party/FreeRTOS/Source/CMSIS_RTOS_V2/cmsis_os2.o
                0x08005848                osEventFlagsClear
 .text.osEventFlagsWait
                0x080058aa       0xca ./Middlewares/Third_Party/FreeRTOS/Source/CMSIS_RTOS_V2/cmsis_os2.o
                0x080058aa                osEventFlagsWait
 .text.osMutexNew
                0x08005974      0x10c ./Middlewares/Third_Party/FreeRTOS/Source/CMSIS_RTOS_V2/cmsis_os2.o
                0x08005974                osMutexNew
 .text.osMutexAcquire
                0x08005a80       0x96 ./Middlewares/Third_Party/FreeRTOS/Source/CMSIS_RTOS_V2/cmsis_os2.o
                0x08005a80                osMutexAcquire
 .text.osMutexRelease
                0x08005b16       0x7a ./Middlewares/Third_Party/FreeRTOS/Source/CMSIS_RTOS_V2/cmsis_os2.o
                0x08005b16                osMutexRelease
 .text.osSemaphoreNew
                0x08005b90      0x112 ./Middlewares/Third_Party/FreeRTOS/Source/CMSIS_RTOS_V2/cmsis_os2.o
                0x08005b90                osSemaphoreNew
 *fill*         0x08005ca2        0x2 
 .text.vApplicationGetIdleTaskMemory
                0x08005ca4       0x30 ./Middlewares/Third_Party/FreeRTOS/Source/CMSIS_RTOS_V2/cmsis_os2.o
                0x08005ca4                vApplicationGetIdleTaskMemory
 .text.vApplicationGetTimerTaskMemory
                0x08005cd4       0x34 ./Middlewares/Third_Party/FreeRTOS/Source/CMSIS_RTOS_V2/cmsis_os2.o
                0x08005cd4                vApplicationGetTimerTaskMemory
 .text.xEventGroupCreateStatic
                0x08005d08       0x72 ./Middlewares/Third_Party/FreeRTOS/Source/event_groups.o
                0x08005d08                xEventGroupCreateStatic
 .text.xEventGroupCreate
                0x08005d7a       0x34 ./Middlewares/Third_Party/FreeRTOS/Source/event_groups.o
                0x08005d7a                xEventGroupCreate
 *fill*         0x08005dae        0x2 
 .text.xEventGroupWaitBits
                0x08005db0      0x1a4 ./Middlewares/Third_Party/FreeRTOS/Source/event_groups.o
                0x08005db0                xEventGroupWaitBits
 .text.xEventGroupClearBits
                0x08005f54       0x72 ./Middlewares/Third_Party/FreeRTOS/Source/event_groups.o
                0x08005f54                xEventGroupClearBits
 *fill*         0x08005fc6        0x2 
 .text.xEventGroupClearBitsFromISR
                0x08005fc8       0x28 ./Middlewares/Third_Party/FreeRTOS/Source/event_groups.o
                0x08005fc8                xEventGroupClearBitsFromISR
 .text.xEventGroupGetBitsFromISR
                0x08005ff0       0x46 ./Middlewares/Third_Party/FreeRTOS/Source/event_groups.o
                0x08005ff0                xEventGroupGetBitsFromISR
 .text.xEventGroupSetBits
                0x08006036      0x118 ./Middlewares/Third_Party/FreeRTOS/Source/event_groups.o
                0x08006036                xEventGroupSetBits
 .text.vEventGroupSetBitsCallback
                0x0800614e       0x1a ./Middlewares/Third_Party/FreeRTOS/Source/event_groups.o
                0x0800614e                vEventGroupSetBitsCallback
 .text.vEventGroupClearBitsCallback
                0x08006168       0x1a ./Middlewares/Third_Party/FreeRTOS/Source/event_groups.o
                0x08006168                vEventGroupClearBitsCallback
 .text.prvTestWaitCondition
                0x08006182       0x42 ./Middlewares/Third_Party/FreeRTOS/Source/event_groups.o
 .text.xEventGroupSetBitsFromISR
                0x080061c4       0x28 ./Middlewares/Third_Party/FreeRTOS/Source/event_groups.o
                0x080061c4                xEventGroupSetBitsFromISR
 .text.vListInitialise
                0x080061ec       0x3e ./Middlewares/Third_Party/FreeRTOS/Source/list.o
                0x080061ec                vListInitialise
 .text.vListInitialiseItem
                0x0800622a       0x18 ./Middlewares/Third_Party/FreeRTOS/Source/list.o
                0x0800622a                vListInitialiseItem
 .text.vListInsertEnd
                0x08006242       0x46 ./Middlewares/Third_Party/FreeRTOS/Source/list.o
                0x08006242                vListInsertEnd
 .text.vListInsert
                0x08006288       0x70 ./Middlewares/Third_Party/FreeRTOS/Source/list.o
                0x08006288                vListInsert
 .text.uxListRemove
                0x080062f8       0x52 ./Middlewares/Third_Party/FreeRTOS/Source/list.o
                0x080062f8                uxListRemove
 *fill*         0x0800634a        0x2 
 .text.xQueueGenericReset
                0x0800634c       0xd4 ./Middlewares/Third_Party/FreeRTOS/Source/queue.o
                0x0800634c                xQueueGenericReset
 .text.xQueueGenericCreateStatic
                0x08006420       0xfa ./Middlewares/Third_Party/FreeRTOS/Source/queue.o
                0x08006420                xQueueGenericCreateStatic
 .text.xQueueGenericCreate
                0x0800651a       0x76 ./Middlewares/Third_Party/FreeRTOS/Source/queue.o
                0x0800651a                xQueueGenericCreate
 .text.prvInitialiseNewQueue
                0x08006590       0x46 ./Middlewares/Third_Party/FreeRTOS/Source/queue.o
 .text.prvInitialiseMutex
                0x080065d6       0x34 ./Middlewares/Third_Party/FreeRTOS/Source/queue.o
 .text.xQueueCreateMutex
                0x0800660a       0x30 ./Middlewares/Third_Party/FreeRTOS/Source/queue.o
                0x0800660a                xQueueCreateMutex
 .text.xQueueCreateMutexStatic
                0x0800663a       0x36 ./Middlewares/Third_Party/FreeRTOS/Source/queue.o
                0x0800663a                xQueueCreateMutexStatic
 .text.xQueueGiveMutexRecursive
                0x08006670       0x6a ./Middlewares/Third_Party/FreeRTOS/Source/queue.o
                0x08006670                xQueueGiveMutexRecursive
 .text.xQueueTakeMutexRecursive
                0x080066da       0x6e ./Middlewares/Third_Party/FreeRTOS/Source/queue.o
                0x080066da                xQueueTakeMutexRecursive
 .text.xQueueCreateCountingSemaphoreStatic
                0x08006748       0x72 ./Middlewares/Third_Party/FreeRTOS/Source/queue.o
                0x08006748                xQueueCreateCountingSemaphoreStatic
 .text.xQueueCreateCountingSemaphore
                0x080067ba       0x6a ./Middlewares/Third_Party/FreeRTOS/Source/queue.o
                0x080067ba                xQueueCreateCountingSemaphore
 .text.xQueueGenericSend
                0x08006824      0x204 ./Middlewares/Third_Party/FreeRTOS/Source/queue.o
                0x08006824                xQueueGenericSend
 .text.xQueueGenericSendFromISR
                0x08006a28      0x13c ./Middlewares/Third_Party/FreeRTOS/Source/queue.o
                0x08006a28                xQueueGenericSendFromISR
 .text.xQueueReceive
                0x08006b64      0x1c4 ./Middlewares/Third_Party/FreeRTOS/Source/queue.o
                0x08006b64                xQueueReceive
 .text.xQueueSemaphoreTake
                0x08006d28      0x220 ./Middlewares/Third_Party/FreeRTOS/Source/queue.o
                0x08006d28                xQueueSemaphoreTake
 .text.vQueueDelete
                0x08006f48       0x48 ./Middlewares/Third_Party/FreeRTOS/Source/queue.o
                0x08006f48                vQueueDelete
 .text.prvGetDisinheritPriorityAfterTimeout
                0x08006f90       0x2e ./Middlewares/Third_Party/FreeRTOS/Source/queue.o
 .text.prvCopyDataToQueue
                0x08006fbe       0xd4 ./Middlewares/Third_Party/FreeRTOS/Source/queue.o
 .text.prvCopyDataFromQueue
                0x08007092       0x4c ./Middlewares/Third_Party/FreeRTOS/Source/queue.o
 .text.prvUnlockQueue
                0x080070de       0xa4 ./Middlewares/Third_Party/FreeRTOS/Source/queue.o
 .text.prvIsQueueEmpty
                0x08007182       0x2c ./Middlewares/Third_Party/FreeRTOS/Source/queue.o
 .text.prvIsQueueFull
                0x080071ae       0x30 ./Middlewares/Third_Party/FreeRTOS/Source/queue.o
 *fill*         0x080071de        0x2 
 .text.vQueueAddToRegistry
                0x080071e0       0x50 ./Middlewares/Third_Party/FreeRTOS/Source/queue.o
                0x080071e0                vQueueAddToRegistry
 .text.vQueueUnregisterQueue
                0x08007230       0x54 ./Middlewares/Third_Party/FreeRTOS/Source/queue.o
                0x08007230                vQueueUnregisterQueue
 .text.vQueueWaitForMessageRestricted
                0x08007284       0x68 ./Middlewares/Third_Party/FreeRTOS/Source/queue.o
                0x08007284                vQueueWaitForMessageRestricted
 .text.xTaskCreateStatic
                0x080072ec       0xc0 ./Middlewares/Third_Party/FreeRTOS/Source/tasks.o
                0x080072ec                xTaskCreateStatic
 .text.xTaskCreate
                0x080073ac       0x8a ./Middlewares/Third_Party/FreeRTOS/Source/tasks.o
                0x080073ac                xTaskCreate
 .text.prvInitialiseNewTask
                0x08007436      0x120 ./Middlewares/Third_Party/FreeRTOS/Source/tasks.o
 *fill*         0x08007556        0x2 
 .text.prvAddNewTaskToReadyList
                0x08007558       0xe0 ./Middlewares/Third_Party/FreeRTOS/Source/tasks.o
 .text.vTaskDelay
                0x08007638       0x6c ./Middlewares/Third_Party/FreeRTOS/Source/tasks.o
                0x08007638                vTaskDelay
 .text.vTaskStartScheduler
                0x080076a4       0xd0 ./Middlewares/Third_Party/FreeRTOS/Source/tasks.o
                0x080076a4                vTaskStartScheduler
 .text.vTaskSuspendAll
                0x08007774       0x1c ./Middlewares/Third_Party/FreeRTOS/Source/tasks.o
                0x08007774                vTaskSuspendAll
 .text.xTaskResumeAll
                0x08007790      0x13c ./Middlewares/Third_Party/FreeRTOS/Source/tasks.o
                0x08007790                xTaskResumeAll
 .text.xTaskGetTickCount
                0x080078cc       0x1c ./Middlewares/Third_Party/FreeRTOS/Source/tasks.o
                0x080078cc                xTaskGetTickCount
 .text.xTaskIncrementTick
                0x080078e8      0x174 ./Middlewares/Third_Party/FreeRTOS/Source/tasks.o
                0x080078e8                xTaskIncrementTick
 .text.vTaskSwitchContext
                0x08007a5c       0xbc ./Middlewares/Third_Party/FreeRTOS/Source/tasks.o
                0x08007a5c                vTaskSwitchContext
 .text.vTaskPlaceOnEventList
                0x08007b18       0x4c ./Middlewares/Third_Party/FreeRTOS/Source/tasks.o
                0x08007b18                vTaskPlaceOnEventList
 .text.vTaskPlaceOnUnorderedEventList
                0x08007b64       0x7c ./Middlewares/Third_Party/FreeRTOS/Source/tasks.o
                0x08007b64                vTaskPlaceOnUnorderedEventList
 .text.vTaskPlaceOnEventListRestricted
                0x08007be0       0x58 ./Middlewares/Third_Party/FreeRTOS/Source/tasks.o
                0x08007be0                vTaskPlaceOnEventListRestricted
 .text.xTaskRemoveFromEventList
                0x08007c38       0xc8 ./Middlewares/Third_Party/FreeRTOS/Source/tasks.o
                0x08007c38                xTaskRemoveFromEventList
 .text.vTaskRemoveFromUnorderedEventList
                0x08007d00       0xc8 ./Middlewares/Third_Party/FreeRTOS/Source/tasks.o
                0x08007d00                vTaskRemoveFromUnorderedEventList
 .text.vTaskInternalSetTimeOutState
                0x08007dc8       0x2c ./Middlewares/Third_Party/FreeRTOS/Source/tasks.o
                0x08007dc8                vTaskInternalSetTimeOutState
 .text.xTaskCheckForTimeOut
                0x08007df4       0xc8 ./Middlewares/Third_Party/FreeRTOS/Source/tasks.o
                0x08007df4                xTaskCheckForTimeOut
 .text.vTaskMissedYield
                0x08007ebc       0x18 ./Middlewares/Third_Party/FreeRTOS/Source/tasks.o
                0x08007ebc                vTaskMissedYield
 .text.prvIdleTask
                0x08007ed4       0x30 ./Middlewares/Third_Party/FreeRTOS/Source/tasks.o
 .text.prvInitialiseTaskLists
                0x08007f04       0x80 ./Middlewares/Third_Party/FreeRTOS/Source/tasks.o
 .text.prvCheckTasksWaitingTermination
                0x08007f84       0x5c ./Middlewares/Third_Party/FreeRTOS/Source/tasks.o
 .text.prvDeleteTCB
                0x08007fe0       0x60 ./Middlewares/Third_Party/FreeRTOS/Source/tasks.o
 .text.prvResetNextTaskUnblockTime
                0x08008040       0x40 ./Middlewares/Third_Party/FreeRTOS/Source/tasks.o
 .text.xTaskGetCurrentTaskHandle
                0x08008080       0x1c ./Middlewares/Third_Party/FreeRTOS/Source/tasks.o
                0x08008080                xTaskGetCurrentTaskHandle
 .text.xTaskGetSchedulerState
                0x0800809c       0x3c ./Middlewares/Third_Party/FreeRTOS/Source/tasks.o
                0x0800809c                xTaskGetSchedulerState
 .text.xTaskPriorityInherit
                0x080080d8       0xd0 ./Middlewares/Third_Party/FreeRTOS/Source/tasks.o
                0x080080d8                xTaskPriorityInherit
 .text.xTaskPriorityDisinherit
                0x080081a8       0xe0 ./Middlewares/Third_Party/FreeRTOS/Source/tasks.o
                0x080081a8                xTaskPriorityDisinherit
 .text.vTaskPriorityDisinheritAfterTimeout
                0x08008288      0x108 ./Middlewares/Third_Party/FreeRTOS/Source/tasks.o
                0x08008288                vTaskPriorityDisinheritAfterTimeout
 .text.uxTaskResetEventItemValue
                0x08008390       0x30 ./Middlewares/Third_Party/FreeRTOS/Source/tasks.o
                0x08008390                uxTaskResetEventItemValue
 .text.pvTaskIncrementMutexHeldCount
                0x080083c0       0x28 ./Middlewares/Third_Party/FreeRTOS/Source/tasks.o
                0x080083c0                pvTaskIncrementMutexHeldCount
 .text.prvAddCurrentTaskToDelayedList
                0x080083e8       0xa8 ./Middlewares/Third_Party/FreeRTOS/Source/tasks.o
 .text.xTimerCreateTimerTask
                0x08008490       0x94 ./Middlewares/Third_Party/FreeRTOS/Source/timers.o
                0x08008490                xTimerCreateTimerTask
 .text.xTimerGenericCommand
                0x08008524       0x9c ./Middlewares/Third_Party/FreeRTOS/Source/timers.o
                0x08008524                xTimerGenericCommand
 .text.prvProcessExpiredTimer
                0x080085c0       0x9c ./Middlewares/Third_Party/FreeRTOS/Source/timers.o
 .text.prvTimerTask
                0x0800865c       0x26 ./Middlewares/Third_Party/FreeRTOS/Source/timers.o
 *fill*         0x08008682        0x2 
 .text.prvProcessTimerOrBlockTask
                0x08008684       0x9c ./Middlewares/Third_Party/FreeRTOS/Source/timers.o
 .text.prvGetNextExpireTime
                0x08008720       0x44 ./Middlewares/Third_Party/FreeRTOS/Source/timers.o
 .text.prvSampleTimeNow
                0x08008764       0x40 ./Middlewares/Third_Party/FreeRTOS/Source/timers.o
 .text.prvInsertTimerInActiveList
                0x080087a4       0x84 ./Middlewares/Third_Party/FreeRTOS/Source/timers.o
 .text.prvProcessReceivedCommands
                0x08008828      0x1cc ./Middlewares/Third_Party/FreeRTOS/Source/timers.o
 .text.prvSwitchTimerLists
                0x080089f4       0xcc ./Middlewares/Third_Party/FreeRTOS/Source/timers.o
 .text.prvCheckForValidListAndQueue
                0x08008ac0       0x80 ./Middlewares/Third_Party/FreeRTOS/Source/timers.o
 .text.xTimerPendFunctionCallFromISR
                0x08008b40       0x40 ./Middlewares/Third_Party/FreeRTOS/Source/timers.o
                0x08008b40                xTimerPendFunctionCallFromISR
 .text.pxPortInitialiseStack
                0x08008b80       0x58 ./Middlewares/Third_Party/FreeRTOS/Source/portable/GCC/ARM_CM3/port.o
                0x08008b80                pxPortInitialiseStack
 .text.prvTaskExitError
                0x08008bd8       0x58 ./Middlewares/Third_Party/FreeRTOS/Source/portable/GCC/ARM_CM3/port.o
 .text.SVC_Handler
                0x08008c30       0x28 ./Middlewares/Third_Party/FreeRTOS/Source/portable/GCC/ARM_CM3/port.o
                0x08008c30                SVC_Handler
 .text.prvPortStartFirstTask
                0x08008c58       0x20 ./Middlewares/Third_Party/FreeRTOS/Source/portable/GCC/ARM_CM3/port.o
 .text.xPortStartScheduler
                0x08008c78       0xe4 ./Middlewares/Third_Party/FreeRTOS/Source/portable/GCC/ARM_CM3/port.o
                0x08008c78                xPortStartScheduler
 .text.vPortEnterCritical
                0x08008d5c       0x60 ./Middlewares/Third_Party/FreeRTOS/Source/portable/GCC/ARM_CM3/port.o
                0x08008d5c                vPortEnterCritical
 .text.vPortExitCritical
                0x08008dbc       0x54 ./Middlewares/Third_Party/FreeRTOS/Source/portable/GCC/ARM_CM3/port.o
                0x08008dbc                vPortExitCritical
 .text.PendSV_Handler
                0x08008e10       0x48 ./Middlewares/Third_Party/FreeRTOS/Source/portable/GCC/ARM_CM3/port.o
                0x08008e10                PendSV_Handler
 .text.xPortSysTickHandler
                0x08008e58       0x44 ./Middlewares/Third_Party/FreeRTOS/Source/portable/GCC/ARM_CM3/port.o
                0x08008e58                xPortSysTickHandler
 .text.vPortSetupTimerInterrupt
                0x08008e9c       0x44 ./Middlewares/Third_Party/FreeRTOS/Source/portable/GCC/ARM_CM3/port.o
                0x08008e9c                vPortSetupTimerInterrupt
 .text.vPortValidateInterruptPriority
                0x08008ee0       0x80 ./Middlewares/Third_Party/FreeRTOS/Source/portable/GCC/ARM_CM3/port.o
                0x08008ee0                vPortValidateInterruptPriority
 .text.pvPortMalloc
                0x08008f60      0x19c ./Middlewares/Third_Party/FreeRTOS/Source/portable/MemMang/heap_4.o
                0x08008f60                pvPortMalloc
 .text.vPortFree
                0x080090fc       0xc8 ./Middlewares/Third_Party/FreeRTOS/Source/portable/MemMang/heap_4.o
                0x080090fc                vPortFree
 .text.prvHeapInit
                0x080091c4       0xc4 ./Middlewares/Third_Party/FreeRTOS/Source/portable/MemMang/heap_4.o
 .text.prvInsertBlockIntoFreeList
                0x08009288       0xb0 ./Middlewares/Third_Party/FreeRTOS/Source/portable/MemMang/heap_4.o
 .text._vsnprintf_r
                0x08009338       0x5c E:/ST/STM32CubeIDE_1.19.0/STM32CubeIDE/plugins/com.st.stm32cube.ide.mcu.externaltools.gnu-tools-for-stm32.13.3.rel1.win32_1.0.0.202411081344/tools/bin/../lib/gcc/arm-none-eabi/13.3.1/../../../../arm-none-eabi/lib/thumb/v7-m/nofp\libc_nano.a(libc_a-vsnprintf.o)
                0x08009338                _vsniprintf_r
                0x08009338                _vsnprintf_r
 .text.vsnprintf
                0x08009394       0x1c E:/ST/STM32CubeIDE_1.19.0/STM32CubeIDE/plugins/com.st.stm32cube.ide.mcu.externaltools.gnu-tools-for-stm32.13.3.rel1.win32_1.0.0.202411081344/tools/bin/../lib/gcc/arm-none-eabi/13.3.1/../../../../arm-none-eabi/lib/thumb/v7-m/nofp\libc_nano.a(libc_a-vsnprintf.o)
                0x08009394                vsniprintf
                0x08009394                vsnprintf
 .text.memcmp   0x080093b0       0x20 E:/ST/STM32CubeIDE_1.19.0/STM32CubeIDE/plugins/com.st.stm32cube.ide.mcu.externaltools.gnu-tools-for-stm32.13.3.rel1.win32_1.0.0.202411081344/tools/bin/../lib/gcc/arm-none-eabi/13.3.1/../../../../arm-none-eabi/lib/thumb/v7-m/nofp\libc_nano.a(libc_a-memcmp.o)
                0x080093b0                memcmp
 .text.memset   0x080093d0       0x10 E:/ST/STM32CubeIDE_1.19.0/STM32CubeIDE/plugins/com.st.stm32cube.ide.mcu.externaltools.gnu-tools-for-stm32.13.3.rel1.win32_1.0.0.202411081344/tools/bin/../lib/gcc/arm-none-eabi/13.3.1/../../../../arm-none-eabi/lib/thumb/v7-m/nofp\libc_nano.a(libc_a-memset.o)
                0x080093d0                memset
 .text.__errno  0x080093e0        0xc E:/ST/STM32CubeIDE_1.19.0/STM32CubeIDE/plugins/com.st.stm32cube.ide.mcu.externaltools.gnu-tools-for-stm32.13.3.rel1.win32_1.0.0.202411081344/tools/bin/../lib/gcc/arm-none-eabi/13.3.1/../../../../arm-none-eabi/lib/thumb/v7-m/nofp\libc_nano.a(libc_a-errno.o)
                0x080093e0                __errno
 .text.__libc_init_array
                0x080093ec       0x48 E:/ST/STM32CubeIDE_1.19.0/STM32CubeIDE/plugins/com.st.stm32cube.ide.mcu.externaltools.gnu-tools-for-stm32.13.3.rel1.win32_1.0.0.202411081344/tools/bin/../lib/gcc/arm-none-eabi/13.3.1/../../../../arm-none-eabi/lib/thumb/v7-m/nofp\libc_nano.a(libc_a-init.o)
                0x080093ec                __libc_init_array
 .text.__retarget_lock_acquire_recursive
                0x08009434        0x2 E:/ST/STM32CubeIDE_1.19.0/STM32CubeIDE/plugins/com.st.stm32cube.ide.mcu.externaltools.gnu-tools-for-stm32.13.3.rel1.win32_1.0.0.202411081344/tools/bin/../lib/gcc/arm-none-eabi/13.3.1/../../../../arm-none-eabi/lib/thumb/v7-m/nofp\libc_nano.a(libc_a-lock.o)
                0x08009434                __retarget_lock_acquire_recursive
 .text.__retarget_lock_release_recursive
                0x08009436        0x2 E:/ST/STM32CubeIDE_1.19.0/STM32CubeIDE/plugins/com.st.stm32cube.ide.mcu.externaltools.gnu-tools-for-stm32.13.3.rel1.win32_1.0.0.202411081344/tools/bin/../lib/gcc/arm-none-eabi/13.3.1/../../../../arm-none-eabi/lib/thumb/v7-m/nofp\libc_nano.a(libc_a-lock.o)
                0x08009436                __retarget_lock_release_recursive
 .text.memcpy   0x08009438       0x1c E:/ST/STM32CubeIDE_1.19.0/STM32CubeIDE/plugins/com.st.stm32cube.ide.mcu.externaltools.gnu-tools-for-stm32.13.3.rel1.win32_1.0.0.202411081344/tools/bin/../lib/gcc/arm-none-eabi/13.3.1/../../../../arm-none-eabi/lib/thumb/v7-m/nofp\libc_nano.a(libc_a-memcpy-stub.o)
                0x08009438                memcpy
 .text._free_r  0x08009454       0x90 E:/ST/STM32CubeIDE_1.19.0/STM32CubeIDE/plugins/com.st.stm32cube.ide.mcu.externaltools.gnu-tools-for-stm32.13.3.rel1.win32_1.0.0.202411081344/tools/bin/../lib/gcc/arm-none-eabi/13.3.1/../../../../arm-none-eabi/lib/thumb/v7-m/nofp\libc_nano.a(libc_a-freer.o)
                0x08009454                _free_r
 .text.sbrk_aligned
                0x080094e4       0x44 E:/ST/STM32CubeIDE_1.19.0/STM32CubeIDE/plugins/com.st.stm32cube.ide.mcu.externaltools.gnu-tools-for-stm32.13.3.rel1.win32_1.0.0.202411081344/tools/bin/../lib/gcc/arm-none-eabi/13.3.1/../../../../arm-none-eabi/lib/thumb/v7-m/nofp\libc_nano.a(libc_a-mallocr.o)
 .text._malloc_r
                0x08009528      0x100 E:/ST/STM32CubeIDE_1.19.0/STM32CubeIDE/plugins/com.st.stm32cube.ide.mcu.externaltools.gnu-tools-for-stm32.13.3.rel1.win32_1.0.0.202411081344/tools/bin/../lib/gcc/arm-none-eabi/13.3.1/../../../../arm-none-eabi/lib/thumb/v7-m/nofp\libc_nano.a(libc_a-mallocr.o)
                0x08009528                _malloc_r
 .text.__malloc_lock
                0x08009628        0xc E:/ST/STM32CubeIDE_1.19.0/STM32CubeIDE/plugins/com.st.stm32cube.ide.mcu.externaltools.gnu-tools-for-stm32.13.3.rel1.win32_1.0.0.202411081344/tools/bin/../lib/gcc/arm-none-eabi/13.3.1/../../../../arm-none-eabi/lib/thumb/v7-m/nofp\libc_nano.a(libc_a-mlock.o)
                0x08009628                __malloc_lock
 .text.__malloc_unlock
                0x08009634        0xc E:/ST/STM32CubeIDE_1.19.0/STM32CubeIDE/plugins/com.st.stm32cube.ide.mcu.externaltools.gnu-tools-for-stm32.13.3.rel1.win32_1.0.0.202411081344/tools/bin/../lib/gcc/arm-none-eabi/13.3.1/../../../../arm-none-eabi/lib/thumb/v7-m/nofp\libc_nano.a(libc_a-mlock.o)
                0x08009634                __malloc_unlock
 .text.__ssputs_r
                0x08009640       0xb6 E:/ST/STM32CubeIDE_1.19.0/STM32CubeIDE/plugins/com.st.stm32cube.ide.mcu.externaltools.gnu-tools-for-stm32.13.3.rel1.win32_1.0.0.202411081344/tools/bin/../lib/gcc/arm-none-eabi/13.3.1/../../../../arm-none-eabi/lib/thumb/v7-m/nofp\libc_nano.a(libc_a-nano-svfprintf.o)
                0x08009640                __ssputs_r
 *fill*         0x080096f6        0x2 
 .text._svfprintf_r
                0x080096f8      0x1f8 E:/ST/STM32CubeIDE_1.19.0/STM32CubeIDE/plugins/com.st.stm32cube.ide.mcu.externaltools.gnu-tools-for-stm32.13.3.rel1.win32_1.0.0.202411081344/tools/bin/../lib/gcc/arm-none-eabi/13.3.1/../../../../arm-none-eabi/lib/thumb/v7-m/nofp\libc_nano.a(libc_a-nano-svfprintf.o)
                0x080096f8                _svfiprintf_r
                0x080096f8                _svfprintf_r
 .text._printf_common
                0x080098f0       0xe4 E:/ST/STM32CubeIDE_1.19.0/STM32CubeIDE/plugins/com.st.stm32cube.ide.mcu.externaltools.gnu-tools-for-stm32.13.3.rel1.win32_1.0.0.202411081344/tools/bin/../lib/gcc/arm-none-eabi/13.3.1/../../../../arm-none-eabi/lib/thumb/v7-m/nofp\libc_nano.a(libc_a-nano-vfprintf_i.o)
                0x080098f0                _printf_common
 .text._printf_i
                0x080099d4      0x23c E:/ST/STM32CubeIDE_1.19.0/STM32CubeIDE/plugins/com.st.stm32cube.ide.mcu.externaltools.gnu-tools-for-stm32.13.3.rel1.win32_1.0.0.202411081344/tools/bin/../lib/gcc/arm-none-eabi/13.3.1/../../../../arm-none-eabi/lib/thumb/v7-m/nofp\libc_nano.a(libc_a-nano-vfprintf_i.o)
                0x080099d4                _printf_i
 .text.memmove  0x08009c10       0x34 E:/ST/STM32CubeIDE_1.19.0/STM32CubeIDE/plugins/com.st.stm32cube.ide.mcu.externaltools.gnu-tools-for-stm32.13.3.rel1.win32_1.0.0.202411081344/tools/bin/../lib/gcc/arm-none-eabi/13.3.1/../../../../arm-none-eabi/lib/thumb/v7-m/nofp\libc_nano.a(libc_a-memmove.o)
                0x08009c10                memmove
 .text._sbrk_r  0x08009c44       0x20 E:/ST/STM32CubeIDE_1.19.0/STM32CubeIDE/plugins/com.st.stm32cube.ide.mcu.externaltools.gnu-tools-for-stm32.13.3.rel1.win32_1.0.0.202411081344/tools/bin/../lib/gcc/arm-none-eabi/13.3.1/../../../../arm-none-eabi/lib/thumb/v7-m/nofp\libc_nano.a(libc_a-sbrkr.o)
                0x08009c44                _sbrk_r
 .text.memchr   0x08009c64       0x1c E:/ST/STM32CubeIDE_1.19.0/STM32CubeIDE/plugins/com.st.stm32cube.ide.mcu.externaltools.gnu-tools-for-stm32.13.3.rel1.win32_1.0.0.202411081344/tools/bin/../lib/gcc/arm-none-eabi/13.3.1/../../../../arm-none-eabi/lib/thumb/v7-m/nofp\libc_nano.a(libc_a-memchr-stub.o)
                0x08009c64                memchr
 .text._realloc_r
                0x08009c80       0x5c E:/ST/STM32CubeIDE_1.19.0/STM32CubeIDE/plugins/com.st.stm32cube.ide.mcu.externaltools.gnu-tools-for-stm32.13.3.rel1.win32_1.0.0.202411081344/tools/bin/../lib/gcc/arm-none-eabi/13.3.1/../../../../arm-none-eabi/lib/thumb/v7-m/nofp\libc_nano.a(libc_a-reallocr.o)
                0x08009c80                _realloc_r
 .text._malloc_usable_size_r
                0x08009cdc       0x10 E:/ST/STM32CubeIDE_1.19.0/STM32CubeIDE/plugins/com.st.stm32cube.ide.mcu.externaltools.gnu-tools-for-stm32.13.3.rel1.win32_1.0.0.202411081344/tools/bin/../lib/gcc/arm-none-eabi/13.3.1/../../../../arm-none-eabi/lib/thumb/v7-m/nofp\libc_nano.a(libc_a-msizer.o)
                0x08009cdc                _malloc_usable_size_r
 *(.glue_7)
 .glue_7        0x08009cec        0x0 linker stubs
 *(.glue_7t)
 .glue_7t       0x08009cec        0x0 linker stubs
 *(.eh_frame)
 .eh_frame      0x08009cec        0x0 E:/ST/STM32CubeIDE_1.19.0/STM32CubeIDE/plugins/com.st.stm32cube.ide.mcu.externaltools.gnu-tools-for-stm32.13.3.rel1.win32_1.0.0.202411081344/tools/bin/../lib/gcc/arm-none-eabi/13.3.1/thumb/v7-m/nofp/crtbegin.o
 *(.init)
 .init          0x08009cec        0x4 E:/ST/STM32CubeIDE_1.19.0/STM32CubeIDE/plugins/com.st.stm32cube.ide.mcu.externaltools.gnu-tools-for-stm32.13.3.rel1.win32_1.0.0.202411081344/tools/bin/../lib/gcc/arm-none-eabi/13.3.1/thumb/v7-m/nofp/crti.o
                0x08009cec                _init
 .init          0x08009cf0        0x8 E:/ST/STM32CubeIDE_1.19.0/STM32CubeIDE/plugins/com.st.stm32cube.ide.mcu.externaltools.gnu-tools-for-stm32.13.3.rel1.win32_1.0.0.202411081344/tools/bin/../lib/gcc/arm-none-eabi/13.3.1/thumb/v7-m/nofp/crtn.o
 *(.fini)
 .fini          0x08009cf8        0x4 E:/ST/STM32CubeIDE_1.19.0/STM32CubeIDE/plugins/com.st.stm32cube.ide.mcu.externaltools.gnu-tools-for-stm32.13.3.rel1.win32_1.0.0.202411081344/tools/bin/../lib/gcc/arm-none-eabi/13.3.1/thumb/v7-m/nofp/crti.o
                0x08009cf8                _fini
 .fini          0x08009cfc        0x8 E:/ST/STM32CubeIDE_1.19.0/STM32CubeIDE/plugins/com.st.stm32cube.ide.mcu.externaltools.gnu-tools-for-stm32.13.3.rel1.win32_1.0.0.202411081344/tools/bin/../lib/gcc/arm-none-eabi/13.3.1/thumb/v7-m/nofp/crtn.o
                0x08009d04                        . = ALIGN (0x4)
                0x08009d04                        _etext = .

.vfp11_veneer   0x08009d04        0x0
 .vfp11_veneer  0x08009d04        0x0 linker stubs

.v4_bx          0x08009d04        0x0
 .v4_bx         0x08009d04        0x0 linker stubs

.iplt           0x08009d04        0x0
 .iplt          0x08009d04        0x0 E:/ST/STM32CubeIDE_1.19.0/STM32CubeIDE/plugins/com.st.stm32cube.ide.mcu.externaltools.gnu-tools-for-stm32.13.3.rel1.win32_1.0.0.202411081344/tools/bin/../lib/gcc/arm-none-eabi/13.3.1/thumb/v7-m/nofp/crtbegin.o

.rodata         0x08009d04      0x5b8
                0x08009d04                        . = ALIGN (0x4)
 *(.rodata)
 .rodata        0x08009d04      0x277 ./Core/Src/main.o
 *fill*         0x08009f7b        0x1 
 .rodata        0x08009f7c        0x5 ./Middlewares/Third_Party/FreeRTOS/Source/tasks.o
 *fill*         0x08009f81        0x3 
 .rodata        0x08009f84        0xd ./Middlewares/Third_Party/FreeRTOS/Source/timers.o
 *(.rodata*)
 *fill*         0x08009f91        0x3 
 .rodata.defaultTask_attributes
                0x08009f94       0x24 ./Core/Src/main.o
                0x08009f94                defaultTask_attributes
 .rodata.modbusTask_attributes
                0x08009fb8       0x24 ./Core/Src/main.o
                0x08009fb8                modbusTask_attributes
 .rodata.sensorTask_attributes
                0x08009fdc       0x24 ./Core/Src/main.o
                0x08009fdc                sensorTask_attributes
 .rodata.nfcTask_attributes
                0x0800a000       0x24 ./Core/Src/main.o
                0x0800a000                nfcTask_attributes
 .rodata.dataMutex_attributes
                0x0800a024       0x10 ./Core/Src/main.o
                0x0800a024                dataMutex_attributes
 .rodata.sensorReadySem_attributes
                0x0800a034       0x10 ./Core/Src/main.o
                0x0800a034                sensorReadySem_attributes
 .rodata.systemEvents_attributes
                0x0800a044       0x10 ./Core/Src/main.o
                0x0800a044                systemEvents_attributes
 .rodata.crc_table
                0x0800a054      0x200 ./Core/Src/modbus_slave.o
 .rodata.pn532_ack
                0x0800a254        0x6 ./Core/Src/pn532.o
 *fill*         0x0800a25a        0x2 
 .rodata.AHBPrescTable
                0x0800a25c       0x10 ./Core/Src/system_stm32f1xx.o
                0x0800a25c                AHBPrescTable
 .rodata.APBPrescTable
                0x0800a26c        0x8 ./Core/Src/system_stm32f1xx.o
                0x0800a26c                APBPrescTable
 .rodata.aPLLMULFactorTable.1
                0x0800a274       0x10 ./Drivers/STM32F1xx_HAL_Driver/Src/stm32f1xx_hal_rcc.o
 .rodata.aPredivFactorTable.0
                0x0800a284        0x2 ./Drivers/STM32F1xx_HAL_Driver/Src/stm32f1xx_hal_rcc.o
 .rodata._svfprintf_r.str1.1
                0x0800a286       0x33 E:/ST/STM32CubeIDE_1.19.0/STM32CubeIDE/plugins/com.st.stm32cube.ide.mcu.externaltools.gnu-tools-for-stm32.13.3.rel1.win32_1.0.0.202411081344/tools/bin/../lib/gcc/arm-none-eabi/13.3.1/../../../../arm-none-eabi/lib/thumb/v7-m/nofp\libc_nano.a(libc_a-nano-svfprintf.o)
                                 0x11 (size before relaxing)
 .rodata._printf_i.str1.1
                0x0800a2b9       0x22 E:/ST/STM32CubeIDE_1.19.0/STM32CubeIDE/plugins/com.st.stm32cube.ide.mcu.externaltools.gnu-tools-for-stm32.13.3.rel1.win32_1.0.0.202411081344/tools/bin/../lib/gcc/arm-none-eabi/13.3.1/../../../../arm-none-eabi/lib/thumb/v7-m/nofp\libc_nano.a(libc_a-nano-vfprintf_i.o)
                0x0800a2dc                        . = ALIGN (0x4)
 *fill*         0x0800a2b9        0x3 

.ARM.extab      0x0800a2bc        0x0
                0x0800a2bc                        . = ALIGN (0x4)
 *(.ARM.extab* .gnu.linkonce.armextab.*)
                0x0800a2bc                        . = ALIGN (0x4)

.ARM            0x0800a2bc        0x8
                0x0800a2bc                        . = ALIGN (0x4)
                0x0800a2bc                        __exidx_start = .
 *(.ARM.exidx*)
 .ARM.exidx     0x0800a2bc        0x8 E:/ST/STM32CubeIDE_1.19.0/STM32CubeIDE/plugins/com.st.stm32cube.ide.mcu.externaltools.gnu-tools-for-stm32.13.3.rel1.win32_1.0.0.202411081344/tools/bin/../lib/gcc/arm-none-eabi/13.3.1/../../../../arm-none-eabi/lib/thumb/v7-m/nofp\libc_nano.a(libc_a-strlen.o)
                0x0800a2c4                        __exidx_end = .
                0x0800a2c4                        . = ALIGN (0x4)

.preinit_array  0x0800a2c4        0x0
                0x0800a2c4                        . = ALIGN (0x4)
                0x0800a2c4                        PROVIDE (__preinit_array_start = .)
 *(.preinit_array*)
                0x0800a2c4                        PROVIDE (__preinit_array_end = .)
                0x0800a2c4                        . = ALIGN (0x4)

.init_array     0x0800a2c4        0x4
                0x0800a2c4                        . = ALIGN (0x4)
                0x0800a2c4                        PROVIDE (__init_array_start = .)
 *(SORT_BY_NAME(.init_array.*))
 *(.init_array*)
 .init_array    0x0800a2c4        0x4 E:/ST/STM32CubeIDE_1.19.0/STM32CubeIDE/plugins/com.st.stm32cube.ide.mcu.externaltools.gnu-tools-for-stm32.13.3.rel1.win32_1.0.0.202411081344/tools/bin/../lib/gcc/arm-none-eabi/13.3.1/thumb/v7-m/nofp/crtbegin.o
                0x0800a2c8                        PROVIDE (__init_array_end = .)
                0x0800a2c8                        . = ALIGN (0x4)

.fini_array     0x0800a2c8        0x4
                0x0800a2c8                        . = ALIGN (0x4)
                [!provide]                        PROVIDE (__fini_array_start = .)
 *(SORT_BY_NAME(.fini_array.*))
 *(.fini_array*)
 .fini_array    0x0800a2c8        0x4 E:/ST/STM32CubeIDE_1.19.0/STM32CubeIDE/plugins/com.st.stm32cube.ide.mcu.externaltools.gnu-tools-for-stm32.13.3.rel1.win32_1.0.0.202411081344/tools/bin/../lib/gcc/arm-none-eabi/13.3.1/thumb/v7-m/nofp/crtbegin.o
                [!provide]                        PROVIDE (__fini_array_end = .)
                0x0800a2cc                        . = ALIGN (0x4)
                0x0800a2cc                        _sidata = LOADADDR (.data)

.rel.dyn        0x0800a2cc        0x0
 .rel.iplt      0x0800a2cc        0x0 E:/ST/STM32CubeIDE_1.19.0/STM32CubeIDE/plugins/com.st.stm32cube.ide.mcu.externaltools.gnu-tools-for-stm32.13.3.rel1.win32_1.0.0.202411081344/tools/bin/../lib/gcc/arm-none-eabi/13.3.1/thumb/v7-m/nofp/crtbegin.o

.data           0x20000000       0x60 load address 0x0800a2cc
                0x20000000                        . = ALIGN (0x4)
                0x20000000                        _sdata = .
 *(.data)
 *(.data*)
 .data.SystemCoreClock
                0x20000000        0x4 ./Core/Src/system_stm32f1xx.o
                0x20000000                SystemCoreClock
 .data.uwTickPrio
                0x20000004        0x4 ./Drivers/STM32F1xx_HAL_Driver/Src/stm32f1xx_hal.o
                0x20000004                uwTickPrio
 .data.uwTickFreq
                0x20000008        0x1 ./Drivers/STM32F1xx_HAL_Driver/Src/stm32f1xx_hal.o
                0x20000008                uwTickFreq
 *fill*         0x20000009        0x3 
 .data.uxCriticalNesting
                0x2000000c        0x4 ./Middlewares/Third_Party/FreeRTOS/Source/portable/GCC/ARM_CM3/port.o
 .data._impure_ptr
                0x20000010        0x4 E:/ST/STM32CubeIDE_1.19.0/STM32CubeIDE/plugins/com.st.stm32cube.ide.mcu.externaltools.gnu-tools-for-stm32.13.3.rel1.win32_1.0.0.202411081344/tools/bin/../lib/gcc/arm-none-eabi/13.3.1/../../../../arm-none-eabi/lib/thumb/v7-m/nofp\libc_nano.a(libc_a-impure.o)
                0x20000010                _impure_ptr
 .data._impure_data
                0x20000014       0x4c E:/ST/STM32CubeIDE_1.19.0/STM32CubeIDE/plugins/com.st.stm32cube.ide.mcu.externaltools.gnu-tools-for-stm32.13.3.rel1.win32_1.0.0.202411081344/tools/bin/../lib/gcc/arm-none-eabi/13.3.1/../../../../arm-none-eabi/lib/thumb/v7-m/nofp\libc_nano.a(libc_a-impure.o)
                0x20000014                _impure_data
 *(.RamFunc)
 *(.RamFunc*)
                0x20000060                        . = ALIGN (0x4)
                0x20000060                        _edata = .

.igot.plt       0x20000060        0x0 load address 0x0800a32c
 .igot.plt      0x20000060        0x0 E:/ST/STM32CubeIDE_1.19.0/STM32CubeIDE/plugins/com.st.stm32cube.ide.mcu.externaltools.gnu-tools-for-stm32.13.3.rel1.win32_1.0.0.202411081344/tools/bin/../lib/gcc/arm-none-eabi/13.3.1/thumb/v7-m/nofp/crtbegin.o
                0x20000060                        . = ALIGN (0x4)

.bss            0x20000060     0x2edc load address 0x0800a32c
                0x20000060                        _sbss = .
                0x20000060                        __bss_start__ = _sbss
 *(.bss)
 .bss           0x20000060       0x1c E:/ST/STM32CubeIDE_1.19.0/STM32CubeIDE/plugins/com.st.stm32cube.ide.mcu.externaltools.gnu-tools-for-stm32.13.3.rel1.win32_1.0.0.202411081344/tools/bin/../lib/gcc/arm-none-eabi/13.3.1/thumb/v7-m/nofp/crtbegin.o
 *(.bss*)
 .bss.hi2c1     0x2000007c       0x54 ./Core/Src/main.o
                0x2000007c                hi2c1
 .bss.huart1    0x200000d0       0x48 ./Core/Src/main.o
                0x200000d0                huart1
 .bss.huart2    0x20000118       0x48 ./Core/Src/main.o
                0x20000118                huart2
 .bss.defaultTaskHandle
                0x20000160        0x4 ./Core/Src/main.o
                0x20000160                defaultTaskHandle
 .bss.modbusTaskHandle
                0x20000164        0x4 ./Core/Src/main.o
                0x20000164                modbusTaskHandle
 .bss.sensorTaskHandle
                0x20000168        0x4 ./Core/Src/main.o
                0x20000168                sensorTaskHandle
 .bss.nfcTaskHandle
                0x2000016c        0x4 ./Core/Src/main.o
                0x2000016c                nfcTaskHandle
 .bss.hpn532    0x20000170       0x24 ./Core/Src/main.o
                0x20000170                hpn532
 .bss.hbno055   0x20000194       0x48 ./Core/Src/main.o
                0x20000194                hbno055
 .bss.hmodbus   0x200001dc     0x1230 ./Core/Src/main.o
                0x200001dc                hmodbus
 .bss.system_status
                0x2000140c        0x1 ./Core/Src/main.o
                0x2000140c                system_status
 .bss.system_error
                0x2000140d        0x1 ./Core/Src/main.o
                0x2000140d                system_error
 .bss.sensors_initialized
                0x2000140e        0x1 ./Core/Src/main.o
                0x2000140e                sensors_initialized
 *fill*         0x2000140f        0x1 
 .bss.debug_buffer
                0x20001410       0x80 ./Core/Src/main.o
                0x20001410                debug_buffer
 .bss.dataMutexHandle
                0x20001490        0x4 ./Core/Src/main.o
                0x20001490                dataMutexHandle
 .bss.sensorReadySemHandle
                0x20001494        0x4 ./Core/Src/main.o
                0x20001494                sensorReadySemHandle
 .bss.systemEventsHandle
                0x20001498        0x4 ./Core/Src/main.o
                0x20001498                systemEventsHandle
 .bss.__sbrk_heap_end
                0x2000149c        0x4 ./Core/Src/sysmem.o
 .bss.uwTick    0x200014a0        0x4 ./Drivers/STM32F1xx_HAL_Driver/Src/stm32f1xx_hal.o
                0x200014a0                uwTick
 .bss.KernelState
                0x200014a4        0x4 ./Middlewares/Third_Party/FreeRTOS/Source/CMSIS_RTOS_V2/cmsis_os2.o
 .bss.Idle_TCB.3
                0x200014a8       0x5c ./Middlewares/Third_Party/FreeRTOS/Source/CMSIS_RTOS_V2/cmsis_os2.o
 .bss.Idle_Stack.2
                0x20001504      0x200 ./Middlewares/Third_Party/FreeRTOS/Source/CMSIS_RTOS_V2/cmsis_os2.o
 .bss.Timer_TCB.1
                0x20001704       0x5c ./Middlewares/Third_Party/FreeRTOS/Source/CMSIS_RTOS_V2/cmsis_os2.o
 .bss.Timer_Stack.0
                0x20001760      0x400 ./Middlewares/Third_Party/FreeRTOS/Source/CMSIS_RTOS_V2/cmsis_os2.o
 .bss.xQueueRegistry
                0x20001b60       0x40 ./Middlewares/Third_Party/FreeRTOS/Source/queue.o
                0x20001b60                xQueueRegistry
 .bss.pxCurrentTCB
                0x20001ba0        0x4 ./Middlewares/Third_Party/FreeRTOS/Source/tasks.o
                0x20001ba0                pxCurrentTCB
 .bss.pxReadyTasksLists
                0x20001ba4      0x460 ./Middlewares/Third_Party/FreeRTOS/Source/tasks.o
 .bss.xDelayedTaskList1
                0x20002004       0x14 ./Middlewares/Third_Party/FreeRTOS/Source/tasks.o
 .bss.xDelayedTaskList2
                0x20002018       0x14 ./Middlewares/Third_Party/FreeRTOS/Source/tasks.o
 .bss.pxDelayedTaskList
                0x2000202c        0x4 ./Middlewares/Third_Party/FreeRTOS/Source/tasks.o
 .bss.pxOverflowDelayedTaskList
                0x20002030        0x4 ./Middlewares/Third_Party/FreeRTOS/Source/tasks.o
 .bss.xPendingReadyList
                0x20002034       0x14 ./Middlewares/Third_Party/FreeRTOS/Source/tasks.o
 .bss.xTasksWaitingTermination
                0x20002048       0x14 ./Middlewares/Third_Party/FreeRTOS/Source/tasks.o
 .bss.uxDeletedTasksWaitingCleanUp
                0x2000205c        0x4 ./Middlewares/Third_Party/FreeRTOS/Source/tasks.o
 .bss.xSuspendedTaskList
                0x20002060       0x14 ./Middlewares/Third_Party/FreeRTOS/Source/tasks.o
 .bss.uxCurrentNumberOfTasks
                0x20002074        0x4 ./Middlewares/Third_Party/FreeRTOS/Source/tasks.o
 .bss.xTickCount
                0x20002078        0x4 ./Middlewares/Third_Party/FreeRTOS/Source/tasks.o
 .bss.uxTopReadyPriority
                0x2000207c        0x4 ./Middlewares/Third_Party/FreeRTOS/Source/tasks.o
 .bss.xSchedulerRunning
                0x20002080        0x4 ./Middlewares/Third_Party/FreeRTOS/Source/tasks.o
 .bss.xPendedTicks
                0x20002084        0x4 ./Middlewares/Third_Party/FreeRTOS/Source/tasks.o
 .bss.xYieldPending
                0x20002088        0x4 ./Middlewares/Third_Party/FreeRTOS/Source/tasks.o
 .bss.xNumOfOverflows
                0x2000208c        0x4 ./Middlewares/Third_Party/FreeRTOS/Source/tasks.o
 .bss.uxTaskNumber
                0x20002090        0x4 ./Middlewares/Third_Party/FreeRTOS/Source/tasks.o
 .bss.xNextTaskUnblockTime
                0x20002094        0x4 ./Middlewares/Third_Party/FreeRTOS/Source/tasks.o
 .bss.xIdleTaskHandle
                0x20002098        0x4 ./Middlewares/Third_Party/FreeRTOS/Source/tasks.o
 .bss.uxSchedulerSuspended
                0x2000209c        0x4 ./Middlewares/Third_Party/FreeRTOS/Source/tasks.o
 .bss.xActiveTimerList1
                0x200020a0       0x14 ./Middlewares/Third_Party/FreeRTOS/Source/timers.o
 .bss.xActiveTimerList2
                0x200020b4       0x14 ./Middlewares/Third_Party/FreeRTOS/Source/timers.o
 .bss.pxCurrentTimerList
                0x200020c8        0x4 ./Middlewares/Third_Party/FreeRTOS/Source/timers.o
 .bss.pxOverflowTimerList
                0x200020cc        0x4 ./Middlewares/Third_Party/FreeRTOS/Source/timers.o
 .bss.xTimerQueue
                0x200020d0        0x4 ./Middlewares/Third_Party/FreeRTOS/Source/timers.o
 .bss.xTimerTaskHandle
                0x200020d4        0x4 ./Middlewares/Third_Party/FreeRTOS/Source/timers.o
 .bss.xLastTime.2
                0x200020d8        0x4 ./Middlewares/Third_Party/FreeRTOS/Source/timers.o
 .bss.ucStaticTimerQueueStorage.1
                0x200020dc       0xa0 ./Middlewares/Third_Party/FreeRTOS/Source/timers.o
 .bss.xStaticTimerQueue.0
                0x2000217c       0x50 ./Middlewares/Third_Party/FreeRTOS/Source/timers.o
 .bss.ucMaxSysCallPriority
                0x200021cc        0x1 ./Middlewares/Third_Party/FreeRTOS/Source/portable/GCC/ARM_CM3/port.o
 *fill*         0x200021cd        0x3 
 .bss.ulMaxPRIGROUPValue
                0x200021d0        0x4 ./Middlewares/Third_Party/FreeRTOS/Source/portable/GCC/ARM_CM3/port.o
 .bss.ucHeap    0x200021d4      0xc00 ./Middlewares/Third_Party/FreeRTOS/Source/portable/MemMang/heap_4.o
 .bss.xStart    0x20002dd4        0x8 ./Middlewares/Third_Party/FreeRTOS/Source/portable/MemMang/heap_4.o
 .bss.pxEnd     0x20002ddc        0x4 ./Middlewares/Third_Party/FreeRTOS/Source/portable/MemMang/heap_4.o
 .bss.xFreeBytesRemaining
                0x20002de0        0x4 ./Middlewares/Third_Party/FreeRTOS/Source/portable/MemMang/heap_4.o
 .bss.xMinimumEverFreeBytesRemaining
                0x20002de4        0x4 ./Middlewares/Third_Party/FreeRTOS/Source/portable/MemMang/heap_4.o
 .bss.xNumberOfSuccessfulAllocations
                0x20002de8        0x4 ./Middlewares/Third_Party/FreeRTOS/Source/portable/MemMang/heap_4.o
 .bss.xNumberOfSuccessfulFrees
                0x20002dec        0x4 ./Middlewares/Third_Party/FreeRTOS/Source/portable/MemMang/heap_4.o
 .bss.xBlockAllocatedBit
                0x20002df0        0x4 ./Middlewares/Third_Party/FreeRTOS/Source/portable/MemMang/heap_4.o
 .bss.__sf      0x20002df4      0x138 E:/ST/STM32CubeIDE_1.19.0/STM32CubeIDE/plugins/com.st.stm32cube.ide.mcu.externaltools.gnu-tools-for-stm32.13.3.rel1.win32_1.0.0.202411081344/tools/bin/../lib/gcc/arm-none-eabi/13.3.1/../../../../arm-none-eabi/lib/thumb/v7-m/nofp\libc_nano.a(libc_a-findfp.o)
                0x20002df4                __sf
 .bss.errno     0x20002f2c        0x4 E:/ST/STM32CubeIDE_1.19.0/STM32CubeIDE/plugins/com.st.stm32cube.ide.mcu.externaltools.gnu-tools-for-stm32.13.3.rel1.win32_1.0.0.202411081344/tools/bin/../lib/gcc/arm-none-eabi/13.3.1/../../../../arm-none-eabi/lib/thumb/v7-m/nofp\libc_nano.a(libc_a-reent.o)
                0x20002f2c                errno
 .bss.__lock___malloc_recursive_mutex
                0x20002f30        0x1 E:/ST/STM32CubeIDE_1.19.0/STM32CubeIDE/plugins/com.st.stm32cube.ide.mcu.externaltools.gnu-tools-for-stm32.13.3.rel1.win32_1.0.0.202411081344/tools/bin/../lib/gcc/arm-none-eabi/13.3.1/../../../../arm-none-eabi/lib/thumb/v7-m/nofp\libc_nano.a(libc_a-lock.o)
                0x20002f30                __lock___malloc_recursive_mutex
 *fill*         0x20002f31        0x3 
 .bss.__malloc_sbrk_start
                0x20002f34        0x4 E:/ST/STM32CubeIDE_1.19.0/STM32CubeIDE/plugins/com.st.stm32cube.ide.mcu.externaltools.gnu-tools-for-stm32.13.3.rel1.win32_1.0.0.202411081344/tools/bin/../lib/gcc/arm-none-eabi/13.3.1/../../../../arm-none-eabi/lib/thumb/v7-m/nofp\libc_nano.a(libc_a-mallocr.o)
                0x20002f34                __malloc_sbrk_start
 .bss.__malloc_free_list
                0x20002f38        0x4 E:/ST/STM32CubeIDE_1.19.0/STM32CubeIDE/plugins/com.st.stm32cube.ide.mcu.externaltools.gnu-tools-for-stm32.13.3.rel1.win32_1.0.0.202411081344/tools/bin/../lib/gcc/arm-none-eabi/13.3.1/../../../../arm-none-eabi/lib/thumb/v7-m/nofp\libc_nano.a(libc_a-mallocr.o)
                0x20002f38                __malloc_free_list
 *(COMMON)
                0x20002f3c                        . = ALIGN (0x4)
                0x20002f3c                        _ebss = .
                0x20002f3c                        __bss_end__ = _ebss

._user_heap_stack
                0x20002f3c      0x604 load address 0x0800a32c
                0x20002f40                        . = ALIGN (0x8)
 *fill*         0x20002f3c        0x4 
                [!provide]                        PROVIDE (end = .)
                0x20002f40                        PROVIDE (_end = .)
                0x20003140                        . = (. + _Min_Heap_Size)
 *fill*         0x20002f40      0x200 
                0x20003540                        . = (. + _Min_Stack_Size)
 *fill*         0x20003140      0x400 
                0x20003540                        . = ALIGN (0x8)

/DISCARD/
 libc.a(*)
 libm.a(*)
 libgcc.a(*)

.ARM.attributes
                0x00000000       0x29
 *(.ARM.attributes)
 .ARM.attributes
                0x00000000       0x1d E:/ST/STM32CubeIDE_1.19.0/STM32CubeIDE/plugins/com.st.stm32cube.ide.mcu.externaltools.gnu-tools-for-stm32.13.3.rel1.win32_1.0.0.202411081344/tools/bin/../lib/gcc/arm-none-eabi/13.3.1/thumb/v7-m/nofp/crti.o
 .ARM.attributes
                0x0000001d       0x2d E:/ST/STM32CubeIDE_1.19.0/STM32CubeIDE/plugins/com.st.stm32cube.ide.mcu.externaltools.gnu-tools-for-stm32.13.3.rel1.win32_1.0.0.202411081344/tools/bin/../lib/gcc/arm-none-eabi/13.3.1/thumb/v7-m/nofp/crtbegin.o
 .ARM.attributes
                0x0000004a       0x2d ./Core/Src/bno055.o
 .ARM.attributes
                0x00000077       0x2d ./Core/Src/main.o
 .ARM.attributes
                0x000000a4       0x2d ./Core/Src/modbus_slave.o
 .ARM.attributes
                0x000000d1       0x2d ./Core/Src/pn532.o
 .ARM.attributes
                0x000000fe       0x2d ./Core/Src/stm32f1xx_hal_msp.o
 .ARM.attributes
                0x0000012b       0x2d ./Core/Src/stm32f1xx_it.o
 .ARM.attributes
                0x00000158       0x2d ./Core/Src/sysmem.o
 .ARM.attributes
                0x00000185       0x2d ./Core/Src/system_stm32f1xx.o
 .ARM.attributes
                0x000001b2       0x21 ./Core/Startup/startup_stm32f103c8tx.o
 .ARM.attributes
                0x000001d3       0x2d ./Drivers/STM32F1xx_HAL_Driver/Src/stm32f1xx_hal.o
 .ARM.attributes
                0x00000200       0x2d ./Drivers/STM32F1xx_HAL_Driver/Src/stm32f1xx_hal_cortex.o
 .ARM.attributes
                0x0000022d       0x2d ./Drivers/STM32F1xx_HAL_Driver/Src/stm32f1xx_hal_gpio.o
 .ARM.attributes
                0x0000025a       0x2d ./Drivers/STM32F1xx_HAL_Driver/Src/stm32f1xx_hal_i2c.o
 .ARM.attributes
                0x00000287       0x2d ./Drivers/STM32F1xx_HAL_Driver/Src/stm32f1xx_hal_rcc.o
 .ARM.attributes
                0x000002b4       0x2d ./Drivers/STM32F1xx_HAL_Driver/Src/stm32f1xx_hal_uart.o
 .ARM.attributes
                0x000002e1       0x2d ./Middlewares/Third_Party/FreeRTOS/Source/CMSIS_RTOS_V2/cmsis_os2.o
 .ARM.attributes
                0x0000030e       0x2d ./Middlewares/Third_Party/FreeRTOS/Source/event_groups.o
 .ARM.attributes
                0x0000033b       0x2d ./Middlewares/Third_Party/FreeRTOS/Source/list.o
 .ARM.attributes
                0x00000368       0x2d ./Middlewares/Third_Party/FreeRTOS/Source/queue.o
 .ARM.attributes
                0x00000395       0x2d ./Middlewares/Third_Party/FreeRTOS/Source/tasks.o
 .ARM.attributes
                0x000003c2       0x2d ./Middlewares/Third_Party/FreeRTOS/Source/timers.o
 .ARM.attributes
                0x000003ef       0x2d ./Middlewares/Third_Party/FreeRTOS/Source/portable/GCC/ARM_CM3/port.o
 .ARM.attributes
                0x0000041c       0x2d ./Middlewares/Third_Party/FreeRTOS/Source/portable/MemMang/heap_4.o
 .ARM.attributes
                0x00000449       0x2d E:/ST/STM32CubeIDE_1.19.0/STM32CubeIDE/plugins/com.st.stm32cube.ide.mcu.externaltools.gnu-tools-for-stm32.13.3.rel1.win32_1.0.0.202411081344/tools/bin/../lib/gcc/arm-none-eabi/13.3.1/../../../../arm-none-eabi/lib/thumb/v7-m/nofp\libc_nano.a(libc_a-findfp.o)
 .ARM.attributes
                0x00000476       0x2d E:/ST/STM32CubeIDE_1.19.0/STM32CubeIDE/plugins/com.st.stm32cube.ide.mcu.externaltools.gnu-tools-for-stm32.13.3.rel1.win32_1.0.0.202411081344/tools/bin/../lib/gcc/arm-none-eabi/13.3.1/../../../../arm-none-eabi/lib/thumb/v7-m/nofp\libc_nano.a(libc_a-vsnprintf.o)
 .ARM.attributes
                0x000004a3       0x2d E:/ST/STM32CubeIDE_1.19.0/STM32CubeIDE/plugins/com.st.stm32cube.ide.mcu.externaltools.gnu-tools-for-stm32.13.3.rel1.win32_1.0.0.202411081344/tools/bin/../lib/gcc/arm-none-eabi/13.3.1/../../../../arm-none-eabi/lib/thumb/v7-m/nofp\libc_nano.a(libc_a-memcmp.o)
 .ARM.attributes
                0x000004d0       0x2d E:/ST/STM32CubeIDE_1.19.0/STM32CubeIDE/plugins/com.st.stm32cube.ide.mcu.externaltools.gnu-tools-for-stm32.13.3.rel1.win32_1.0.0.202411081344/tools/bin/../lib/gcc/arm-none-eabi/13.3.1/../../../../arm-none-eabi/lib/thumb/v7-m/nofp\libc_nano.a(libc_a-memset.o)
 .ARM.attributes
                0x000004fd       0x2d E:/ST/STM32CubeIDE_1.19.0/STM32CubeIDE/plugins/com.st.stm32cube.ide.mcu.externaltools.gnu-tools-for-stm32.13.3.rel1.win32_1.0.0.202411081344/tools/bin/../lib/gcc/arm-none-eabi/13.3.1/../../../../arm-none-eabi/lib/thumb/v7-m/nofp\libc_nano.a(libc_a-reent.o)
 .ARM.attributes
                0x0000052a       0x2d E:/ST/STM32CubeIDE_1.19.0/STM32CubeIDE/plugins/com.st.stm32cube.ide.mcu.externaltools.gnu-tools-for-stm32.13.3.rel1.win32_1.0.0.202411081344/tools/bin/../lib/gcc/arm-none-eabi/13.3.1/../../../../arm-none-eabi/lib/thumb/v7-m/nofp\libc_nano.a(libc_a-impure.o)
 .ARM.attributes
                0x00000557       0x2d E:/ST/STM32CubeIDE_1.19.0/STM32CubeIDE/plugins/com.st.stm32cube.ide.mcu.externaltools.gnu-tools-for-stm32.13.3.rel1.win32_1.0.0.202411081344/tools/bin/../lib/gcc/arm-none-eabi/13.3.1/../../../../arm-none-eabi/lib/thumb/v7-m/nofp\libc_nano.a(libc_a-errno.o)
 .ARM.attributes
                0x00000584       0x2d E:/ST/STM32CubeIDE_1.19.0/STM32CubeIDE/plugins/com.st.stm32cube.ide.mcu.externaltools.gnu-tools-for-stm32.13.3.rel1.win32_1.0.0.202411081344/tools/bin/../lib/gcc/arm-none-eabi/13.3.1/../../../../arm-none-eabi/lib/thumb/v7-m/nofp\libc_nano.a(libc_a-init.o)
 .ARM.attributes
                0x000005b1       0x2d E:/ST/STM32CubeIDE_1.19.0/STM32CubeIDE/plugins/com.st.stm32cube.ide.mcu.externaltools.gnu-tools-for-stm32.13.3.rel1.win32_1.0.0.202411081344/tools/bin/../lib/gcc/arm-none-eabi/13.3.1/../../../../arm-none-eabi/lib/thumb/v7-m/nofp\libc_nano.a(libc_a-lock.o)
 .ARM.attributes
                0x000005de       0x2d E:/ST/STM32CubeIDE_1.19.0/STM32CubeIDE/plugins/com.st.stm32cube.ide.mcu.externaltools.gnu-tools-for-stm32.13.3.rel1.win32_1.0.0.202411081344/tools/bin/../lib/gcc/arm-none-eabi/13.3.1/../../../../arm-none-eabi/lib/thumb/v7-m/nofp\libc_nano.a(libc_a-memcpy-stub.o)
 .ARM.attributes
                0x0000060b       0x17 E:/ST/STM32CubeIDE_1.19.0/STM32CubeIDE/plugins/com.st.stm32cube.ide.mcu.externaltools.gnu-tools-for-stm32.13.3.rel1.win32_1.0.0.202411081344/tools/bin/../lib/gcc/arm-none-eabi/13.3.1/../../../../arm-none-eabi/lib/thumb/v7-m/nofp\libc_nano.a(libc_a-strlen.o)
 .ARM.attributes
                0x00000622       0x2d E:/ST/STM32CubeIDE_1.19.0/STM32CubeIDE/plugins/com.st.stm32cube.ide.mcu.externaltools.gnu-tools-for-stm32.13.3.rel1.win32_1.0.0.202411081344/tools/bin/../lib/gcc/arm-none-eabi/13.3.1/../../../../arm-none-eabi/lib/thumb/v7-m/nofp\libc_nano.a(libc_a-freer.o)
 .ARM.attributes
                0x0000064f       0x2d E:/ST/STM32CubeIDE_1.19.0/STM32CubeIDE/plugins/com.st.stm32cube.ide.mcu.externaltools.gnu-tools-for-stm32.13.3.rel1.win32_1.0.0.202411081344/tools/bin/../lib/gcc/arm-none-eabi/13.3.1/../../../../arm-none-eabi/lib/thumb/v7-m/nofp\libc_nano.a(libc_a-mallocr.o)
 .ARM.attributes
                0x0000067c       0x2d E:/ST/STM32CubeIDE_1.19.0/STM32CubeIDE/plugins/com.st.stm32cube.ide.mcu.externaltools.gnu-tools-for-stm32.13.3.rel1.win32_1.0.0.202411081344/tools/bin/../lib/gcc/arm-none-eabi/13.3.1/../../../../arm-none-eabi/lib/thumb/v7-m/nofp\libc_nano.a(libc_a-mlock.o)
 .ARM.attributes
                0x000006a9       0x2d E:/ST/STM32CubeIDE_1.19.0/STM32CubeIDE/plugins/com.st.stm32cube.ide.mcu.externaltools.gnu-tools-for-stm32.13.3.rel1.win32_1.0.0.202411081344/tools/bin/../lib/gcc/arm-none-eabi/13.3.1/../../../../arm-none-eabi/lib/thumb/v7-m/nofp\libc_nano.a(libc_a-nano-svfprintf.o)
 .ARM.attributes
                0x000006d6       0x2d E:/ST/STM32CubeIDE_1.19.0/STM32CubeIDE/plugins/com.st.stm32cube.ide.mcu.externaltools.gnu-tools-for-stm32.13.3.rel1.win32_1.0.0.202411081344/tools/bin/../lib/gcc/arm-none-eabi/13.3.1/../../../../arm-none-eabi/lib/thumb/v7-m/nofp\libc_nano.a(libc_a-nano-vfprintf_i.o)
 .ARM.attributes
                0x00000703       0x2d E:/ST/STM32CubeIDE_1.19.0/STM32CubeIDE/plugins/com.st.stm32cube.ide.mcu.externaltools.gnu-tools-for-stm32.13.3.rel1.win32_1.0.0.202411081344/tools/bin/../lib/gcc/arm-none-eabi/13.3.1/../../../../arm-none-eabi/lib/thumb/v7-m/nofp\libc_nano.a(libc_a-memmove.o)
 .ARM.attributes
                0x00000730       0x2d E:/ST/STM32CubeIDE_1.19.0/STM32CubeIDE/plugins/com.st.stm32cube.ide.mcu.externaltools.gnu-tools-for-stm32.13.3.rel1.win32_1.0.0.202411081344/tools/bin/../lib/gcc/arm-none-eabi/13.3.1/../../../../arm-none-eabi/lib/thumb/v7-m/nofp\libc_nano.a(libc_a-sbrkr.o)
 .ARM.attributes
                0x0000075d       0x2d E:/ST/STM32CubeIDE_1.19.0/STM32CubeIDE/plugins/com.st.stm32cube.ide.mcu.externaltools.gnu-tools-for-stm32.13.3.rel1.win32_1.0.0.202411081344/tools/bin/../lib/gcc/arm-none-eabi/13.3.1/../../../../arm-none-eabi/lib/thumb/v7-m/nofp\libc_nano.a(libc_a-memchr-stub.o)
 .ARM.attributes
                0x0000078a       0x2d E:/ST/STM32CubeIDE_1.19.0/STM32CubeIDE/plugins/com.st.stm32cube.ide.mcu.externaltools.gnu-tools-for-stm32.13.3.rel1.win32_1.0.0.202411081344/tools/bin/../lib/gcc/arm-none-eabi/13.3.1/../../../../arm-none-eabi/lib/thumb/v7-m/nofp\libc_nano.a(libc_a-reallocr.o)
 .ARM.attributes
                0x000007b7       0x2d E:/ST/STM32CubeIDE_1.19.0/STM32CubeIDE/plugins/com.st.stm32cube.ide.mcu.externaltools.gnu-tools-for-stm32.13.3.rel1.win32_1.0.0.202411081344/tools/bin/../lib/gcc/arm-none-eabi/13.3.1/../../../../arm-none-eabi/lib/thumb/v7-m/nofp\libc_nano.a(libc_a-msizer.o)
 .ARM.attributes
                0x000007e4       0x1d E:/ST/STM32CubeIDE_1.19.0/STM32CubeIDE/plugins/com.st.stm32cube.ide.mcu.externaltools.gnu-tools-for-stm32.13.3.rel1.win32_1.0.0.202411081344/tools/bin/../lib/gcc/arm-none-eabi/13.3.1/thumb/v7-m/nofp\libgcc.a(_arm_addsubsf3.o)
 .ARM.attributes
                0x00000801       0x1d E:/ST/STM32CubeIDE_1.19.0/STM32CubeIDE/plugins/com.st.stm32cube.ide.mcu.externaltools.gnu-tools-for-stm32.13.3.rel1.win32_1.0.0.202411081344/tools/bin/../lib/gcc/arm-none-eabi/13.3.1/thumb/v7-m/nofp\libgcc.a(_arm_muldivsf3.o)
 .ARM.attributes
                0x0000081e       0x1d E:/ST/STM32CubeIDE_1.19.0/STM32CubeIDE/plugins/com.st.stm32cube.ide.mcu.externaltools.gnu-tools-for-stm32.13.3.rel1.win32_1.0.0.202411081344/tools/bin/../lib/gcc/arm-none-eabi/13.3.1/thumb/v7-m/nofp/crtn.o
OUTPUT(dal.elf elf32-littlearm)
LOAD linker stubs
LOAD E:/ST/STM32CubeIDE_1.19.0/STM32CubeIDE/plugins/com.st.stm32cube.ide.mcu.externaltools.gnu-tools-for-stm32.13.3.rel1.win32_1.0.0.202411081344/tools/bin/../lib/gcc/arm-none-eabi/13.3.1/../../../../arm-none-eabi/lib/thumb/v7-m/nofp\libc.a
LOAD E:/ST/STM32CubeIDE_1.19.0/STM32CubeIDE/plugins/com.st.stm32cube.ide.mcu.externaltools.gnu-tools-for-stm32.13.3.rel1.win32_1.0.0.202411081344/tools/bin/../lib/gcc/arm-none-eabi/13.3.1/../../../../arm-none-eabi/lib/thumb/v7-m/nofp\libm.a
LOAD E:/ST/STM32CubeIDE_1.19.0/STM32CubeIDE/plugins/com.st.stm32cube.ide.mcu.externaltools.gnu-tools-for-stm32.13.3.rel1.win32_1.0.0.202411081344/tools/bin/../lib/gcc/arm-none-eabi/13.3.1/thumb/v7-m/nofp\libgcc.a

.debug_info     0x00000000    0x1731c
 .debug_info    0x00000000      0xf6c ./Core/Src/bno055.o
 .debug_info    0x00000f6c     0x1e11 ./Core/Src/main.o
 .debug_info    0x00002d7d     0x106d ./Core/Src/modbus_slave.o
 .debug_info    0x00003dea      0xd19 ./Core/Src/pn532.o
 .debug_info    0x00004b03      0xccf ./Core/Src/stm32f1xx_hal_msp.o
 .debug_info    0x000057d2      0x129 ./Core/Src/stm32f1xx_it.o
 .debug_info    0x000058fb      0x168 ./Core/Src/sysmem.o
 .debug_info    0x00005a63      0x222 ./Core/Src/system_stm32f1xx.o
 .debug_info    0x00005c85       0x30 ./Core/Startup/startup_stm32f103c8tx.o
 .debug_info    0x00005cb5      0x704 ./Drivers/STM32F1xx_HAL_Driver/Src/stm32f1xx_hal.o
 .debug_info    0x000063b9      0xa87 ./Drivers/STM32F1xx_HAL_Driver/Src/stm32f1xx_hal_cortex.o
 .debug_info    0x00006e40      0x5ab ./Drivers/STM32F1xx_HAL_Driver/Src/stm32f1xx_hal_gpio.o
 .debug_info    0x000073eb     0x2524 ./Drivers/STM32F1xx_HAL_Driver/Src/stm32f1xx_hal_i2c.o
 .debug_info    0x0000990f      0x7d5 ./Drivers/STM32F1xx_HAL_Driver/Src/stm32f1xx_hal_rcc.o
 .debug_info    0x0000a0e4     0x2eed ./Drivers/STM32F1xx_HAL_Driver/Src/stm32f1xx_hal_uart.o
 .debug_info    0x0000cfd1     0x3975 ./Middlewares/Third_Party/FreeRTOS/Source/CMSIS_RTOS_V2/cmsis_os2.o
 .debug_info    0x00010946      0xbd1 ./Middlewares/Third_Party/FreeRTOS/Source/event_groups.o
 .debug_info    0x00011517      0x2af ./Middlewares/Third_Party/FreeRTOS/Source/list.o
 .debug_info    0x000117c6     0x1b79 ./Middlewares/Third_Party/FreeRTOS/Source/queue.o
 .debug_info    0x0001333f     0x21ec ./Middlewares/Third_Party/FreeRTOS/Source/tasks.o
 .debug_info    0x0001552b     0x1488 ./Middlewares/Third_Party/FreeRTOS/Source/timers.o
 .debug_info    0x000169b3      0x494 ./Middlewares/Third_Party/FreeRTOS/Source/portable/GCC/ARM_CM3/port.o
 .debug_info    0x00016e47      0x4d5 ./Middlewares/Third_Party/FreeRTOS/Source/portable/MemMang/heap_4.o

.debug_abbrev   0x00000000     0x36ea
 .debug_abbrev  0x00000000      0x275 ./Core/Src/bno055.o
 .debug_abbrev  0x00000275      0x344 ./Core/Src/main.o
 .debug_abbrev  0x000005b9      0x2c2 ./Core/Src/modbus_slave.o
 .debug_abbrev  0x0000087b      0x2ab ./Core/Src/pn532.o
 .debug_abbrev  0x00000b26      0x1c8 ./Core/Src/stm32f1xx_hal_msp.o
 .debug_abbrev  0x00000cee       0xaa ./Core/Src/stm32f1xx_it.o
 .debug_abbrev  0x00000d98       0xbc ./Core/Src/sysmem.o
 .debug_abbrev  0x00000e54      0x13f ./Core/Src/system_stm32f1xx.o
 .debug_abbrev  0x00000f93       0x24 ./Core/Startup/startup_stm32f103c8tx.o
 .debug_abbrev  0x00000fb7      0x201 ./Drivers/STM32F1xx_HAL_Driver/Src/stm32f1xx_hal.o
 .debug_abbrev  0x000011b8      0x2f8 ./Drivers/STM32F1xx_HAL_Driver/Src/stm32f1xx_hal_cortex.o
 .debug_abbrev  0x000014b0      0x1ca ./Drivers/STM32F1xx_HAL_Driver/Src/stm32f1xx_hal_gpio.o
 .debug_abbrev  0x0000167a      0x2a3 ./Drivers/STM32F1xx_HAL_Driver/Src/stm32f1xx_hal_i2c.o
 .debug_abbrev  0x0000191d      0x2b3 ./Drivers/STM32F1xx_HAL_Driver/Src/stm32f1xx_hal_rcc.o
 .debug_abbrev  0x00001bd0      0x2f8 ./Drivers/STM32F1xx_HAL_Driver/Src/stm32f1xx_hal_uart.o
 .debug_abbrev  0x00001ec8      0x508 ./Middlewares/Third_Party/FreeRTOS/Source/CMSIS_RTOS_V2/cmsis_os2.o
 .debug_abbrev  0x000023d0      0x322 ./Middlewares/Third_Party/FreeRTOS/Source/event_groups.o
 .debug_abbrev  0x000026f2       0xf5 ./Middlewares/Third_Party/FreeRTOS/Source/list.o
 .debug_abbrev  0x000027e7      0x3b6 ./Middlewares/Third_Party/FreeRTOS/Source/queue.o
 .debug_abbrev  0x00002b9d      0x386 ./Middlewares/Third_Party/FreeRTOS/Source/tasks.o
 .debug_abbrev  0x00002f23      0x352 ./Middlewares/Third_Party/FreeRTOS/Source/timers.o
 .debug_abbrev  0x00003275      0x258 ./Middlewares/Third_Party/FreeRTOS/Source/portable/GCC/ARM_CM3/port.o
 .debug_abbrev  0x000034cd      0x21d ./Middlewares/Third_Party/FreeRTOS/Source/portable/MemMang/heap_4.o

.debug_aranges  0x00000000     0x1450
 .debug_aranges
                0x00000000      0x100 ./Core/Src/bno055.o
 .debug_aranges
                0x00000100       0xb0 ./Core/Src/main.o
 .debug_aranges
                0x000001b0       0xf8 ./Core/Src/modbus_slave.o
 .debug_aranges
                0x000002a8       0x98 ./Core/Src/pn532.o
 .debug_aranges
                0x00000340       0x40 ./Core/Src/stm32f1xx_hal_msp.o
 .debug_aranges
                0x00000380       0x50 ./Core/Src/stm32f1xx_it.o
 .debug_aranges
                0x000003d0       0x20 ./Core/Src/sysmem.o
 .debug_aranges
                0x000003f0       0x28 ./Core/Src/system_stm32f1xx.o
 .debug_aranges
                0x00000418       0x28 ./Core/Startup/startup_stm32f103c8tx.o
 .debug_aranges
                0x00000440       0xe0 ./Drivers/STM32F1xx_HAL_Driver/Src/stm32f1xx_hal.o
 .debug_aranges
                0x00000520      0x100 ./Drivers/STM32F1xx_HAL_Driver/Src/stm32f1xx_hal_cortex.o
 .debug_aranges
                0x00000620       0x58 ./Drivers/STM32F1xx_HAL_Driver/Src/stm32f1xx_hal_gpio.o
 .debug_aranges
                0x00000678      0x2a8 ./Drivers/STM32F1xx_HAL_Driver/Src/stm32f1xx_hal_i2c.o
 .debug_aranges
                0x00000920       0x90 ./Drivers/STM32F1xx_HAL_Driver/Src/stm32f1xx_hal_rcc.o
 .debug_aranges
                0x000009b0      0x208 ./Drivers/STM32F1xx_HAL_Driver/Src/stm32f1xx_hal_uart.o
 .debug_aranges
                0x00000bb8      0x2a8 ./Middlewares/Third_Party/FreeRTOS/Source/CMSIS_RTOS_V2/cmsis_os2.o
 .debug_aranges