../Core/Src/bno055.c:381:7:BNO055_IsCalibrated	0	static
../Core/Src/bno055.c:392:19:BNO055_GetAccel	0	static
../Core/Src/bno055.c:398:19:BNO055_GetGyro	0	static
../Core/Src/bno055.c:404:19:BNO055_GetMag	0	static
../Core/Src/bno055.c:410:18:BNO055_GetEuler	0	static
../Core/Src/bno055.c:416:23:BNO055_GetQuaternion	0	static
../Core/Src/bno055.c:422:19:BNO055_GetLinearAccel	0	static
../Core/Src/bno055.c:428:24:BNO055_GetCalibStatus	0	static
../Core/Src/bno055.c:434:9:BNO055_GetTemperature	0	static
../Core/Src/bno055.c:440:18:BNO055_GetStatus	0	static
../Core/Src/bno055.c:446:10:BNO055_GetErrorCode	0	static
../Core/Src/bno055.c:455:18:BNO055_WriteRegister	24	static
../Core/Src/bno055.c:118:18:BNO055_SetOperationMode	16	static
../Core/Src/bno055.c:135:18:BNO055_SetPowerMode	0	static
../Core/Src/bno055.c:472:18:BNO055_ReadRegister	24	static
../Core/Src/bno055.c:145:18:BNO055_ReadID	0	static
../Core/Src/bno055.c:326:18:BNO055_ReadCalibStatus	16	static
../Core/Src/bno055.c:346:18:BNO055_ReadTemperature	16	static
../Core/Src/bno055.c:363:18:BNO055_ReadSystemStatus	16	static
../Core/Src/bno055.c:17:18:BNO055_Init	24	static
../Core/Src/bno055.c:492:18:BNO055_ReadRegisters	32	static
../Core/Src/bno055.c:155:18:BNO055_ReadRevInfo	16	static
../Core/Src/bno055.c:170:18:BNO055_ReadAccel	16	static
../Core/Src/bno055.c:189:18:BNO055_ReadGyro	16	static
../Core/Src/bno055.c:208:18:BNO055_ReadMag	16	static
../Core/Src/bno055.c:227:18:BNO055_ReadEuler	32	static
../Core/Src/bno055.c:251:18:BNO055_ReadQuaternion	32	static
../Core/Src/bno055.c:278:18:BNO055_ReadLinearAccel	16	static
../Core/Src/bno055.c:297:18:BNO055_ReadAllSensors	16	static
