../Core/Src/bno055.c:374:7:BNO055_IsCalibrated	0	static
../Core/Src/bno055.c:385:19:BNO055_GetAccel	0	static
../Core/Src/bno055.c:391:19:BNO055_GetGyro	0	static
../Core/Src/bno055.c:397:19:BNO055_GetMag	0	static
../Core/Src/bno055.c:403:18:BNO055_GetEuler	0	static
../Core/Src/bno055.c:409:23:BNO055_GetQuaternion	0	static
../Core/Src/bno055.c:415:19:BNO055_GetLinearAccel	0	static
../Core/Src/bno055.c:421:24:BNO055_GetCalibStatus	0	static
../Core/Src/bno055.c:427:9:BNO055_GetTemperature	0	static
../Core/Src/bno055.c:433:18:BNO055_GetStatus	0	static
../Core/Src/bno055.c:439:10:BNO055_GetErrorCode	0	static
../Core/Src/bno055.c:448:18:BNO055_WriteRegister	24	static
../Core/Src/bno055.c:111:18:BNO055_SetOperationMode	16	static
../Core/Src/bno055.c:128:18:BNO055_SetPowerMode	0	static
../Core/Src/bno055.c:465:18:BNO055_ReadRegister	24	static
../Core/Src/bno055.c:138:18:BNO055_ReadID	0	static
../Core/Src/bno055.c:319:18:BNO055_ReadCalibStatus	16	static
../Core/Src/bno055.c:339:18:BNO055_ReadTemperature	16	static
../Core/Src/bno055.c:356:18:BNO055_ReadSystemStatus	16	static
../Core/Src/bno055.c:17:18:BNO055_Init	24	static
../Core/Src/bno055.c:485:18:BNO055_ReadRegisters	32	static
../Core/Src/bno055.c:148:18:BNO055_ReadRevInfo	16	static
../Core/Src/bno055.c:163:18:BNO055_ReadAccel	16	static
../Core/Src/bno055.c:182:18:BNO055_ReadGyro	16	static
../Core/Src/bno055.c:201:18:BNO055_ReadMag	16	static
../Core/Src/bno055.c:220:18:BNO055_ReadEuler	32	static
../Core/Src/bno055.c:244:18:BNO055_ReadQuaternion	32	static
../Core/Src/bno055.c:271:18:BNO055_ReadLinearAccel	16	static
../Core/Src/bno055.c:290:18:BNO055_ReadAllSensors	16	static
