../Core/Src/main.c:306:13:MX_I2C1_Init	8	static,ignoring_inline_asm
../Core/Src/main.c:552:6:DebugPrint	16	static
../Core/Src/main.c:666:6:StartDefaultTask	24	static
../Core/Src/main.c:788:6:StartSensorTask	56	static
../Core/Src/main.c:959:6:StartNfcTask	56	static
../Core/Src/main.c:266:6:SystemClock_Config	72	static,ignoring_inline_asm
../Core/Src/main.c:599:6:I2C_Scanner	24	static
../Core/Src/main.c:439:6:SystemInit_Modules	40	static
../Core/Src/main.c:161:5:main	40	static,ignoring_inline_asm
../Core/Src/main.c:1103:6:Error_Handler	0	static,ignoring_inline_asm
