../Core/Src/main.c:330:13:MX_I2C1_Init	8	static,ignoring_inline_asm
../Core/Src/main.c:613:6:DebugPrint	16	static
../Core/Src/main.c:684:6:Modbus_OnRegisterRead	24	static
../Core/Src/main.c:839:6:Modbus_OnRegisterWrite	8	static
../Core/Src/main.c:908:6:StartDefaultTask	24	static
../Core/Src/main.c:974:6:StartModbusTask	8	static
../Core/Src/main.c:997:6:StartSensorTask	56	static
../Core/Src/main.c:1156:6:StartNfcTask	56	static
../Core/Src/main.c:290:6:SystemClock_Config	72	static,ignoring_inline_asm
../Core/Src/main.c:626:6:I2C_Scanner	24	static
../Core/Src/main.c:524:6:SystemInit_Modules	40	static
../Core/Src/main.c:166:5:main	48	static,ignoring_inline_asm
../Core/Src/main.c:1285:6:Error_Handler	0	static,ignoring_inline_asm
