../Core/Src/modbus_slave.c:26:19:Modbus_Init	24	static
../Core/Src/modbus_slave.c:68:19:Modbus_SetConfig	16	static
../Core/Src/modbus_slave.c:137:10:Modbus_CRC16	12	static
../Core/Src/modbus_slave.c:465:13:Modbus_SendResponse	16	static
../Core/Src/modbus_slave.c:174:6:Modbus_UART_RxCallback	8	static
../Core/Src/modbus_slave.c:205:6:Modbus_Process	0	static
../Core/Src/modbus_slave.c:497:6:Modbus_WriteRegister	0	static
../Core/Src/modbus_slave.c:510:6:Modbus_ReadRegister	0	static
../Core/Src/modbus_slave.c:523:6:Modbus_RegisterReadCallback	0	static
../Core/Src/modbus_slave.c:534:6:Modbus_RegisterWriteCallback	0	static
../Core/Src/modbus_slave.c:545:6:Modbus_GetStats	0	static
../Core/Src/modbus_slave.c:561:6:Modbus_TIM_TimeoutCallback	40	static
