../Core/Src/modbus_slave.c:104:17:Modbus_SetConfig	0	static
../Core/Src/modbus_slave.c:225:17:Modbus_AddRegister	16	static
../Core/Src/modbus_slave.c:118:17:Modbus_RegisterMapping	48	static
../Core/Src/modbus_slave.c:245:17:Modbus_SetRegisterValue	16	static
../Core/Src/modbus_slave.c:265:17:Modbus_GetRegisterValue	16	static
../Core/Src/modbus_slave.c:285:6:Modbus_IsValidRegister	8	static
../Core/Src/modbus_slave.c:316:17:Modbus_StartReceive	8	static
../Core/Src/modbus_slave.c:50:17:Modbus_Init	16	static
../Core/Src/modbus_slave.c:375:6:Modbus_TxCallback	0	static
../Core/Src/modbus_slave.c:388:6:Modbus_ErrorCallback	0	static
../Core/Src/modbus_slave.c:645:10:Modbus_CalculateCRC	8	static
../Core/Src/modbus_slave.c:660:6:Modbus_VerifyCRC	16	static
../Core/Src/modbus_slave.c:673:6:Modbus_AddCRC	16	static
../Core/Src/modbus_slave.c:606:17:Modbus_SendResponse	16	static
../Core/Src/modbus_slave.c:628:17:Modbus_SendException	4	static
../Core/Src/modbus_slave.c:458:17:Modbus_ProcessReadHoldingRegisters	40	static
../Core/Src/modbus_slave.c:499:17:Modbus_ProcessReadInputRegisters	40	static
../Core/Src/modbus_slave.c:540:17:Modbus_ProcessWriteSingleRegister	8	static
../Core/Src/modbus_slave.c:563:17:Modbus_ProcessWriteMultipleRegisters	32	static
../Core/Src/modbus_slave.c:402:17:Modbus_ProcessFrame	16	static
../Core/Src/modbus_slave.c:301:17:Modbus_Process	0	static
../Core/Src/modbus_slave.c:683:10:Modbus_CalculateTimeout	0	static
../Core/Src/modbus_slave.c:346:6:Modbus_RxCallback	16	static
../Core/Src/modbus_slave.c:695:17:Modbus_GetStatus	0	static
../Core/Src/modbus_slave.c:701:10:Modbus_GetFrameCount	0	static
../Core/Src/modbus_slave.c:707:10:Modbus_GetErrorCount	0	static
../Core/Src/modbus_slave.c:713:10:Modbus_GetExceptionCount	0	static
../Core/Src/modbus_slave.c:719:6:Modbus_ResetStatistics	0	static
