../Core/Src/modbus_slave.c:29:19:Modbus_Init	24	static
../Core/Src/modbus_slave.c:69:19:Modbus_SetConfig	16	static
../Core/Src/modbus_slave.c:138:10:Modbus_CRC16	12	static
../Core/Src/modbus_slave.c:494:13:Modbus_SendResponse	16	static
../Core/Src/modbus_slave.c:176:6:Modbus_UART_RxCallback	8	static
../Core/Src/modbus_slave.c:200:6:Modbus_Process	40	static
../Core/Src/modbus_slave.c:531:6:Modbus_WriteRegister	0	static
../Core/Src/modbus_slave.c:544:6:Modbus_ReadRegister	0	static
../Core/Src/modbus_slave.c:557:6:Modbus_RegisterReadCallback	0	static
../Core/Src/modbus_slave.c:568:6:Modbus_RegisterWriteCallback	0	static
../Core/Src/modbus_slave.c:579:6:Modbus_GetStats	0	static
../Core/Src/modbus_slave.c:595:6:Modbus_TIM_TimeoutCallback	0	static
