../Core/Src/modbus_slave.c:26:19:Modbus_Init	16	static
../Core/Src/modbus_slave.c:65:19:Modbus_SetConfig	16	static
../Core/Src/modbus_slave.c:134:10:Modbus_CRC16	12	static
../Core/Src/modbus_slave.c:475:13:Modbus_SendResponse	16	static
../Core/Src/modbus_slave.c:171:6:Modbus_UART_RxCallback	8	static
../Core/Src/modbus_slave.c:192:6:Modbus_Process	40	static
../Core/Src/modbus_slave.c:507:6:Modbus_WriteRegister	0	static
../Core/Src/modbus_slave.c:520:6:Modbus_ReadRegister	0	static
../Core/Src/modbus_slave.c:533:6:Modbus_RegisterReadCallback	0	static
../Core/Src/modbus_slave.c:544:6:Modbus_RegisterWriteCallback	0	static
../Core/Src/modbus_slave.c:555:6:Modbus_GetStats	0	static
