../Core/Src/modbus_slave.c:25:19:Modbus_Init	16	static
../Core/Src/modbus_slave.c:64:19:Modbus_SetConfig	16	static
../Core/Src/modbus_slave.c:133:10:Modbus_CRC16	12	static
../Core/Src/modbus_slave.c:471:13:Modbus_SendResponse	16	static
../Core/Src/modbus_slave.c:170:6:Modbus_UART_RxCallback	8	static
../Core/Src/modbus_slave.c:191:6:Modbus_Process	40	static
../Core/Src/modbus_slave.c:500:6:Modbus_WriteRegister	0	static
../Core/Src/modbus_slave.c:513:6:Modbus_ReadRegister	0	static
../Core/Src/modbus_slave.c:526:6:Modbus_RegisterReadCallback	0	static
../Core/Src/modbus_slave.c:537:6:Modbus_RegisterWriteCallback	0	static
../Core/Src/modbus_slave.c:548:6:Modbus_GetStats	0	static
