../Core/Src/pn532.c:179:13:waitready	40	static
../Core/Src/pn532.c:95:13:readdata	32	dynamic
../Core/Src/pn532.c:65:6:reset	8	static
../Core/Src/pn532.c:363:6:sendCommandCheckAck	40	dynamic
../Core/Src/pn532.c:304:6:SAMConfig	8	static
../Core/Src/pn532.c:87:6:wakeup	24	static
../Core/Src/pn532.c:28:16:PN532_Init	8	static
../Core/Src/pn532.c:339:10:getFirmwareVersion	8	static
../Core/Src/pn532.c:396:6:setPassiveActivationRetries	16	static
../Core/Src/pn532.c:455:6:startPassiveTargetIDDetection	0	static
../Core/Src/pn532.c:465:6:readDetectedPassiveTargetID	16	static
../Core/Src/pn532.c:418:6:readPassiveTargetID	16	static
../Core/Src/pn532.c:516:6:inDataExchange	24	static
../Core/Src/pn532.c:605:6:inListPassiveTarget	16	static
../Core/Src/pn532.c:672:6:mifareclassic_IsFirstBlock	0	static
../Core/Src/pn532.c:680:6:mifareclassic_IsTrailerBlock	0	static
../Core/Src/pn532.c:688:9:mifareclassic_AuthenticateBlock	24	static
../Core/Src/pn532.c:735:9:mifareclassic_ReadDataBlock	16	static
../Core/Src/pn532.c:780:9:mifareclassic_WriteDataBlock	8	static
../Core/Src/pn532.c:811:9:mifareclassic_FormatNDEF	72	static
../Core/Src/pn532.c:836:9:mifareclassic_WriteNDEFURI	88	static
../Core/Src/pn532.c:901:9:mifareultralight_ReadPage	16	static
../Core/Src/pn532.c:946:9:mifareultralight_WritePage	16	static
../Core/Src/pn532.c:983:9:ntag2xx_ReadPage	16	static
../Core/Src/pn532.c:1043:9:ntag2xx_WritePage	16	static
../Core/Src/pn532.c:1081:9:ntag2xx_WriteNDEFURI	40	static
