../Core/Src/pn532.c:59:13:readdata	32	dynamic
../Core/Src/pn532.c:127:13:waitready	40	static
../Core/Src/pn532.c:44:6:reset	8	static
../Core/Src/pn532.c:257:6:sendCommandCheckAck	56	dynamic
../Core/Src/pn532.c:239:6:SAMConfig	8	static
../Core/Src/pn532.c:54:6:wakeup	0	static
../Core/Src/pn532.c:26:16:PN532_Init	8	static
../Core/Src/pn532.c:291:6:setPassiveActivationRetries	0	static
../Core/Src/pn532.c:329:6:startPassiveTargetIDDetection	0	static
../Core/Src/pn532.c:339:6:readDetectedPassiveTargetID	16	static
../Core/Src/pn532.c:311:6:readPassiveTargetID	16	static
../Core/Src/pn532.c:385:6:inDataExchange	24	static
../Core/Src/pn532.c:474:6:inListPassiveTarget	16	static
../Core/Src/pn532.c:541:6:mifareclassic_IsFirstBlock	0	static
../Core/Src/pn532.c:549:6:mifareclassic_IsTrailerBlock	0	static
../Core/Src/pn532.c:557:9:mifareclassic_AuthenticateBlock	24	static
../Core/Src/pn532.c:604:9:mifareclassic_ReadDataBlock	16	static
../Core/Src/pn532.c:649:9:mifareclassic_WriteDataBlock	8	static
../Core/Src/pn532.c:680:9:mifareclassic_FormatNDEF	72	static
../Core/Src/pn532.c:705:9:mifareclassic_WriteNDEFURI	88	static
../Core/Src/pn532.c:770:9:mifareultralight_ReadPage	16	static
../Core/Src/pn532.c:815:9:mifareultralight_WritePage	16	static
../Core/Src/pn532.c:852:9:ntag2xx_ReadPage	16	static
../Core/Src/pn532.c:912:9:ntag2xx_WritePage	16	static
../Core/Src/pn532.c:950:9:ntag2xx_WriteNDEFURI	40	static
