../Core/Src/pn532.c:110:16:PN532_GetFirmwareVersion	48	static
../Core/Src/pn532.c:36:16:PN532_Init	40	static
../Core/Src/pn532.c:144:16:PN532_ConfigureSAM	40	static
../Core/Src/pn532.c:186:16:PN532_ReadPassiveTarget	64	static
../Core/Src/pn532.c:176:16:PN532_ReadCard	0	static
../Core/Src/pn532.c:239:6:PN532_IsCardPresent	8	static
../Core/Src/pn532.c:254:10:PN532_GetCardUID	0	static
../Core/Src/pn532.c:263:9:PN532_GetCardType	0	static
../Core/Src/pn532.c:272:16:PN532_GetStatus	0	static
../Core/Src/pn532.c:281:9:PN532_GetErrorCode	0	static
../Core/Src/pn532.c:290:16:PN532_WriteCommand	72	static
../Core/Src/pn532.c:87:16:PN532_SetMode	16	static
../Core/Src/pn532.c:384:16:PN532_WaitReady	40	static
../Core/Src/pn532.c:339:16:PN532_ReadResponse	96	static
../Core/Src/pn532.c:406:9:PN532_CalculateChecksum	0	static
