../Core/Src/pn532.c:180:13:waitready	40	static
../Core/Src/pn532.c:96:13:readdata	32	dynamic
../Core/Src/pn532.c:66:6:reset	8	static
../Core/Src/pn532.c:364:6:sendCommandCheckAck	40	dynamic
../Core/Src/pn532.c:305:6:SAMConfig	8	static
../Core/Src/pn532.c:88:6:wakeup	24	static
../Core/Src/pn532.c:28:16:PN532_Init	8	static
../Core/Src/pn532.c:340:10:getFirmwareVersion	8	static
../Core/Src/pn532.c:397:6:setPassiveActivationRetries	16	static
../Core/Src/pn532.c:456:6:startPassiveTargetIDDetection	0	static
../Core/Src/pn532.c:466:6:readDetectedPassiveTargetID	16	static
../Core/Src/pn532.c:419:6:readPassiveTargetID	16	static
../Core/Src/pn532.c:517:6:inDataExchange	24	static
../Core/Src/pn532.c:606:6:inListPassiveTarget	16	static
../Core/Src/pn532.c:673:6:mifareclassic_IsFirstBlock	0	static
../Core/Src/pn532.c:681:6:mifareclassic_IsTrailerBlock	0	static
../Core/Src/pn532.c:689:9:mifareclassic_AuthenticateBlock	24	static
../Core/Src/pn532.c:736:9:mifareclassic_ReadDataBlock	16	static
../Core/Src/pn532.c:781:9:mifareclassic_WriteDataBlock	8	static
../Core/Src/pn532.c:812:9:mifareclassic_FormatNDEF	72	static
../Core/Src/pn532.c:837:9:mifareclassic_WriteNDEFURI	88	static
../Core/Src/pn532.c:902:9:mifareultralight_ReadPage	16	static
../Core/Src/pn532.c:947:9:mifareultralight_WritePage	16	static
../Core/Src/pn532.c:984:9:ntag2xx_ReadPage	16	static
../Core/Src/pn532.c:1044:9:ntag2xx_WritePage	16	static
../Core/Src/pn532.c:1082:9:ntag2xx_WriteNDEFURI	40	static
