../Core/Src/main.c:146:5:main	8	static
../Core/Src/main.c:246:6:SystemClock_Config	72	static
../Core/Src/main.c:286:13:MX_I2C1_Init	8	static
../Core/Src/main.c:320:13:MX_USART1_UART_Init	8	static
../Core/Src/main.c:353:13:MX_USART2_UART_Init	8	static
../Core/Src/main.c:386:13:MX_GPIO_Init	24	static
../Core/Src/main.c:407:6:SystemInit_Modules	8	static
../Core/Src/main.c:444:6:UpdateSensorData	32	static
../Core/Src/main.c:486:6:UpdateNFCData	24	static
../Core/Src/main.c:533:6:ProcessModbusCommands	16	static
../Core/Src/main.c:563:6:DebugPrint	16	static
../Core/Src/main.c:576:6:HAL_UART_RxCpltCallback	16	static
../Core/Src/main.c:588:6:HAL_UART_TxCpltCallback	16	static
../Core/Src/main.c:598:6:HAL_UART_ErrorCallback	16	static
../Core/Src/main.c:616:6:StartDefaultTask	24	static
../Core/Src/main.c:674:6:StartModbusTask	24	static
../Core/Src/main.c:739:6:StartSensorTask	40	static
../Core/Src/main.c:808:6:StartNfcTask	32	static
../Core/Src/main.c:885:6:Error_Handler	4	static,ignoring_inline_asm
