Archive member included to satisfy reference by file (symbol)

E:/ST/STM32CubeIDE_1.19.0/STM32CubeIDE/plugins/com.st.stm32cube.ide.mcu.externaltools.gnu-tools-for-stm32.13.3.rel1.win32_1.0.0.202411081344/tools/bin/../lib/gcc/arm-none-eabi/13.3.1/../../../../arm-none-eabi/lib/thumb/v7-m/nofp\libc_nano.a(libc_a-exit.o)
                              E:/ST/STM32CubeIDE_1.19.0/STM32CubeIDE/plugins/com.st.stm32cube.ide.mcu.externaltools.gnu-tools-for-stm32.13.3.rel1.win32_1.0.0.202411081344/tools/bin/../lib/gcc/arm-none-eabi/13.3.1/../../../../arm-none-eabi/lib/thumb/v7-m/nofp/crt0.o (exit)
E:/ST/STM32CubeIDE_1.19.0/STM32CubeIDE/plugins/com.st.stm32cube.ide.mcu.externaltools.gnu-tools-for-stm32.13.3.rel1.win32_1.0.0.202411081344/tools/bin/../lib/gcc/arm-none-eabi/13.3.1/../../../../arm-none-eabi/lib/thumb/v7-m/nofp\libc_nano.a(libc_a-nano-vfprintf_float.o)
                              (_printf_float)
E:/ST/STM32CubeIDE_1.19.0/STM32CubeIDE/plugins/com.st.stm32cube.ide.mcu.externaltools.gnu-tools-for-stm32.13.3.rel1.win32_1.0.0.202411081344/tools/bin/../lib/gcc/arm-none-eabi/13.3.1/../../../../arm-none-eabi/lib/thumb/v7-m/nofp\libc_nano.a(libc_a-nano-vfprintf_i.o)
                              E:/ST/STM32CubeIDE_1.19.0/STM32CubeIDE/plugins/com.st.stm32cube.ide.mcu.externaltools.gnu-tools-for-stm32.13.3.rel1.win32_1.0.0.202411081344/tools/bin/../lib/gcc/arm-none-eabi/13.3.1/../../../../arm-none-eabi/lib/thumb/v7-m/nofp\libc_nano.a(libc_a-nano-vfprintf_float.o) (_printf_common)
E:/ST/STM32CubeIDE_1.19.0/STM32CubeIDE/plugins/com.st.stm32cube.ide.mcu.externaltools.gnu-tools-for-stm32.13.3.rel1.win32_1.0.0.202411081344/tools/bin/../lib/gcc/arm-none-eabi/13.3.1/../../../../arm-none-eabi/lib/thumb/v7-m/nofp\libc_nano.a(libc_a-findfp.o)
                              E:/ST/STM32CubeIDE_1.19.0/STM32CubeIDE/plugins/com.st.stm32cube.ide.mcu.externaltools.gnu-tools-for-stm32.13.3.rel1.win32_1.0.0.202411081344/tools/bin/../lib/gcc/arm-none-eabi/13.3.1/../../../../arm-none-eabi/lib/thumb/v7-m/nofp\libc_nano.a(libc_a-exit.o) (__stdio_exit_handler)
E:/ST/STM32CubeIDE_1.19.0/STM32CubeIDE/plugins/com.st.stm32cube.ide.mcu.externaltools.gnu-tools-for-stm32.13.3.rel1.win32_1.0.0.202411081344/tools/bin/../lib/gcc/arm-none-eabi/13.3.1/../../../../arm-none-eabi/lib/thumb/v7-m/nofp\libc_nano.a(libc_a-fwalk.o)
                              E:/ST/STM32CubeIDE_1.19.0/STM32CubeIDE/plugins/com.st.stm32cube.ide.mcu.externaltools.gnu-tools-for-stm32.13.3.rel1.win32_1.0.0.202411081344/tools/bin/../lib/gcc/arm-none-eabi/13.3.1/../../../../arm-none-eabi/lib/thumb/v7-m/nofp\libc_nano.a(libc_a-findfp.o) (_fwalk_sglue)
E:/ST/STM32CubeIDE_1.19.0/STM32CubeIDE/plugins/com.st.stm32cube.ide.mcu.externaltools.gnu-tools-for-stm32.13.3.rel1.win32_1.0.0.202411081344/tools/bin/../lib/gcc/arm-none-eabi/13.3.1/../../../../arm-none-eabi/lib/thumb/v7-m/nofp\libc_nano.a(libc_a-stdio.o)
                              E:/ST/STM32CubeIDE_1.19.0/STM32CubeIDE/plugins/com.st.stm32cube.ide.mcu.externaltools.gnu-tools-for-stm32.13.3.rel1.win32_1.0.0.202411081344/tools/bin/../lib/gcc/arm-none-eabi/13.3.1/../../../../arm-none-eabi/lib/thumb/v7-m/nofp\libc_nano.a(libc_a-findfp.o) (__sread)
E:/ST/STM32CubeIDE_1.19.0/STM32CubeIDE/plugins/com.st.stm32cube.ide.mcu.externaltools.gnu-tools-for-stm32.13.3.rel1.win32_1.0.0.202411081344/tools/bin/../lib/gcc/arm-none-eabi/13.3.1/../../../../arm-none-eabi/lib/thumb/v7-m/nofp\libc_nano.a(libc_a-vsnprintf.o)
                              ./Core/Src/main.o (vsnprintf)
E:/ST/STM32CubeIDE_1.19.0/STM32CubeIDE/plugins/com.st.stm32cube.ide.mcu.externaltools.gnu-tools-for-stm32.13.3.rel1.win32_1.0.0.202411081344/tools/bin/../lib/gcc/arm-none-eabi/13.3.1/../../../../arm-none-eabi/lib/thumb/v7-m/nofp\libc_nano.a(libc_a-memcmp.o)
                              ./Core/Src/pn532.o (memcmp)
E:/ST/STM32CubeIDE_1.19.0/STM32CubeIDE/plugins/com.st.stm32cube.ide.mcu.externaltools.gnu-tools-for-stm32.13.3.rel1.win32_1.0.0.202411081344/tools/bin/../lib/gcc/arm-none-eabi/13.3.1/../../../../arm-none-eabi/lib/thumb/v7-m/nofp\libc_nano.a(libc_a-memset.o)
                              E:/ST/STM32CubeIDE_1.19.0/STM32CubeIDE/plugins/com.st.stm32cube.ide.mcu.externaltools.gnu-tools-for-stm32.13.3.rel1.win32_1.0.0.202411081344/tools/bin/../lib/gcc/arm-none-eabi/13.3.1/../../../../arm-none-eabi/lib/thumb/v7-m/nofp/crt0.o (memset)
E:/ST/STM32CubeIDE_1.19.0/STM32CubeIDE/plugins/com.st.stm32cube.ide.mcu.externaltools.gnu-tools-for-stm32.13.3.rel1.win32_1.0.0.202411081344/tools/bin/../lib/gcc/arm-none-eabi/13.3.1/../../../../arm-none-eabi/lib/thumb/v7-m/nofp\libc_nano.a(libc_a-localeconv.o)
                              E:/ST/STM32CubeIDE_1.19.0/STM32CubeIDE/plugins/com.st.stm32cube.ide.mcu.externaltools.gnu-tools-for-stm32.13.3.rel1.win32_1.0.0.202411081344/tools/bin/../lib/gcc/arm-none-eabi/13.3.1/../../../../arm-none-eabi/lib/thumb/v7-m/nofp\libc_nano.a(libc_a-nano-vfprintf_float.o) (_localeconv_r)
[...]
Memory Configuration

Name             Origin             Length             Attributes
RAM              0x20000000         0x00005000         xrw
FLASH            0x08000000         0x00010000         xr
*default*        0x00000000         0xffffffff

Linker script and memory map

LOAD E:/ST/STM32CubeIDE_1.19.0/STM32CubeIDE/plugins/com.st.stm32cube.ide.mcu.externaltools.gnu-tools-for-stm32.13.3.rel1.win32_1.0.0.202411081344/tools/bin/../lib/gcc/arm-none-eabi/13.3.1/thumb/v7-m/nofp/crti.o
LOAD E:/ST/STM32CubeIDE_1.19.0/STM32CubeIDE/plugins/com.st.stm32cube.ide.mcu.externaltools.gnu-tools-for-stm32.13.3.rel1.win32_1.0.0.202411081344/tools/bin/../lib/gcc/arm-none-eabi/13.3.1/thumb/v7-m/nofp/crtbegin.o
LOAD E:/ST/STM32CubeIDE_1.19.0/STM32CubeIDE/plugins/com.st.stm32cube.ide.mcu.externaltools.gnu-tools-for-stm32.13.3.rel1.win32_1.0.0.202411081344/tools/bin/../lib/gcc/arm-none-eabi/13.3.1/../../../../arm-none-eabi/lib/thumb/v7-m/nofp/crt0.o
LOAD ./Core/Src/bno055.o
LOAD ./Core/Src/filter.o
LOAD ./Core/Src/freertos.o
LOAD ./Core/Src/main.o
LOAD ./Core/Src/modbus_slave.o
LOAD ./Core/Src/pn532.o
LOAD ./Core/Src/stm32f1xx_hal_msp.o
LOAD ./Core/Src/stm32f1xx_it.o
LOAD ./Core/Src/syscalls.o
LOAD ./Core/Src/sysmem.o
LOAD ./Core/Src/system_stm32f1xx.o
LOAD ./Core/Startup/startup_stm32f103c8tx.o
LOAD ./Drivers/STM32F1xx_HAL_Driver/Src/stm32f1xx_hal.o
LOAD ./Drivers/STM32F1xx_HAL_Driver/Src/stm32f1xx_hal_cortex.o
LOAD ./Drivers/STM32F1xx_HAL_Driver/Src/stm32f1xx_hal_dma.o
LOAD ./Drivers/STM32F1xx_HAL_Driver/Src/stm32f1xx_hal_exti.o
LOAD ./Drivers/STM32F1xx_HAL_Driver/Src/stm32f1xx_hal_flash.o
LOAD ./Drivers/STM32F1xx_HAL_Driver/Src/stm32f1xx_hal_flash_ex.o
LOAD ./Drivers/STM32F1xx_HAL_Driver/Src/stm32f1xx_hal_gpio.o
LOAD ./Drivers/STM32F1xx_HAL_Driver/Src/stm32f1xx_hal_gpio_ex.o
LOAD ./Drivers/STM32F1xx_HAL_Driver/Src/stm32f1xx_hal_i2c.o
LOAD ./Drivers/STM32F1xx_HAL_Driver/Src/stm32f1xx_hal_pwr.o
LOAD ./Drivers/STM32F1xx_HAL_Driver/Src/stm32f1xx_hal_rcc.o
LOAD ./Drivers/STM32F1xx_HAL_Driver/Src/stm32f1xx_hal_rcc_ex.o
LOAD ./Drivers/STM32F1xx_HAL_Driver/Src/stm32f1xx_hal_tim.o
LOAD ./Drivers/STM32F1xx_HAL_Driver/Src/stm32f1xx_hal_tim_ex.o
LOAD ./Drivers/STM32F1xx_HAL_Driver/Src/stm32f1xx_hal_uart.o
LOAD ./Middlewares/Third_Party/FreeRTOS/Source/CMSIS_RTOS_V2/cmsis_os2.o
LOAD ./Middlewares/Third_Party/FreeRTOS/Source/croutine.o
LOAD ./Middlewares/Third_Party/FreeRTOS/Source/event_groups.o
LOAD ./Middlewares/Third_Party/FreeRTOS/Source/list.o
LOAD ./Middlewares/Third_Party/FreeRTOS/Source/queue.o
LOAD ./Middlewares/Third_Party/FreeRTOS/Source/stream_buffer.o
LOAD ./Middlewares/Third_Party/FreeRTOS/Source/tasks.o
LOAD ./Middlewares/Third_Party/FreeRTOS/Source/timers.o
LOAD ./Middlewares/Third_Party/FreeRTOS/Source/portable/GCC/ARM_CM3/port.o
LOAD ./Middlewares/Third_Party/FreeRTOS/Source/portable/MemMang/heap_4.o
START GROUP
LOAD E:/ST/STM32CubeIDE_1.19.0/STM32CubeIDE/plugins/com.st.stm32cube.ide.mcu.externaltools.gnu-tools-for-stm32.13.3.rel1.win32_1.0.0.202411081344/tools/bin/../lib/gcc/arm-none-eabi/13.3.1/../../../../arm-none-eabi/lib/thumb/v7-m/nofp\libc_nano.a
LOAD E:/ST/STM32CubeIDE_1.19.0/STM32CubeIDE/plugins/com.st.stm32cube.ide.mcu.externaltools.gnu-tools-for-stm32.13.3.rel1.win32_1.0.0.202411081344/tools/bin/../lib/gcc/arm-none-eabi/13.3.1/../../../../arm-none-eabi/lib/thumb/v7-m/nofp\libm.a
END GROUP
START GROUP
LOAD E:/ST/STM32CubeIDE_1.19.0/STM32CubeIDE/plugins/com.st.stm32cube.ide.mcu.externaltools.gnu-tools-for-stm32.13.3.rel1.win32_1.0.0.202411081344/tools/bin/../lib/gcc/arm-none-eabi/13.3.1/thumb/v7-m/nofp\libgcc.a
LOAD E:/ST/STM32CubeIDE_1.19.0/STM32CubeIDE/plugins/com.st.stm32cube.ide.mcu.externaltools.gnu-tools-for-stm32.13.3.rel1.win32_1.0.0.202411081344/tools/bin/../lib/gcc/arm-none-eabi/13.3.1/../../../../arm-none-eabi/lib/thumb/v7-m/nofp\libc_nano.a
END GROUP
START GROUP
LOAD E:/ST/STM32CubeIDE_1.19.0/STM32CubeIDE/plugins/com.st.stm32cube.ide.mcu.externaltools.gnu-tools-for-stm32.13.3.rel1.win32_1.0.0.202411081344/tools/bin/../lib/gcc/arm-none-eabi/13.3.1/thumb/v7-m/nofp\libgcc.a
LOAD E:/ST/STM32CubeIDE_1.19.0/STM32CubeIDE/plugins/com.st.stm32cube.ide.mcu.externaltools.gnu-tools-for-stm32.13.3.rel1.win32_1.0.0.202411081344/tools/bin/../lib/gcc/arm-none-eabi/13.3.1/../../../../arm-none-eabi/lib/thumb/v7-m/nofp\libc_nano.a
LOAD E:/ST/STM32CubeIDE_1.19.0/STM32CubeIDE/plugins/com.st.stm32cube.ide.mcu.externaltools.gnu-tools-for-stm32.13.3.rel1.win32_1.0.0.202411081344/tools/bin/../lib/gcc/arm-none-eabi/13.3.1/../../../../arm-none-eabi/lib/thumb/v7-m/nofp\libnosys.a
END GROUP
START GROUP
LOAD E:/ST/STM32CubeIDE_1.19.0/STM32CubeIDE/plugins/com.st.stm32cube.ide.mcu.externaltools.gnu-tools-for-stm32.13.3.rel1.win32_1.0.0.202411081344/tools/bin/../lib/gcc/arm-none-eabi/13.3.1/thumb/v7-m/nofp\libgcc.a
LOAD E:/ST/STM32CubeIDE_1.19.0/STM32CubeIDE/plugins/com.st.stm32cube.ide.mcu.externaltools.gnu-tools-for-stm32.13.3.rel1.win32_1.0.0.202411081344/tools/bin/../lib/gcc/arm-none-eabi/13.3.1/../../../../arm-none-eabi/lib/thumb/v7-m/nofp\libc_nano.a
LOAD E:/ST/STM32CubeIDE_1.19.0/STM32CubeIDE/plugins/com.st.stm32cube.ide.mcu.externaltools.gnu-tools-for-stm32.13.3.rel1.win32_1.0.0.202411081344/tools/bin/../lib/gcc/arm-none-eabi/13.3.1/../../../../arm-none-eabi/lib/thumb/v7-m/nofp\libnosys.a
END GROUP
LOAD E:/ST/STM32CubeIDE_1.19.0/STM32CubeIDE/plugins/com.st.stm32cube.ide.mcu.externaltools.gnu-tools-for-stm32.13.3.rel1.win32_1.0.0.202411081344/tools/bin/../lib/gcc/arm-none-eabi/13.3.1/thumb/v7-m/nofp/crtend.o
LOAD E:/ST/STM32CubeIDE_1.19.0/STM32CubeIDE/plugins/com.st.stm32cube.ide.mcu.externaltools.gnu-tools-for-stm32.13.3.rel1.win32_1.0.0.202411081344/tools/bin/../lib/gcc/arm-none-eabi/13.3.1/thumb/v7-m/nofp/crtn.o
                0x20005000                        _estack = (ORIGIN (RAM) + LENGTH (RAM))
                0x00000200                        _Min_Heap_Size = 0x200
                0x00000400                        _Min_Stack_Size = 0x400

.isr_vector     0x08000000      0x10c
                0x08000000                        . = ALIGN (0x4)
 *(.isr_vector)
 .isr_vector    0x08000000      0x10c ./Core/Startup/startup_stm32f103c8tx.o
                0x08000000                g_pfnVectors
                0x0800010c                        . = ALIGN (0x4)

.text           0x08000110     0xb144
                0x08000110                        . = ALIGN (0x4)
 *(.text)
 .text          0x08000110       0x40 E:/ST/STM32CubeIDE_1.19.0/STM32CubeIDE/plugins/com.st.stm32cube.ide.mcu.externaltools.gnu-tools-for-stm32.13.3.rel1.win32_1.0.0.202411081344/tools/bin/../lib/gcc/arm-none-eabi/13.3.1/thumb/v7-m/nofp/crtbegin.o
 .text          0x08000150       0x10 E:/ST/STM32CubeIDE_1.19.0/STM32CubeIDE/plugins/com.st.stm32cube.ide.mcu.externaltools.gnu-tools-for-stm32.13.3.rel1.win32_1.0.0.202411081344/tools/bin/../lib/gcc/arm-none-eabi/13.3.1/../../../../arm-none-eabi/lib/thumb/v7-m/nofp\libc_nano.a(libc_a-strlen.o)
                0x08000150                strlen
 .text          0x08000160      0x378 E:/ST/STM32CubeIDE_1.19.0/STM32CubeIDE/plugins/com.st.stm32cube.ide.mcu.externaltools.gnu-tools-for-stm32.13.3.rel1.win32_1.0.0.202411081344/tools/bin/../lib/gcc/arm-none-eabi/13.3.1/thumb/v7-m/nofp\libgcc.a(_arm_addsubdf3.o)
                0x08000160                __aeabi_drsub
                0x08000168                __aeabi_dsub
                0x08000168                __subdf3
                0x0800016c                __aeabi_dadd
                0x0800016c                __adddf3
                0x080003e4                __floatunsidf
                0x080003e4                __aeabi_ui2d
                0x08000404                __floatsidf
                0x08000404                __aeabi_i2d
                0x08000428                __aeabi_f2d
                0x08000428                __extendsfdf2
                0x0800046c                __floatundidf
                0x0800046c                __aeabi_ul2d
                0x0800047c                __floatdidf
                0x0800047c                __aeabi_l2d
 .text          0x080004d8      0x424 E:/ST/STM32CubeIDE_1.19.0/STM32CubeIDE/plugins/com.st.stm32cube.ide.mcu.externaltools.gnu-tools-for-stm32.13.3.rel1.win32_1.0.0.202411081344/tools/bin/../lib/gcc/arm-none-eabi/13.3.1/thumb/v7-m/nofp\libgcc.a(_arm_muldivdf3.o)
                0x080004d8                __aeabi_dmul
                0x080004d8                __muldf3
                0x0800072c                __divdf3
                0x0800072c                __aeabi_ddiv
 .text          0x080008fc      0x110 E:/ST/STM32CubeIDE_1.19.0/STM32CubeIDE/plugins/com.st.stm32cube.ide.mcu.externaltools.gnu-tools-for-stm32.13.3.rel1.win32_1.0.0.202411081344/tools/bin/../lib/gcc/arm-none-eabi/13.3.1/thumb/v7-m/nofp\libgcc.a(_arm_cmpdf2.o)
                0x080008fc                __gtdf2
                0x080008fc                __gedf2
                0x08000904                __ltdf2
                0x08000904                __ledf2
                0x0800090c                __nedf2
                0x0800090c                __eqdf2
                0x0800090c                __cmpdf2
                0x08000988                __aeabi_cdrcmple
                0x08000998                __aeabi_cdcmpeq
                0x08000998                __aeabi_cdcmple
                0x080009a8                __aeabi_dcmpeq
                0x080009bc                __aeabi_dcmplt
                0x080009d0                __aeabi_dcmple
                0x080009e4                __aeabi_dcmpge
                0x080009f8                __aeabi_dcmpgt
 .text          0x08000a0c       0x2c E:/ST/STM32CubeIDE_1.19.0/STM32CubeIDE/plugins/com.st.stm32cube.ide.mcu.externaltools.gnu-tools-for-stm32.13.3.rel1.win32_1.0.0.202411081344/tools/bin/../lib/gcc/arm-none-eabi/13.3.1/thumb/v7-m/nofp\libgcc.a(_arm_unorddf2.o)
                0x08000a0c                __unorddf2
                0x08000a0c                __aeabi_dcmpun
 .text          0x08000a38       0x50 E:/ST/STM32CubeIDE_1.19.0/STM32CubeIDE/plugins/com.st.stm32cube.ide.mcu.externaltools.gnu-tools-for-stm32.13.3.rel1.win32_1.0.0.202411081344/tools/bin/../lib/gcc/arm-none-eabi/13.3.1/thumb/v7-m/nofp\libgcc.a(_arm_fixdfsi.o)
                0x08000a38                __aeabi_d2iz
                0x08000a38                __fixdfsi
 .text          0x08000a88      0x21c E:/ST/STM32CubeIDE_1.19.0/STM32CubeIDE/plugins/com.st.stm32cube.ide.mcu.externaltools.gnu-tools-for-stm32.13.3.rel1.win32_1.0.0.202411081344/tools/bin/../lib/gcc/arm-none-eabi/13.3.1/thumb/v7-m/nofp\libgcc.a(_arm_addsubsf3.o)
                0x08000a88                __aeabi_frsub
                0x08000a90                __subsf3
                0x08000a90                __aeabi_fsub
                0x08000a94                __aeabi_fadd
                0x08000a94                __addsf3
                0x08000bf4                __aeabi_ui2f
                0x08000bf4                __floatunsisf
                0x08000bfc                __aeabi_i2f
                0x08000bfc                __floatsisf
                0x08000c18                __aeabi_ul2f
                0x08000c18                __floatundisf
                0x08000c28                __aeabi_l2f
                0x08000c28                __floatdisf
 .text          0x08000ca4      0x2a0 E:/ST/STM32CubeIDE_1.19.0/STM32CubeIDE/plugins/com.st.stm32cube.ide.mcu.externaltools.gnu-tools-for-stm32.13.3.rel1.win32_1.0.0.202411081344/tools/bin/../lib/gcc/arm-none-eabi/13.3.1/thumb/v7-m/nofp\libgcc.a(_arm_muldivsf3.o)
                0x08000ca4                __mulsf3
                0x08000ca4                __aeabi_fmul
                0x08000e0c                __aeabi_fdiv
                0x08000e0c                __divsf3
 .text          0x08000f44       0xec E:/ST/STM32CubeIDE_1.19.0/STM32CubeIDE/plugins/com.st.stm32cube.ide.mcu.externaltools.gnu-tools-for-stm32.13.3.rel1.win32_1.0.0.202411081344/tools/bin/../lib/gcc/arm-none-eabi/13.3.1/thumb/v7-m/nofp\libgcc.a(_arm_cmpsf2.o)
                0x08000f44                __gesf2
                0x08000f44                __gtsf2
                0x08000f4c                __lesf2
                0x08000f4c                __ltsf2
                0x08000f54                __nesf2
                0x08000f54                __eqsf2
                0x08000f54                __cmpsf2
                0x08000fb4                __aeabi_cfrcmple
                0x08000fbc                __aeabi_cfcmpeq
                0x08000fbc                __aeabi_cfcmple
                0x08000fcc                __aeabi_fcmpeq
                0x08000fe0                __aeabi_fcmplt
                0x08000ff4                __aeabi_fcmple
                0x08001008                __aeabi_fcmpge
                0x0800101c                __aeabi_fcmpgt
 .text          0x08001030       0x2c E:/ST/STM32CubeIDE_1.19.0/STM32CubeIDE/plugins/com.st.stm32cube.ide.mcu.externaltools.gnu-tools-for-stm32.13.3.rel1.win32_1.0.0.202411081344/tools/bin/../lib/gcc/arm-none-eabi/13.3.1/thumb/v7-m/nofp\libgcc.a(_arm_unordsf2.o)
                0x08001030                __unordsf2
                0x08001030                __aeabi_fcmpun
 .text          0x0800105c       0x4c E:/ST/STM32CubeIDE_1.19.0/STM32CubeIDE/plugins/com.st.stm32cube.ide.mcu.externaltools.gnu-tools-for-stm32.13.3.rel1.win32_1.0.0.202411081344/tools/bin/../lib/gcc/arm-none-eabi/13.3.1/thumb/v7-m/nofp\libgcc.a(_arm_fixsfsi.o)
                0x0800105c                __aeabi_f2iz
                0x0800105c                __fixsfsi
 *(.text*)
 .text.BNO055_GetGyro
                0x080010a8        0x6 ./Core/Src/bno055.o
                0x080010a8                BNO055_GetGyro
 .text.BNO055_GetEuler
                0x080010ae        0x6 ./Core/Src/bno055.o
                0x080010ae                BNO055_GetEuler
 .text.BNO055_GetQuaternion
                0x080010b4        0x6 ./Core/Src/bno055.o
                0x080010b4                BNO055_GetQuaternion
 .text.BNO055_GetLinearAccel
                0x080010ba        0x6 ./Core/Src/bno055.o
                0x080010ba                BNO055_GetLinearAccel
 .text.BNO055_GetErrorCode
                0x080010c0        0xa ./Core/Src/bno055.o
                0x080010c0                BNO055_GetErrorCode
 .text.BNO055_WriteRegister
                0x080010ca       0x30 ./Core/Src/bno055.o
                0x080010ca                BNO055_WriteRegister
 .text.BNO055_SetOperationMode
                0x080010fa       0x26 ./Core/Src/bno055.o
                0x080010fa                BNO055_SetOperationMode
 .text.BNO055_SetPowerMode
                0x08001120        0xe ./Core/Src/bno055.o
                0x08001120                BNO055_SetPowerMode
 .text.BNO055_ReadRegister
                0x0800112e       0x30 ./Core/Src/bno055.o
                0x0800112e                BNO055_ReadRegister
 .text.BNO055_ReadID
                0x0800115e       0x10 ./Core/Src/bno055.o
                0x0800115e                BNO055_ReadID
 .text.BNO055_ReadCalibStatus
                0x0800116e       0x3e ./Core/Src/bno055.o
                0x0800116e                BNO055_ReadCalibStatus
 .text.BNO055_ReadTemperature
                0x080011ac       0x24 ./Core/Src/bno055.o
                0x080011ac                BNO055_ReadTemperature
 .text.BNO055_ReadSystemStatus
                0x080011d0       0x32 ./Core/Src/bno055.o
                0x080011d0                BNO055_ReadSystemStatus
 .text.BNO055_Init
                0x08001202       0xf2 ./Core/Src/bno055.o
                0x08001202                BNO055_Init
 .text.BNO055_ReadRegisters
                0x080012f4       0x34 ./Core/Src/bno055.o
                0x080012f4                BNO055_ReadRegisters
 .text.BNO055_ReadAccel
                0x08001328       0x2e ./Core/Src/bno055.o
                0x08001328                BNO055_ReadAccel
 .text.BNO055_ReadGyro
                0x08001356       0x26 ./Core/Src/bno055.o
                0x08001356                BNO055_ReadGyro
 .text.BNO055_ReadMag
                0x0800137c       0x2e ./Core/Src/bno055.o
                0x0800137c                BNO055_ReadMag
 .text.BNO055_ReadEuler
                0x080013aa       0x5a ./Core/Src/bno055.o
                0x080013aa                BNO055_ReadEuler
 .text.BNO055_ReadQuaternion
                0x08001404       0x72 ./Core/Src/bno055.o
                0x08001404                BNO055_ReadQuaternion
 .text.BNO055_ReadLinearAccel
                0x08001476       0x26 ./Core/Src/bno055.o
                0x08001476                BNO055_ReadLinearAccel
 .text.BNO055_ReadAllSensors
                0x0800149c       0x6c ./Core/Src/bno055.o
                0x0800149c                BNO055_ReadAllSensors
 .text.MAFilter_Init
                0x08001508        0x8 ./Core/Src/filter.o
                0x08001508                MAFilter_Init
 .text.MAFilter_Update
                0x08001510       0x48 ./Core/Src/filter.o
                0x08001510                MAFilter_Update
 .text.MX_I2C1_Init
                0x08001558       0x38 ./Core/Src/main.o
 .text.DebugPrint
                0x08001590       0x3c ./Core/Src/main.o
                0x08001590                DebugPrint
 .text.Modbus_OnRegisterRead
                0x080015cc      0x168 ./Core/Src/main.o
                0x080015cc                Modbus_OnRegisterRead
 .text.Modbus_OnRegisterWrite
                0x08001734       0xdc ./Core/Src/main.o
                0x08001734                Modbus_OnRegisterWrite
 .text.StartDefaultTask
                0x08001810       0xc4 ./Core/Src/main.o
                0x08001810                StartDefaultTask
 .text.StartModbusTask
                0x080018d4       0x20 ./Core/Src/main.o
                0x080018d4                StartModbusTask
 .text.StartSensorTask
                0x080018f4      0x444 ./Core/Src/main.o
                0x080018f4                StartSensorTask
 .text.StartNfcTask
                0x08001d38      0x250 ./Core/Src/main.o
                0x08001d38                StartNfcTask
 .text.SystemClock_Config
                0x08001f88       0x56 ./Core/Src/main.o
                0x08001f88                SystemClock_Config
 *fill*         0x08001fde        0x2 
 .text.I2C_Scanner
                0x08001fe0      0x1a0 ./Core/Src/main.o
                0x08001fe0                I2C_Scanner
 .text.SystemInit_Modules
                0x08002180      0x1a4 ./Core/Src/main.o
                0x08002180                SystemInit_Modules
 .text.startup.main
                0x08002324      0x310 ./Core/Src/main.o
                0x08002324                main
 .text.Modbus_Init
                0x08002634       0x5c ./Core/Src/modbus_slave.o
                0x08002634                Modbus_Init
 .text.Modbus_SetConfig
                0x08002690       0x80 ./Core/Src/modbus_slave.o
                0x08002690                Modbus_SetConfig
 .text.Modbus_CRC16
                0x08002710       0x34 ./Core/Src/modbus_slave.o
                0x08002710                Modbus_CRC16
 .text.Modbus_SendResponse
                0x08002744       0x5c ./Core/Src/modbus_slave.o
 .text.Modbus_UART_RxCallback
                0x080027a0       0x4c ./Core/Src/modbus_slave.o
                0x080027a0                Modbus_UART_RxCallback
 .text.Modbus_Process
                0x080027ec      0x354 ./Core/Src/modbus_slave.o
                0x080027ec                Modbus_Process
 .text.Modbus_WriteRegister
                0x08002b40       0x14 ./Core/Src/modbus_slave.o
                0x08002b40                Modbus_WriteRegister
 .text.Modbus_RegisterReadCallback
                0x08002b54        0x8 ./Core/Src/modbus_slave.o
                0x08002b54                Modbus_RegisterReadCallback
 .text.Modbus_RegisterWriteCallback
                0x08002b5c        0x8 ./Core/Src/modbus_slave.o
                0x08002b5c                Modbus_RegisterWriteCallback
 .text.Modbus_TIM_TimeoutCallback
                0x08002b64        0x2 ./Core/Src/modbus_slave.o
                0x08002b64                Modbus_TIM_TimeoutCallback
 *fill*         0x08002b66        0x2 
 .text.waitready
                0x08002b68       0x48 ./Core/Src/pn532.o
 .text.readdata
                0x08002bb0       0x44 ./Core/Src/pn532.o
 .text.reset    0x08002bf4       0x34 ./Core/Src/pn532.o
                0x08002bf4                reset
 .text.sendCommandCheckAck
                0x08002c28       0xb4 ./Core/Src/pn532.o
                0x08002c28                sendCommandCheckAck
 .text.SAMConfig
                0x08002cdc       0x34 ./Core/Src/pn532.o
                0x08002cdc                SAMConfig
 .text.wakeup   0x08002d10       0x34 ./Core/Src/pn532.o
                0x08002d10                wakeup
 .text.PN532_Init
                0x08002d44       0x30 ./Core/Src/pn532.o
                0x08002d44                PN532_Init
 .text.getFirmwareVersion
                0x08002d74       0x28 ./Core/Src/pn532.o
                0x08002d74                getFirmwareVersion
 .text.setPassiveActivationRetries
                0x08002d9c       0x34 ./Core/Src/pn532.o
                0x08002d9c                setPassiveActivationRetries
 .text.readDetectedPassiveTargetID
                0x08002dd0       0x3c ./Core/Src/pn532.o
                0x08002dd0                readDetectedPassiveTargetID
 .text.readPassiveTargetID
                0x08002e0c       0x50 ./Core/Src/pn532.o
                0x08002e0c                readPassiveTargetID
 .text.HAL_MspInit
                0x08002e5c       0x50 ./Core/Src/stm32f1xx_hal_msp.o
                0x08002e5c                HAL_MspInit
 .text.HAL_I2C_MspInit
                0x08002eac       0x64 ./Core/Src/stm32f1xx_hal_msp.o
                0x08002eac                HAL_I2C_MspInit
 .text.HAL_I2C_MspDeInit
                0x08002f10       0x38 ./Core/Src/stm32f1xx_hal_msp.o
                0x08002f10                HAL_I2C_MspDeInit
 .text.HAL_TIM_Base_MspInit
                0x08002f48       0x3c ./Core/Src/stm32f1xx_hal_msp.o
                0x08002f48                HAL_TIM_Base_MspInit
 .text.HAL_UART_MspInit
                0x08002f84       0xf0 ./Core/Src/stm32f1xx_hal_msp.o
                0x08002f84                HAL_UART_MspInit
 .text.HAL_UART_MspDeInit
                0x08003074       0x58 ./Core/Src/stm32f1xx_hal_msp.o
                0x08003074                HAL_UART_MspDeInit
 .text.NMI_Handler
                0x080030cc        0x2 ./Core/Src/stm32f1xx_it.o
                0x080030cc                NMI_Handler
 .text.HardFault_Handler
                0x080030ce        0x2 ./Core/Src/stm32f1xx_it.o
                0x080030ce                HardFault_Handler
 .text.MemManage_Handler
                0x080030d0        0x2 ./Core/Src/stm32f1xx_it.o
                0x080030d0                MemManage_Handler
 .text.BusFault_Handler
                0x080030d2        0x2 ./Core/Src/stm32f1xx_it.o
                0x080030d2                BusFault_Handler
 .text.UsageFault_Handler
                0x080030d4        0x2 ./Core/Src/stm32f1xx_it.o
                0x080030d4                UsageFault_Handler
 .text.DebugMon_Handler
                0x080030d6        0x2 ./Core/Src/stm32f1xx_it.o
                0x080030d6                DebugMon_Handler
 .text.SysTick_Handler
                0x080030d8       0x18 ./Core/Src/stm32f1xx_it.o
                0x080030d8                SysTick_Handler
 .text.TIM2_IRQHandler
                0x080030f0        0xc ./Core/Src/stm32f1xx_it.o
                0x080030f0                TIM2_IRQHandler
 .text.USART1_IRQHandler
                0x080030fc        0xc ./Core/Src/stm32f1xx_it.o
                0x080030fc                USART1_IRQHandler
 .text.USART2_IRQHandler
                0x08003108        0xc ./Core/Src/stm32f1xx_it.o
                0x08003108                USART2_IRQHandler
 .text.HAL_UART_RxCpltCallback
                0x08003114       0x20 ./Core/Src/stm32f1xx_it.o
                0x08003114                HAL_UART_RxCpltCallback
 .text.HAL_TIM_PeriodElapsedCallback
                0x08003134       0x14 ./Core/Src/stm32f1xx_it.o
                0x08003134                HAL_TIM_PeriodElapsedCallback
 .text._getpid  0x08003148        0x4 ./Core/Src/syscalls.o
                0x08003148                _getpid
 .text._kill    0x0800314c       0x10 ./Core/Src/syscalls.o
                0x0800314c                _kill
 .text._exit    0x0800315c        0xc ./Core/Src/syscalls.o
                0x0800315c                _exit
 .text._read    0x08003168       0x1c ./Core/Src/syscalls.o
                0x08003168                _read
 .text._write   0x08003184       0x1c ./Core/Src/syscalls.o
                0x08003184                _write
 .text._close   0x080031a0        0x6 ./Core/Src/syscalls.o
                0x080031a0                _close
 .text._fstat   0x080031a6        0xa ./Core/Src/syscalls.o
                0x080031a6                _fstat
 .text._isatty  0x080031b0        0x4 ./Core/Src/syscalls.o
                0x080031b0                _isatty
 .text._lseek   0x080031b4        0x4 ./Core/Src/syscalls.o
                0x080031b4                _lseek
 .text._sbrk    0x080031b8       0x40 ./Core/Src/sysmem.o
                0x080031b8                _sbrk
 .text.SystemInit
                0x080031f8        0x2 ./Core/Src/system_stm32f1xx.o
                0x080031f8                SystemInit
 *fill*         0x080031fa        0x2 
 .text.Reset_Handler
                0x080031fc       0x48 ./Core/Startup/startup_stm32f103c8tx.o
                0x080031fc                Reset_Handler
 .text.Default_Handler
                0x08003244        0x2 ./Core/Startup/startup_stm32f103c8tx.o
                0x08003244                RTC_Alarm_IRQHandler
                0x08003244                EXTI2_IRQHandler
                0x08003244                TIM1_CC_IRQHandler
                0x08003244                PVD_IRQHandler
                0x08003244                EXTI3_IRQHandler
                0x08003244                EXTI0_IRQHandler
                0x08003244                I2C2_EV_IRQHandler
                0x08003244                ADC1_2_IRQHandler
                0x08003244                SPI1_IRQHandler
                0x08003244                TAMPER_IRQHandler
                0x08003244                DMA1_Channel4_IRQHandler
                0x08003244                USART3_IRQHandler
                0x08003244                RTC_IRQHandler
                0x08003244                DMA1_Channel7_IRQHandler
                0x08003244                CAN1_RX1_IRQHandler
                0x08003244                TIM4_IRQHandler
                0x08003244                I2C1_EV_IRQHandler
                0x08003244                DMA1_Channel6_IRQHandler
                0x08003244                TIM3_IRQHandler
                0x08003244                RCC_IRQHandler
                0x08003244                TIM1_TRG_COM_IRQHandler
                0x08003244                DMA1_Channel1_IRQHandler
                0x08003244                Default_Handler
                0x08003244                EXTI15_10_IRQHandler
                0x08003244                EXTI9_5_IRQHandler
                0x08003244                SPI2_IRQHandler
                0x08003244                DMA1_Channel5_IRQHandler
                0x08003244                EXTI4_IRQHandler
                0x08003244                USB_LP_CAN1_RX0_IRQHandler
                0x08003244                USB_HP_CAN1_TX_IRQHandler
                0x08003244                DMA1_Channel3_IRQHandler
                0x08003244                TIM1_UP_IRQHandler
                0x08003244                WWDG_IRQHandler
                0x08003244                TIM1_BRK_IRQHandler
                0x08003244                EXTI1_IRQHandler
                0x08003244                I2C2_ER_IRQHandler
                0x08003244                DMA1_Channel2_IRQHandler
                0x08003244                CAN1_SCE_IRQHandler
                0x08003244                FLASH_IRQHandler
                0x08003244                I2C1_ER_IRQHandler
                0x08003244                USBWakeUp_IRQHandler
 *fill*         0x08003246        0x2 
 .text.HAL_InitTick
                0x08003248       0x48 ./Drivers/STM32F1xx_HAL_Driver/Src/stm32f1xx_hal.o
                0x08003248                HAL_InitTick
 .text.HAL_Init
                0x08003290       0x24 ./Drivers/STM32F1xx_HAL_Driver/Src/stm32f1xx_hal.o
                0x08003290                HAL_Init
 .text.HAL_IncTick
                0x080032b4       0x18 ./Drivers/STM32F1xx_HAL_Driver/Src/stm32f1xx_hal.o
                0x080032b4                HAL_IncTick
 .text.HAL_GetTick
                0x080032cc        0xc ./Drivers/STM32F1xx_HAL_Driver/Src/stm32f1xx_hal.o
                0x080032cc                HAL_GetTick
 .text.HAL_Delay
                0x080032d8       0x24 ./Drivers/STM32F1xx_HAL_Driver/Src/stm32f1xx_hal.o
                0x080032d8                HAL_Delay
 .text.HAL_NVIC_SetPriorityGrouping
                0x080032fc       0x24 ./Drivers/STM32F1xx_HAL_Driver/Src/stm32f1xx_hal_cortex.o
                0x080032fc                HAL_NVIC_SetPriorityGrouping
 .text.HAL_NVIC_SetPriority
                0x08003320       0x60 ./Drivers/STM32F1xx_HAL_Driver/Src/stm32f1xx_hal_cortex.o
                0x08003320                HAL_NVIC_SetPriority
 .text.HAL_NVIC_EnableIRQ
                0x08003380       0x1c ./Drivers/STM32F1xx_HAL_Driver/Src/stm32f1xx_hal_cortex.o
                0x08003380                HAL_NVIC_EnableIRQ
 .text.HAL_NVIC_DisableIRQ
                0x0800339c       0x24 ./Drivers/STM32F1xx_HAL_Driver/Src/stm32f1xx_hal_cortex.o
                0x0800339c                HAL_NVIC_DisableIRQ
 .text.HAL_SYSTICK_Config
                0x080033c0       0x28 ./Drivers/STM32F1xx_HAL_Driver/Src/stm32f1xx_hal_cortex.o
                0x080033c0                HAL_SYSTICK_Config
 .text.HAL_DMA_Abort
                0x080033e8       0x3e ./Drivers/STM32F1xx_HAL_Driver/Src/stm32f1xx_hal_dma.o
                0x080033e8                HAL_DMA_Abort
 *fill*         0x08003426        0x2 
 .text.HAL_DMA_Abort_IT
                0x08003428       0x8c ./Drivers/STM32F1xx_HAL_Driver/Src/stm32f1xx_hal_dma.o
                0x08003428                HAL_DMA_Abort_IT
 .text.HAL_GPIO_Init
                0x080034b4      0x1a8 ./Drivers/STM32F1xx_HAL_Driver/Src/stm32f1xx_hal_gpio.o
                0x080034b4                HAL_GPIO_Init
 .text.HAL_GPIO_DeInit
                0x0800365c       0xdc ./Drivers/STM32F1xx_HAL_Driver/Src/stm32f1xx_hal_gpio.o
                0x0800365c                HAL_GPIO_DeInit
 .text.HAL_GPIO_ReadPin
                0x08003738        0xc ./Drivers/STM32F1xx_HAL_Driver/Src/stm32f1xx_hal_gpio.o
                0x08003738                HAL_GPIO_ReadPin
 .text.HAL_GPIO_WritePin
                0x08003744        0xa ./Drivers/STM32F1xx_HAL_Driver/Src/stm32f1xx_hal_gpio.o
                0x08003744                HAL_GPIO_WritePin
 .text.HAL_GPIO_TogglePin
                0x0800374e       0x12 ./Drivers/STM32F1xx_HAL_Driver/Src/stm32f1xx_hal_gpio.o
                0x0800374e                HAL_GPIO_TogglePin
 .text.I2C_IsAcknowledgeFailed
                0x08003760       0x32 ./Drivers/STM32F1xx_HAL_Driver/Src/stm32f1xx_hal_i2c.o
 .text.I2C_WaitOnFlagUntilTimeout
                0x08003792       0x80 ./Drivers/STM32F1xx_HAL_Driver/Src/stm32f1xx_hal_i2c.o
 .text.I2C_WaitOnMasterAddressFlagUntilTimeout
                0x08003812       0x84 ./Drivers/STM32F1xx_HAL_Driver/Src/stm32f1xx_hal_i2c.o
 .text.I2C_WaitOnTXEFlagUntilTimeout
                0x08003896       0x54 ./Drivers/STM32F1xx_HAL_Driver/Src/stm32f1xx_hal_i2c.o
 *fill*         0x080038ea        0x2 
 .text.I2C_RequestMemoryRead
                0x080038ec      0x108 ./Drivers/STM32F1xx_HAL_Driver/Src/stm32f1xx_hal_i2c.o
 .text.I2C_WaitOnBTFFlagUntilTimeout
                0x080039f4       0x54 ./Drivers/STM32F1xx_HAL_Driver/Src/stm32f1xx_hal_i2c.o
 .text.I2C_WaitOnRXNEFlagUntilTimeout
                0x08003a48       0x66 ./Drivers/STM32F1xx_HAL_Driver/Src/stm32f1xx_hal_i2c.o
 *fill*         0x08003aae        0x2 
 .text.HAL_I2C_Init
                0x08003ab0      0x150 ./Drivers/STM32F1xx_HAL_Driver/Src/stm32f1xx_hal_i2c.o
                0x08003ab0                HAL_I2C_Init
 .text.HAL_I2C_DeInit
                0x08003c00       0x32 ./Drivers/STM32F1xx_HAL_Driver/Src/stm32f1xx_hal_i2c.o
                0x08003c00                HAL_I2C_DeInit
 *fill*         0x08003c32        0x2 
 .text.HAL_I2C_Master_Transmit
                0x08003c34      0x1b4 ./Drivers/STM32F1xx_HAL_Driver/Src/stm32f1xx_hal_i2c.o
                0x08003c34                HAL_I2C_Master_Transmit
 .text.HAL_I2C_Master_Receive
                0x08003de8      0x358 ./Drivers/STM32F1xx_HAL_Driver/Src/stm32f1xx_hal_i2c.o
                0x08003de8                HAL_I2C_Master_Receive
 .text.HAL_I2C_Mem_Read
                0x08004140      0x288 ./Drivers/STM32F1xx_HAL_Driver/Src/stm32f1xx_hal_i2c.o
                0x08004140                HAL_I2C_Mem_Read
 .text.HAL_I2C_IsDeviceReady
                0x080043c8      0x168 ./Drivers/STM32F1xx_HAL_Driver/Src/stm32f1xx_hal_i2c.o
                0x080043c8                HAL_I2C_IsDeviceReady
 .text.HAL_RCC_OscConfig
                0x08004530      0x338 ./Drivers/STM32F1xx_HAL_Driver/Src/stm32f1xx_hal_rcc.o
                0x08004530                HAL_RCC_OscConfig
 .text.HAL_RCC_GetSysClockFreq
                0x08004868       0x4c ./Drivers/STM32F1xx_HAL_Driver/Src/stm32f1xx_hal_rcc.o
                0x08004868                HAL_RCC_GetSysClockFreq
 .text.HAL_RCC_ClockConfig
                0x080048b4      0x138 ./Drivers/STM32F1xx_HAL_Driver/Src/stm32f1xx_hal_rcc.o
                0x080048b4                HAL_RCC_ClockConfig
 .text.HAL_RCC_GetPCLK1Freq
                0x080049ec       0x20 ./Drivers/STM32F1xx_HAL_Driver/Src/stm32f1xx_hal_rcc.o
                0x080049ec                HAL_RCC_GetPCLK1Freq
 .text.HAL_RCC_GetPCLK2Freq
                0x08004a0c       0x20 ./Drivers/STM32F1xx_HAL_Driver/Src/stm32f1xx_hal_rcc.o
                0x08004a0c                HAL_RCC_GetPCLK2Freq
 .text.HAL_TIM_OC_DelayElapsedCallback
                0x08004a2c        0x2 ./Drivers/STM32F1xx_HAL_Driver/Src/stm32f1xx_hal_tim.o
                0x08004a2c                HAL_TIM_OC_DelayElapsedCallback
 .text.HAL_TIM_IC_CaptureCallback
                0x08004a2e        0x2 ./Drivers/STM32F1xx_HAL_Driver/Src/stm32f1xx_hal_tim.o
                0x08004a2e                HAL_TIM_IC_CaptureCallback
 .text.HAL_TIM_PWM_PulseFinishedCallback
                0x08004a30        0x2 ./Drivers/STM32F1xx_HAL_Driver/Src/stm32f1xx_hal_tim.o
                0x08004a30                HAL_TIM_PWM_PulseFinishedCallback
 .text.HAL_TIM_TriggerCallback
                0x08004a32        0x2 ./Drivers/STM32F1xx_HAL_Driver/Src/stm32f1xx_hal_tim.o
                0x08004a32                HAL_TIM_TriggerCallback
 .text.HAL_TIM_IRQHandler
                0x08004a34      0x128 ./Drivers/STM32F1xx_HAL_Driver/Src/stm32f1xx_hal_tim.o
                0x08004a34                HAL_TIM_IRQHandler
 .text.TIM_Base_SetConfig
                0x08004b5c       0x64 ./Drivers/STM32F1xx_HAL_Driver/Src/stm32f1xx_hal_tim.o
                0x08004b5c                TIM_Base_SetConfig
 .text.HAL_TIM_Base_Init
                0x08004bc0       0x58 ./Drivers/STM32F1xx_HAL_Driver/Src/stm32f1xx_hal_tim.o
                0x08004bc0                HAL_TIM_Base_Init
 .text.TIM_ETR_SetConfig
                0x08004c18       0x14 ./Drivers/STM32F1xx_HAL_Driver/Src/stm32f1xx_hal_tim.o
                0x08004c18                TIM_ETR_SetConfig
 .text.HAL_TIM_ConfigClockSource
                0x08004c2c      0x132 ./Drivers/STM32F1xx_HAL_Driver/Src/stm32f1xx_hal_tim.o
                0x08004c2c                HAL_TIM_ConfigClockSource
 *fill*         0x08004d5e        0x2 
 .text.HAL_TIMEx_MasterConfigSynchronization
                0x08004d60       0x5c ./Drivers/STM32F1xx_HAL_Driver/Src/stm32f1xx_hal_tim_ex.o
                0x08004d60                HAL_TIMEx_MasterConfigSynchronization
 .text.HAL_TIMEx_CommutCallback
                0x08004dbc        0x2 ./Drivers/STM32F1xx_HAL_Driver/Src/stm32f1xx_hal_tim_ex.o
                0x08004dbc                HAL_TIMEx_CommutCallback
 .text.HAL_TIMEx_BreakCallback
                0x08004dbe        0x2 ./Drivers/STM32F1xx_HAL_Driver/Src/stm32f1xx_hal_tim_ex.o
                0x08004dbe                HAL_TIMEx_BreakCallback
 .text.UART_EndRxTransfer
                0x08004dc0       0x5c ./Drivers/STM32F1xx_HAL_Driver/Src/stm32f1xx_hal_uart.o
 .text.UART_SetConfig
                0x08004e1c       0x74 ./Drivers/STM32F1xx_HAL_Driver/Src/stm32f1xx_hal_uart.o
 .text.UART_WaitOnFlagUntilTimeout.constprop.0
                0x08004e90       0x64 ./Drivers/STM32F1xx_HAL_Driver/Src/stm32f1xx_hal_uart.o
 .text.HAL_UART_Init
                0x08004ef4       0x5e ./Drivers/STM32F1xx_HAL_Driver/Src/stm32f1xx_hal_uart.o
                0x08004ef4                HAL_UART_Init
 .text.HAL_UART_DeInit
                0x08004f52       0x34 ./Drivers/STM32F1xx_HAL_Driver/Src/stm32f1xx_hal_uart.o
                0x08004f52                HAL_UART_DeInit
 .text.HAL_UART_Transmit
                0x08004f86       0x9c ./Drivers/STM32F1xx_HAL_Driver/Src/stm32f1xx_hal_uart.o
                0x08004f86                HAL_UART_Transmit
 .text.HAL_UART_TxCpltCallback
                0x08005022        0x2 ./Drivers/STM32F1xx_HAL_Driver/Src/stm32f1xx_hal_uart.o
                0x08005022                HAL_UART_TxCpltCallback
 .text.HAL_UART_ErrorCallback
                0x08005024        0x2 ./Drivers/STM32F1xx_HAL_Driver/Src/stm32f1xx_hal_uart.o
                0x08005024                HAL_UART_ErrorCallback
 .text.UART_DMAAbortOnError
                0x08005026       0x10 ./Drivers/STM32F1xx_HAL_Driver/Src/stm32f1xx_hal_uart.o
 .text.HAL_UARTEx_RxEventCallback
                0x08005036        0x2 ./Drivers/STM32F1xx_HAL_Driver/Src/stm32f1xx_hal_uart.o
                0x08005036                HAL_UARTEx_RxEventCallback
 .text.UART_Receive_IT.isra.0
                0x08005038       0xb6 ./Drivers/STM32F1xx_HAL_Driver/Src/stm32f1xx_hal_uart.o
 *fill*         0x080050ee        0x2 
 .text.HAL_UART_IRQHandler
                0x080050f0      0x294 ./Drivers/STM32F1xx_HAL_Driver/Src/stm32f1xx_hal_uart.o
                0x080050f0                HAL_UART_IRQHandler
 .text.UART_Start_Receive_IT
                0x08005384       0x32 ./Drivers/STM32F1xx_HAL_Driver/Src/stm32f1xx_hal_uart.o
                0x08005384                UART_Start_Receive_IT
 .text.HAL_UART_Receive_IT
                0x080053b6       0x22 ./Drivers/STM32F1xx_HAL_Driver/Src/stm32f1xx_hal_uart.o
                0x080053b6                HAL_UART_Receive_IT
 .text.osKernelInitialize
                0x080053d8       0x24 ./Middlewares/Third_Party/FreeRTOS/Source/CMSIS_RTOS_V2/cmsis_os2.o
                0x080053d8                osKernelInitialize
 .text.osKernelStart
                0x080053fc       0x34 ./Middlewares/Third_Party/FreeRTOS/Source/CMSIS_RTOS_V2/cmsis_os2.o
                0x080053fc                osKernelStart
 .text.osThreadNew
                0x08005430       0x88 ./Middlewares/Third_Party/FreeRTOS/Source/CMSIS_RTOS_V2/cmsis_os2.o
                0x08005430                osThreadNew
 .text.osDelay  0x080054b8       0x18 ./Middlewares/Third_Party/FreeRTOS/Source/CMSIS_RTOS_V2/cmsis_os2.o
                0x080054b8                osDelay
 .text.osEventFlagsNew
                0x080054d0       0x22 ./Middlewares/Third_Party/FreeRTOS/Source/CMSIS_RTOS_V2/cmsis_os2.o
                0x080054d0                osEventFlagsNew
 .text.osEventFlagsSet
                0x080054f2       0x52 ./Middlewares/Third_Party/FreeRTOS/Source/CMSIS_RTOS_V2/cmsis_os2.o
                0x080054f2                osEventFlagsSet
 .text.osEventFlagsClear
                0x08005544       0x3c ./Middlewares/Third_Party/FreeRTOS/Source/CMSIS_RTOS_V2/cmsis_os2.o
                0x08005544                osEventFlagsClear
 .text.osEventFlagsWait
                0x08005580       0x54 ./Middlewares/Third_Party/FreeRTOS/Source/CMSIS_RTOS_V2/cmsis_os2.o
                0x08005580                osEventFlagsWait
 .text.osMutexNew
                0x080055d4       0x70 ./Middlewares/Third_Party/FreeRTOS/Source/CMSIS_RTOS_V2/cmsis_os2.o
                0x080055d4                osMutexNew
 .text.osMutexAcquire
                0x08005644       0x46 ./Middlewares/Third_Party/FreeRTOS/Source/CMSIS_RTOS_V2/cmsis_os2.o
                0x08005644                osMutexAcquire
 .text.osMutexRelease
                0x0800568a       0x3e ./Middlewares/Third_Party/FreeRTOS/Source/CMSIS_RTOS_V2/cmsis_os2.o
                0x0800568a                osMutexRelease
 .text.osSemaphoreNew
                0x080056c8       0x94 ./Middlewares/Third_Party/FreeRTOS/Source/CMSIS_RTOS_V2/cmsis_os2.o
                0x080056c8                osSemaphoreNew
 .text.vApplicationGetIdleTaskMemory
                0x0800575c       0x18 ./Middlewares/Third_Party/FreeRTOS/Source/CMSIS_RTOS_V2/cmsis_os2.o
                0x0800575c                vApplicationGetIdleTaskMemory
 .text.vApplicationGetTimerTaskMemory
                0x08005774       0x18 ./Middlewares/Third_Party/FreeRTOS/Source/CMSIS_RTOS_V2/cmsis_os2.o
                0x08005774                vApplicationGetTimerTaskMemory
 .text.xEventGroupCreateStatic
                0x0800578c       0x48 ./Middlewares/Third_Party/FreeRTOS/Source/event_groups.o
                0x0800578c                xEventGroupCreateStatic
 .text.xEventGroupCreate
                0x080057d4       0x1c ./Middlewares/Third_Party/FreeRTOS/Source/event_groups.o
                0x080057d4                xEventGroupCreate
 .text.xEventGroupWaitBits
                0x080057f0      0x110 ./Middlewares/Third_Party/FreeRTOS/Source/event_groups.o
                0x080057f0                xEventGroupWaitBits
 .text.xEventGroupClearBits
                0x08005900       0x46 ./Middlewares/Third_Party/FreeRTOS/Source/event_groups.o
                0x08005900                xEventGroupClearBits
 .text.vEventGroupClearBitsCallback
                0x08005946        0x4 ./Middlewares/Third_Party/FreeRTOS/Source/event_groups.o
                0x08005946                vEventGroupClearBitsCallback
 *fill*         0x0800594a        0x2 
 .text.xEventGroupClearBitsFromISR
                0x0800594c       0x10 ./Middlewares/Third_Party/FreeRTOS/Source/event_groups.o
                0x0800594c                xEventGroupClearBitsFromISR
 .text.xEventGroupGetBitsFromISR
                0x0800595c       0x1c ./Middlewares/Third_Party/FreeRTOS/Source/event_groups.o
                0x0800595c                xEventGroupGetBitsFromISR
 .text.xEventGroupSetBits
                0x08005978       0x88 ./Middlewares/Third_Party/FreeRTOS/Source/event_groups.o
                0x08005978                xEventGroupSetBits
 .text.vEventGroupSetBitsCallback
                0x08005a00        0x4 ./Middlewares/Third_Party/FreeRTOS/Source/event_groups.o
                0x08005a00                vEventGroupSetBitsCallback
 .text.xEventGroupSetBitsFromISR
                0x08005a04       0x10 ./Middlewares/Third_Party/FreeRTOS/Source/event_groups.o
                0x08005a04                xEventGroupSetBitsFromISR
 .text.vListInitialise
                0x08005a14       0x16 ./Middlewares/Third_Party/FreeRTOS/Source/list.o
                0x08005a14                vListInitialise
 .text.vListInitialiseItem
                0x08005a2a        0x6 ./Middlewares/Third_Party/FreeRTOS/Source/list.o
                0x08005a2a                vListInitialiseItem
 .text.vListInsertEnd
                0x08005a30       0x16 ./Middlewares/Third_Party/FreeRTOS/Source/list.o
                0x08005a30                vListInsertEnd
 .text.vListInsert
                0x08005a46       0x2e ./Middlewares/Third_Party/FreeRTOS/Source/list.o
                0x08005a46                vListInsert
 .text.uxListRemove
                0x08005a74       0x20 ./Middlewares/Third_Party/FreeRTOS/Source/list.o
                0x08005a74                uxListRemove
 .text.prvIsQueueEmpty
                0x08005a94       0x16 ./Middlewares/Third_Party/FreeRTOS/Source/queue.o
 .text.prvCopyDataToQueue
                0x08005aaa       0x66 ./Middlewares/Third_Party/FreeRTOS/Source/queue.o
 .text.prvCopyDataFromQueue
                0x08005b10       0x28 ./Middlewares/Third_Party/FreeRTOS/Source/queue.o
 .text.prvUnlockQueue
                0x08005b38       0x6c ./Middlewares/Third_Party/FreeRTOS/Source/queue.o
 .text.xQueueGenericReset
                0x08005ba4       0x7e ./Middlewares/Third_Party/FreeRTOS/Source/queue.o
                0x08005ba4                xQueueGenericReset
 .text.xQueueGenericCreateStatic
                0x08005c22       0x9c ./Middlewares/Third_Party/FreeRTOS/Source/queue.o
                0x08005c22                xQueueGenericCreateStatic
 .text.xQueueGenericCreate
                0x08005cbe       0x4e ./Middlewares/Third_Party/FreeRTOS/Source/queue.o
                0x08005cbe                xQueueGenericCreate
 .text.xQueueCreateCountingSemaphoreStatic
                0x08005d0c       0x44 ./Middlewares/Third_Party/FreeRTOS/Source/queue.o
                0x08005d0c                xQueueCreateCountingSemaphoreStatic
 .text.xQueueCreateCountingSemaphore
                0x08005d50       0x3c ./Middlewares/Third_Party/FreeRTOS/Source/queue.o
                0x08005d50                xQueueCreateCountingSemaphore
 .text.xQueueGenericSend
                0x08005d8c      0x164 ./Middlewares/Third_Party/FreeRTOS/Source/queue.o
                0x08005d8c                xQueueGenericSend
 .text.xQueueCreateMutexStatic
                0x08005ef0       0x2a ./Middlewares/Third_Party/FreeRTOS/Source/queue.o
                0x08005ef0                xQueueCreateMutexStatic
 .text.xQueueGiveMutexRecursive
                0x08005f1a       0x3e ./Middlewares/Third_Party/FreeRTOS/Source/queue.o
                0x08005f1a                xQueueGiveMutexRecursive
 .text.xQueueCreateMutex
                0x08005f58       0x3a ./Middlewares/Third_Party/FreeRTOS/Source/queue.o
                0x08005f58                xQueueCreateMutex
 .text.xQueueGenericSendFromISR
                0x08005f92       0xba ./Middlewares/Third_Party/FreeRTOS/Source/queue.o
                0x08005f92                xQueueGenericSendFromISR
 .text.xQueueReceive
                0x0800604c      0x13c ./Middlewares/Third_Party/FreeRTOS/Source/queue.o
                0x0800604c                xQueueReceive
 .text.xQueueSemaphoreTake
                0x08006188      0x17a ./Middlewares/Third_Party/FreeRTOS/Source/queue.o
                0x08006188                xQueueSemaphoreTake
 .text.xQueueTakeMutexRecursive
                0x08006302       0x42 ./Middlewares/Third_Party/FreeRTOS/Source/queue.o
                0x08006302                xQueueTakeMutexRecursive
 .text.vQueueAddToRegistry
                0x08006344       0x24 ./Middlewares/Third_Party/FreeRTOS/Source/queue.o
                0x08006344                vQueueAddToRegistry
 .text.vQueueUnregisterQueue
                0x08006368       0x30 ./Middlewares/Third_Party/FreeRTOS/Source/queue.o
                0x08006368                vQueueUnregisterQueue
 .text.vQueueDelete
                0x08006398       0x2a ./Middlewares/Third_Party/FreeRTOS/Source/queue.o
                0x08006398                vQueueDelete
 .text.vQueueWaitForMessageRestricted
                0x080063c2       0x46 ./Middlewares/Third_Party/FreeRTOS/Source/queue.o
                0x080063c2                vQueueWaitForMessageRestricted
 .text.prvAddNewTaskToReadyList
                0x08006408      0x100 ./Middlewares/Third_Party/FreeRTOS/Source/tasks.o
 .text.prvAddCurrentTaskToDelayedList
                0x08006508       0x70 ./Middlewares/Third_Party/FreeRTOS/Source/tasks.o
 .text.prvResetNextTaskUnblockTime
                0x08006578       0x24 ./Middlewares/Third_Party/FreeRTOS/Source/tasks.o
 .text.prvDeleteTCB
                0x0800659c       0x36 ./Middlewares/Third_Party/FreeRTOS/Source/tasks.o
 *fill*         0x080065d2        0x2 
 .text.prvIdleTask
                0x080065d4       0x60 ./Middlewares/Third_Party/FreeRTOS/Source/tasks.o
 .text.prvInitialiseNewTask.constprop.0
                0x08006634       0x96 ./Middlewares/Third_Party/FreeRTOS/Source/tasks.o
 .text.xTaskCreateStatic
                0x080066ca       0x70 ./Middlewares/Third_Party/FreeRTOS/Source/tasks.o
                0x080066ca                xTaskCreateStatic
 .text.xTaskCreate
                0x0800673a       0x5c ./Middlewares/Third_Party/FreeRTOS/Source/tasks.o
                0x0800673a                xTaskCreate
 *fill*         0x08006796        0x2 
 .text.vTaskStartScheduler
                0x08006798       0x8c ./Middlewares/Third_Party/FreeRTOS/Source/tasks.o
                0x08006798                vTaskStartScheduler
 .text.vTaskSuspendAll
                0x08006824       0x10 ./Middlewares/Third_Party/FreeRTOS/Source/tasks.o
                0x08006824                vTaskSuspendAll
 .text.xTaskGetTickCount
                0x08006834        0xc ./Middlewares/Third_Party/FreeRTOS/Source/tasks.o
                0x08006834                xTaskGetTickCount
 .text.xTaskIncrementTick
                0x08006840      0x130 ./Middlewares/Third_Party/FreeRTOS/Source/tasks.o
                0x08006840                xTaskIncrementTick
 .text.xTaskResumeAll
                0x08006970       0xe8 ./Middlewares/Third_Party/FreeRTOS/Source/tasks.o
                0x08006970                xTaskResumeAll
 .text.vTaskDelay
                0x08006a58       0x48 ./Middlewares/Third_Party/FreeRTOS/Source/tasks.o
                0x08006a58                vTaskDelay
 .text.vTaskSwitchContext
                0x08006aa0       0x78 ./Middlewares/Third_Party/FreeRTOS/Source/tasks.o
                0x08006aa0                vTaskSwitchContext
 .text.vTaskPlaceOnEventList
                0x08006b18       0x34 ./Middlewares/Third_Party/FreeRTOS/Source/tasks.o
                0x08006b18                vTaskPlaceOnEventList
 .text.vTaskPlaceOnUnorderedEventList
                0x08006b4c       0x58 ./Middlewares/Third_Party/FreeRTOS/Source/tasks.o
                0x08006b4c                vTaskPlaceOnUnorderedEventList
 .text.vTaskPlaceOnEventListRestricted
                0x08006ba4       0x40 ./Middlewares/Third_Party/FreeRTOS/Source/tasks.o
                0x08006ba4                vTaskPlaceOnEventListRestricted
 .text.xTaskRemoveFromEventList
                0x08006be4       0x80 ./Middlewares/Third_Party/FreeRTOS/Source/tasks.o
                0x08006be4                xTaskRemoveFromEventList
 .text.vTaskRemoveFromUnorderedEventList
                0x08006c64       0x84 ./Middlewares/Third_Party/FreeRTOS/Source/tasks.o
                0x08006c64                vTaskRemoveFromUnorderedEventList
 .text.vTaskInternalSetTimeOutState
                0x08006ce8       0x18 ./Middlewares/Third_Party/FreeRTOS/Source/tasks.o
                0x08006ce8                vTaskInternalSetTimeOutState
 .text.xTaskCheckForTimeOut
                0x08006d00       0x78 ./Middlewares/Third_Party/FreeRTOS/Source/tasks.o
                0x08006d00                xTaskCheckForTimeOut
 .text.vTaskMissedYield
                0x08006d78        0xc ./Middlewares/Third_Party/FreeRTOS/Source/tasks.o
                0x08006d78                vTaskMissedYield
 .text.xTaskGetCurrentTaskHandle
                0x08006d84        0xc ./Middlewares/Third_Party/FreeRTOS/Source/tasks.o
                0x08006d84                xTaskGetCurrentTaskHandle
 .text.xTaskGetSchedulerState
                0x08006d90       0x20 ./Middlewares/Third_Party/FreeRTOS/Source/tasks.o
                0x08006d90                xTaskGetSchedulerState
 .text.xTaskPriorityInherit
                0x08006db0       0x7c ./Middlewares/Third_Party/FreeRTOS/Source/tasks.o
                0x08006db0                xTaskPriorityInherit
 .text.xTaskPriorityDisinherit
                0x08006e2c       0x84 ./Middlewares/Third_Party/FreeRTOS/Source/tasks.o
                0x08006e2c                xTaskPriorityDisinherit
 .text.vTaskPriorityDisinheritAfterTimeout
                0x08006eb0       0x9c ./Middlewares/Third_Party/FreeRTOS/Source/tasks.o
                0x08006eb0                vTaskPriorityDisinheritAfterTimeout
 .text.uxTaskResetEventItemValue
                0x08006f4c       0x18 ./Middlewares/Third_Party/FreeRTOS/Source/tasks.o
                0x08006f4c                uxTaskResetEventItemValue
 .text.pvTaskIncrementMutexHeldCount
                0x08006f64       0x18 ./Middlewares/Third_Party/FreeRTOS/Source/tasks.o
                0x08006f64                pvTaskIncrementMutexHeldCount
 .text.prvInsertTimerInActiveList
                0x08006f7c       0x3c ./Middlewares/Third_Party/FreeRTOS/Source/timers.o
 .text.prvCheckForValidListAndQueue
                0x08006fb8       0x68 ./Middlewares/Third_Party/FreeRTOS/Source/timers.o
 .text.xTimerCreateTimerTask
                0x08007020       0x64 ./Middlewares/Third_Party/FreeRTOS/Source/timers.o
                0x08007020                xTimerCreateTimerTask
 .text.xTimerGenericCommand
                0x08007084       0x58 ./Middlewares/Third_Party/FreeRTOS/Source/timers.o
                0x08007084                xTimerGenericCommand
 .text.prvSampleTimeNow
                0x080070dc       0xa4 ./Middlewares/Third_Party/FreeRTOS/Source/timers.o
 .text.prvTimerTask
                0x08007180      0x1cc ./Middlewares/Third_Party/FreeRTOS/Source/timers.o
 .text.xTimerPendFunctionCallFromISR
                0x0800734c       0x28 ./Middlewares/Third_Party/FreeRTOS/Source/timers.o
                0x0800734c                xTimerPendFunctionCallFromISR
 .text.prvPortStartFirstTask
                0x08007374       0x20 ./Middlewares/Third_Party/FreeRTOS/Source/portable/GCC/ARM_CM3/port.o
 .text.prvTaskExitError
                0x08007394       0x40 ./Middlewares/Third_Party/FreeRTOS/Source/portable/GCC/ARM_CM3/port.o
 .text.pxPortInitialiseStack
                0x080073d4       0x24 ./Middlewares/Third_Party/FreeRTOS/Source/portable/GCC/ARM_CM3/port.o
                0x080073d4                pxPortInitialiseStack
 *fill*         0x080073f8        0x8 
 .text.SVC_Handler
                0x08007400       0x24 ./Middlewares/Third_Party/FreeRTOS/Source/portable/GCC/ARM_CM3/port.o
                0x08007400                SVC_Handler
 .text.vPortEnterCritical
                0x08007424       0x40 ./Middlewares/Third_Party/FreeRTOS/Source/portable/GCC/ARM_CM3/port.o
                0x08007424                vPortEnterCritical
 .text.vPortExitCritical
                0x08007464       0x28 ./Middlewares/Third_Party/FreeRTOS/Source/portable/GCC/ARM_CM3/port.o
                0x08007464                vPortExitCritical
 *fill*         0x0800748c        0x4 
 .text.PendSV_Handler
                0x08007490       0x44 ./Middlewares/Third_Party/FreeRTOS/Source/portable/GCC/ARM_CM3/port.o
                0x08007490                PendSV_Handler
 .text.xPortSysTickHandler
                0x080074d4       0x2c ./Middlewares/Third_Party/FreeRTOS/Source/portable/GCC/ARM_CM3/port.o
                0x080074d4                xPortSysTickHandler
 .text.vPortSetupTimerInterrupt
                0x08007500       0x24 ./Middlewares/Third_Party/FreeRTOS/Source/portable/GCC/ARM_CM3/port.o
                0x08007500                vPortSetupTimerInterrupt
 .text.xPortStartScheduler
                0x08007524       0xb0 ./Middlewares/Third_Party/FreeRTOS/Source/portable/GCC/ARM_CM3/port.o
                0x08007524                xPortStartScheduler
 .text.vPortValidateInterruptPriority
                0x080075d4       0x5c ./Middlewares/Third_Party/FreeRTOS/Source/portable/GCC/ARM_CM3/port.o
                0x080075d4                vPortValidateInterruptPriority
 .text.prvInsertBlockIntoFreeList
                0x08007630       0x4c ./Middlewares/Third_Party/FreeRTOS/Source/portable/MemMang/heap_4.o
 .text.pvPortMalloc
                0x0800767c      0x130 ./Middlewares/Third_Party/FreeRTOS/Source/portable/MemMang/heap_4.o
                0x0800767c                pvPortMalloc
 .text.vPortFree
                0x080077ac       0x7c ./Middlewares/Third_Party/FreeRTOS/Source/portable/MemMang/heap_4.o
                0x080077ac                vPortFree
 .text.__cvt    0x08007828       0xc8 E:/ST/STM32CubeIDE_1.19.0/STM32CubeIDE/plugins/com.st.stm32cube.ide.mcu.externaltools.gnu-tools-for-stm32.13.3.rel1.win32_1.0.0.202411081344/tools/bin/../lib/gcc/arm-none-eabi/13.3.1/../../../../arm-none-eabi/lib/thumb/v7-m/nofp\libc_nano.a(libc_a-nano-vfprintf_float.o)
                0x08007828                __cvt
 .text.__exponent
                0x080078f0       0x74 E:/ST/STM32CubeIDE_1.19.0/STM32CubeIDE/plugins/com.st.stm32cube.ide.mcu.externaltools.gnu-tools-for-stm32.13.3.rel1.win32_1.0.0.202411081344/tools/bin/../lib/gcc/arm-none-eabi/13.3.1/../../../../arm-none-eabi/lib/thumb/v7-m/nofp\libc_nano.a(libc_a-nano-vfprintf_float.o)
                0x080078f0                __exponent
 .text._printf_float
                0x08007964      0x458 E:/ST/STM32CubeIDE_1.19.0/STM32CubeIDE/plugins/com.st.stm32cube.ide.mcu.externaltools.gnu-tools-for-stm32.13.3.rel1.win32_1.0.0.202411081344/tools/bin/../lib/gcc/arm-none-eabi/13.3.1/../../../../arm-none-eabi/lib/thumb/v7-m/nofp\libc_nano.a(libc_a-nano-vfprintf_float.o)
                0x08007964                _printf_float
 .text._printf_common
                0x08007dbc       0xe4 E:/ST/STM32CubeIDE_1.19.0/STM32CubeIDE/plugins/com.st.stm32cube.ide.mcu.externaltools.gnu-tools-for-stm32.13.3.rel1.win32_1.0.0.202411081344/tools/bin/../lib/gcc/arm-none-eabi/13.3.1/../../../../arm-none-eabi/lib/thumb/v7-m/nofp\libc_nano.a(libc_a-nano-vfprintf_i.o)
                0x08007dbc                _printf_common
 .text._printf_i
                0x08007ea0      0x23c E:/ST/STM32CubeIDE_1.19.0/STM32CubeIDE/plugins/com.st.stm32cube.ide.mcu.externaltools.gnu-tools-for-stm32.13.3.rel1.win32_1.0.0.202411081344/tools/bin/../lib/gcc/arm-none-eabi/13.3.1/../../../../arm-none-eabi/lib/thumb/v7-m/nofp\libc_nano.a(libc_a-nano-vfprintf_i.o)
                0x08007ea0                _printf_i
 .text.std      0x080080dc       0x6c E:/ST/STM32CubeIDE_1.19.0/STM32CubeIDE/plugins/com.st.stm32cube.ide.mcu.externaltools.gnu-tools-for-stm32.13.3.rel1.win32_1.0.0.202411081344/tools/bin/../lib/gcc/arm-none-eabi/13.3.1/../../../../arm-none-eabi/lib/thumb/v7-m/nofp\libc_nano.a(libc_a-findfp.o)
 .text.stdio_exit_handler
                0x08008148       0x18 E:/ST/STM32CubeIDE_1.19.0/STM32CubeIDE/plugins/com.st.stm32cube.ide.mcu.externaltools.gnu-tools-for-stm32.13.3.rel1.win32_1.0.0.202411081344/tools/bin/../lib/gcc/arm-none-eabi/13.3.1/../../../../arm-none-eabi/lib/thumb/v7-m/nofp\libc_nano.a(libc_a-findfp.o)
 .text.cleanup_stdio
                0x08008160       0x40 E:/ST/STM32CubeIDE_1.19.0/STM32CubeIDE/plugins/com.st.stm32cube.ide.mcu.externaltools.gnu-tools-for-stm32.13.3.rel1.win32_1.0.0.202411081344/tools/bin/../lib/gcc/arm-none-eabi/13.3.1/../../../../arm-none-eabi/lib/thumb/v7-m/nofp\libc_nano.a(libc_a-findfp.o)
 .text.global_stdio_init.part.0
                0x080081a0       0x3c E:/ST/STM32CubeIDE_1.19.0/STM32CubeIDE/plugins/com.st.stm32cube.ide.mcu.externaltools.gnu-tools-for-stm32.13.3.rel1.win32_1.0.0.202411081344/tools/bin/../lib/gcc/arm-none-eabi/13.3.1/../../../../arm-none-eabi/lib/thumb/v7-m/nofp\libc_nano.a(libc_a-findfp.o)
 .text.__sfp_lock_acquire
                0x080081dc        0xc E:/ST/STM32CubeIDE_1.19.0/STM32CubeIDE/plugins/com.st.stm32cube.ide.mcu.externaltools.gnu-tools-for-stm32.13.3.rel1.win32_1.0.0.202411081344/tools/bin/../lib/gcc/arm-none-eabi/13.3.1/../../../../arm-none-eabi/lib/thumb/v7-m/nofp\libc_nano.a(libc_a-findfp.o)
                0x080081dc                __sfp_lock_acquire
 .text.__sfp_lock_release
                0x080081e8        0xc E:/ST/STM32CubeIDE_1.19.0/STM32CubeIDE/plugins/com.st.stm32cube.ide.mcu.externaltools.gnu-tools-for-stm32.13.3.rel1.win32_1.0.0.202411081344/tools/bin/../lib/gcc/arm-none-eabi/13.3.1/../../../../arm-none-eabi/lib/thumb/v7-m/nofp\libc_nano.a(libc_a-findfp.o)
                0x080081e8                __sfp_lock_release
 .text.__sinit  0x080081f4       0x30 E:/ST/STM32CubeIDE_1.19.0/STM32CubeIDE/plugins/com.st.stm32cube.ide.mcu.externaltools.gnu-tools-for-stm32.13.3.rel1.win32_1.0.0.202411081344/tools/bin/../lib/gcc/arm-none-eabi/13.3.1/../../../../arm-none-eabi/lib/thumb/v7-m/nofp\libc_nano.a(libc_a-findfp.o)
                0x080081f4                __sinit
 .text._fwalk_sglue
                0x08008224       0x3c E:/ST/STM32CubeIDE_1.19.0/STM32CubeIDE/plugins/com.st.stm32cube.ide.mcu.externaltools.gnu-tools-for-stm32.13.3.rel1.win32_1.0.0.202411081344/tools/bin/../lib/gcc/arm-none-eabi/13.3.1/../../../../arm-none-eabi/lib/thumb/v7-m/nofp\libc_nano.a(libc_a-fwalk.o)
                0x08008224                _fwalk_sglue
 .text.__sread  0x08008260       0x22 E:/ST/STM32CubeIDE_1.19.0/STM32CubeIDE/plugins/com.st.stm32cube.ide.mcu.externaltools.gnu-tools-for-stm32.13.3.rel1.win32_1.0.0.202411081344/tools/bin/../lib/gcc/arm-none-eabi/13.3.1/../../../../arm-none-eabi/lib/thumb/v7-m/nofp\libc_nano.a(libc_a-stdio.o)
                0x08008260                __sread
 .text.__swrite
                0x08008282       0x38 E:/ST/STM32CubeIDE_1.19.0/STM32CubeIDE/plugins/com.st.stm32cube.ide.mcu.externaltools.gnu-tools-for-stm32.13.3.rel1.win32_1.0.0.202411081344/tools/bin/../lib/gcc/arm-none-eabi/13.3.1/../../../../arm-none-eabi/lib/thumb/v7-m/nofp\libc_nano.a(libc_a-stdio.o)
                0x08008282                __swrite
 .text.__sseek  0x080082ba       0x24 E:/ST/STM32CubeIDE_1.19.0/STM32CubeIDE/plugins/com.st.stm32cube.ide.mcu.externaltools.gnu-tools-for-stm32.13.3.rel1.win32_1.0.0.202411081344/tools/bin/../lib/gcc/arm-none-eabi/13.3.1/../../../../arm-none-eabi/lib/thumb/v7-m/nofp\libc_nano.a(libc_a-stdio.o)
                0x080082ba                __sseek
 .text.__sclose
                0x080082de        0x8 E:/ST/STM32CubeIDE_1.19.0/STM32CubeIDE/plugins/com.st.stm32cube.ide.mcu.externaltools.gnu-tools-for-stm32.13.3.rel1.win32_1.0.0.202411081344/tools/bin/../lib/gcc/arm-none-eabi/13.3.1/../../../../arm-none-eabi/lib/thumb/v7-m/nofp\libc_nano.a(libc_a-stdio.o)
                0x080082de                __sclose
 .text._vsnprintf_r
                0x080082e6       0x5c E:/ST/STM32CubeIDE_1.19.0/STM32CubeIDE/plugins/com.st.stm32cube.ide.mcu.externaltools.gnu-tools-for-stm32.13.3.rel1.win32_1.0.0.202411081344/tools/bin/../lib/gcc/arm-none-eabi/13.3.1/../../../../arm-none-eabi/lib/thumb/v7-m/nofp\libc_nano.a(libc_a-vsnprintf.o)
                0x080082e6                _vsniprintf_r
                0x080082e6                _vsnprintf_r
 *fill*         0x08008342        0x2 
 .text.vsnprintf
                0x08008344       0x1c E:/ST/STM32CubeIDE_1.19.0/STM32CubeIDE/plugins/com.st.stm32cube.ide.mcu.externaltools.gnu-tools-for-stm32.13.3.rel1.win32_1.0.0.202411081344/tools/bin/../lib/gcc/arm-none-eabi/13.3.1/../../../../arm-none-eabi/lib/thumb/v7-m/nofp\libc_nano.a(libc_a-vsnprintf.o)
                0x08008344                vsniprintf
                0x08008344                vsnprintf
 .text.memcmp   0x08008360       0x20 E:/ST/STM32CubeIDE_1.19.0/STM32CubeIDE/plugins/com.st.stm32cube.ide.mcu.externaltools.gnu-tools-for-stm32.13.3.rel1.win32_1.0.0.202411081344/tools/bin/../lib/gcc/arm-none-eabi/13.3.1/../../../../arm-none-eabi/lib/thumb/v7-m/nofp\libc_nano.a(libc_a-memcmp.o)
                0x08008360                memcmp
 .text.memset   0x08008380       0x10 E:/ST/STM32CubeIDE_1.19.0/STM32CubeIDE/plugins/com.st.stm32cube.ide.mcu.externaltools.gnu-tools-for-stm32.13.3.rel1.win32_1.0.0.202411081344/tools/bin/../lib/gcc/arm-none-eabi/13.3.1/../../../../arm-none-eabi/lib/thumb/v7-m/nofp\libc_nano.a(libc_a-memset.o)
                0x08008380                memset
 .text._localeconv_r
                0x08008390        0x8 E:/ST/STM32CubeIDE_1.19.0/STM32CubeIDE/plugins/com.st.stm32cube.ide.mcu.externaltools.gnu-tools-for-stm32.13.3.rel1.win32_1.0.0.202411081344/tools/bin/../lib/gcc/arm-none-eabi/13.3.1/../../../../arm-none-eabi/lib/thumb/v7-m/nofp\libc_nano.a(libc_a-localeconv.o)
                0x08008390                _localeconv_r
 .text._close_r
                0x08008398       0x20 E:/ST/STM32CubeIDE_1.19.0/STM32CubeIDE/plugins/com.st.stm32cube.ide.mcu.externaltools.gnu-tools-for-stm32.13.3.rel1.win32_1.0.0.202411081344/tools/bin/../lib/gcc/arm-none-eabi/13.3.1/../../../../arm-none-eabi/lib/thumb/v7-m/nofp\libc_nano.a(libc_a-closer.o)
                0x08008398                _close_r
 .text._lseek_r
                0x080083b8       0x24 E:/ST/STM32CubeIDE_1.19.0/STM32CubeIDE/plugins/com.st.stm32cube.ide.mcu.externaltools.gnu-tools-for-stm32.13.3.rel1.win32_1.0.0.202411081344/tools/bin/../lib/gcc/arm-none-eabi/13.3.1/../../../../arm-none-eabi/lib/thumb/v7-m/nofp\libc_nano.a(libc_a-lseekr.o)
                0x080083b8                _lseek_r
 .text._read_r  0x080083dc       0x24 E:/ST/STM32CubeIDE_1.19.0/STM32CubeIDE/plugins/com.st.stm32cube.ide.mcu.externaltools.gnu-tools-for-stm32.13.3.rel1.win32_1.0.0.202411081344/tools/bin/../lib/gcc/arm-none-eabi/13.3.1/../../../../arm-none-eabi/lib/thumb/v7-m/nofp\libc_nano.a(libc_a-readr.o)
                0x080083dc                _read_r
 .text._write_r
                0x08008400       0x24 E:/ST/STM32CubeIDE_1.19.0/STM32CubeIDE/plugins/com.st.stm32cube.ide.mcu.externaltools.gnu-tools-for-stm32.13.3.rel1.win32_1.0.0.202411081344/tools/bin/../lib/gcc/arm-none-eabi/13.3.1/../../../../arm-none-eabi/lib/thumb/v7-m/nofp\libc_nano.a(libc_a-writer.o)
                0x08008400                _write_r
 .text.__errno  0x08008424        0xc E:/ST/STM32CubeIDE_1.19.0/STM32CubeIDE/plugins/com.st.stm32cube.ide.mcu.externaltools.gnu-tools-for-stm32.13.3.rel1.win32_1.0.0.202411081344/tools/bin/../lib/gcc/arm-none-eabi/13.3.1/../../../../arm-none-eabi/lib/thumb/v7-m/nofp\libc_nano.a(libc_a-errno.o)
                0x08008424                __errno
 .text.__libc_init_array
                0x08008430       0x48 E:/ST/STM32CubeIDE_1.19.0/STM32CubeIDE/plugins/com.st.stm32cube.ide.mcu.externaltools.gnu-tools-for-stm32.13.3.rel1.win32_1.0.0.202411081344/tools/bin/../lib/gcc/arm-none-eabi/13.3.1/../../../../arm-none-eabi/lib/thumb/v7-m/nofp\libc_nano.a(libc_a-init.o)
                0x08008430                __libc_init_array
 .text.__retarget_lock_init_recursive
                0x08008478        0x2 E:/ST/STM32CubeIDE_1.19.0/STM32CubeIDE/plugins/com.st.stm32cube.ide.mcu.externaltools.gnu-tools-for-stm32.13.3.rel1.win32_1.0.0.202411081344/tools/bin/../lib/gcc/arm-none-eabi/13.3.1/../../../../arm-none-eabi/lib/thumb/v7-m/nofp\libc_nano.a(libc_a-lock.o)
                0x08008478                __retarget_lock_init_recursive
 .text.__retarget_lock_acquire_recursive
                0x0800847a        0x2 E:/ST/STM32CubeIDE_1.19.0/STM32CubeIDE/plugins/com.st.stm32cube.ide.mcu.externaltools.gnu-tools-for-stm32.13.3.rel1.win32_1.0.0.202411081344/tools/bin/../lib/gcc/arm-none-eabi/13.3.1/../../../../arm-none-eabi/lib/thumb/v7-m/nofp\libc_nano.a(libc_a-lock.o)
                0x0800847a                __retarget_lock_acquire_recursive
 .text.__retarget_lock_release_recursive
                0x0800847c        0x2 E:/ST/STM32CubeIDE_1.19.0/STM32CubeIDE/plugins/com.st.stm32cube.ide.mcu.externaltools.gnu-tools-for-stm32.13.3.rel1.win32_1.0.0.202411081344/tools/bin/../lib/gcc/arm-none-eabi/13.3.1/../../../../arm-none-eabi/lib/thumb/v7-m/nofp\libc_nano.a(libc_a-lock.o)
                0x0800847c                __retarget_lock_release_recursive
 .text.memchr   0x0800847e       0x1c E:/ST/STM32CubeIDE_1.19.0/STM32CubeIDE/plugins/com.st.stm32cube.ide.mcu.externaltools.gnu-tools-for-stm32.13.3.rel1.win32_1.0.0.202411081344/tools/bin/../lib/gcc/arm-none-eabi/13.3.1/../../../../arm-none-eabi/lib/thumb/v7-m/nofp\libc_nano.a(libc_a-memchr-stub.o)
                0x0800847e                memchr
 .text.memcpy   0x0800849a       0x1c E:/ST/STM32CubeIDE_1.19.0/STM32CubeIDE/plugins/com.st.stm32cube.ide.mcu.externaltools.gnu-tools-for-stm32.13.3.rel1.win32_1.0.0.202411081344/tools/bin/../lib/gcc/arm-none-eabi/13.3.1/../../../../arm-none-eabi/lib/thumb/v7-m/nofp\libc_nano.a(libc_a-memcpy-stub.o)
                0x0800849a                memcpy
 .text.quorem   0x080084b6      0x110 E:/ST/STM32CubeIDE_1.19.0/STM32CubeIDE/plugins/com.st.stm32cube.ide.mcu.externaltools.gnu-tools-for-stm32.13.3.rel1.win32_1.0.0.202411081344/tools/bin/../lib/gcc/arm-none-eabi/13.3.1/../../../../arm-none-eabi/lib/thumb/v7-m/nofp\libc_nano.a(libc_a-dtoa.o)
 *fill*         0x080085c6        0x2 
 .text._dtoa_r  0x080085c8      0xba8 E:/ST/STM32CubeIDE_1.19.0/STM32CubeIDE/plugins/com.st.stm32cube.ide.mcu.externaltools.gnu-tools-for-stm32.13.3.rel1.win32_1.0.0.202411081344/tools/bin/../lib/gcc/arm-none-eabi/13.3.1/../../../../arm-none-eabi/lib/thumb/v7-m/nofp\libc_nano.a(libc_a-dtoa.o)
                0x080085c8                _dtoa_r
 .text._free_r  0x08009170       0x90 E:/ST/STM32CubeIDE_1.19.0/STM32CubeIDE/plugins/com.st.stm32cube.ide.mcu.externaltools.gnu-tools-for-stm32.13.3.rel1.win32_1.0.0.202411081344/tools/bin/../lib/gcc/arm-none-eabi/13.3.1/../../../../arm-none-eabi/lib/thumb/v7-m/nofp\libc_nano.a(libc_a-freer.o)
                0x08009170                _free_r
 .text.malloc   0x08009200       0x10 E:/ST/STM32CubeIDE_1.19.0/STM32CubeIDE/plugins/com.st.stm32cube.ide.mcu.externaltools.gnu-tools-for-stm32.13.3.rel1.win32_1.0.0.202411081344/tools/bin/../lib/gcc/arm-none-eabi/13.3.1/../../../../arm-none-eabi/lib/thumb/v7-m/nofp\libc_nano.a(libc_a-malloc.o)
                0x08009200                malloc
 .text.sbrk_aligned
                0x08009210       0x44 E:/ST/STM32CubeIDE_1.19.0/STM32CubeIDE/plugins/com.st.stm32cube.ide.mcu.externaltools.gnu-tools-for-stm32.13.3.rel1.win32_1.0.0.202411081344/tools/bin/../lib/gcc/arm-none-eabi/13.3.1/../../../../arm-none-eabi/lib/thumb/v7-m/nofp\libc_nano.a(libc_a-mallocr.o)
 .text._malloc_r
                0x08009254      0x100 E:/ST/STM32CubeIDE_1.19.0/STM32CubeIDE/plugins/com.st.stm32cube.ide.mcu.externaltools.gnu-tools-for-stm32.13.3.rel1.win32_1.0.0.202411081344/tools/bin/../lib/gcc/arm-none-eabi/13.3.1/../../../../arm-none-eabi/lib/thumb/v7-m/nofp\libc_nano.a(libc_a-mallocr.o)
                0x08009254                _malloc_r
 .text.__malloc_lock
                0x08009354        0xc E:/ST/STM32CubeIDE_1.19.0/STM32CubeIDE/plugins/com.st.stm32cube.ide.mcu.externaltools.gnu-tools-for-stm32.13.3.rel1.win32_1.0.0.202411081344/tools/bin/../lib/gcc/arm-none-eabi/13.3.1/../../../../arm-none-eabi/lib/thumb/v7-m/nofp\libc_nano.a(libc_a-mlock.o)
                0x08009354                __malloc_lock
 .text.__malloc_unlock
                0x08009360        0xc E:/ST/STM32CubeIDE_1.19.0/STM32CubeIDE/plugins/com.st.stm32cube.ide.mcu.externaltools.gnu-tools-for-stm32.13.3.rel1.win32_1.0.0.202411081344/tools/bin/../lib/gcc/arm-none-eabi/13.3.1/../../../../arm-none-eabi/lib/thumb/v7-m/nofp\libc_nano.a(libc_a-mlock.o)
                0x08009360                __malloc_unlock
 .text._Balloc  0x0800936c       0x80 E:/ST/STM32CubeIDE_1.19.0/STM32CubeIDE/plugins/com.st.stm32cube.ide.mcu.externaltools.gnu-tools-for-stm32.13.3.rel1.win32_1.0.0.202411081344/tools/bin/../lib/gcc/arm-none-eabi/13.3.1/../../../../arm-none-eabi/lib/thumb/v7-m/nofp\libc_nano.a(libc_a-mprec.o)
                0x0800936c                _Balloc
 .text._Bfree   0x080093ec       0x44 E:/ST/STM32CubeIDE_1.19.0/STM32CubeIDE/plugins/com.st.stm32cube.ide.mcu.externaltools.gnu-tools-for-stm32.13.3.rel1.win32_1.0.0.202411081344/tools/bin/../lib/gcc/arm-none-eabi/13.3.1/../../../../arm-none-eabi/lib/thumb/v7-m/nofp\libc_nano.a(libc_a-mprec.o)
                0x080093ec                _Bfree
 .text.__multadd
                0x08009430       0x8c E:/ST/STM32CubeIDE_1.19.0/STM32CubeIDE/plugins/com.st.stm32cube.ide.mcu.externaltools.gnu-tools-for-stm32.13.3.rel1.win32_1.0.0.202411081344/tools/bin/../lib/gcc/arm-none-eabi/13.3.1/../../../../arm-none-eabi/lib/thumb/v7-m/nofp\libc_nano.a(libc_a-mprec.o)
                0x08009430                __multadd
 .text.__hi0bits
                0x080094bc       0x3e E:/ST/STM32CubeIDE_1.19.0/STM32CubeIDE/plugins/com.st.stm32cube.ide.mcu.externaltools.gnu-tools-for-stm32.13.3.rel1.win32_1.0.0.202411081344/tools/bin/../lib/gcc/arm-none-eabi/13.3.1/../../../../arm-none-eabi/lib/thumb/v7-m/nofp\libc_nano.a(libc_a-mprec.o)
                0x080094bc                __hi0bits
 .text.__lo0bits
                0x080094fa       0x5a E:/ST/STM32CubeIDE_1.19.0/STM32CubeIDE/plugins/com.st.stm32cube.ide.mcu.externaltools.gnu-tools-for-stm32.13.3.rel1.win32_1.0.0.202411081344/tools/bin/../lib/gcc/arm-none-eabi/13.3.1/../../../../arm-none-eabi/lib/thumb/v7-m/nofp\libc_nano.a(libc_a-mprec.o)
                0x080094fa                __lo0bits
 .text.__i2b    0x08009554       0x2c E:/ST/STM32CubeIDE_1.19.0/STM32CubeIDE/plugins/com.st.stm32cube.ide.mcu.externaltools.gnu-tools-for-stm32.13.3.rel1.win32_1.0.0.202411081344/tools/bin/../lib/gcc/arm-none-eabi/13.3.1/../../../../arm-none-eabi/lib/thumb/v7-m/nofp\libc_nano.a(libc_a-mprec.o)
                0x08009554                __i2b
 .text.__multiply
                0x08009580      0x144 E:/ST/STM32CubeIDE_1.19.0/STM32CubeIDE/plugins/com.st.stm32cube.ide.mcu.externaltools.gnu-tools-for-stm32.13.3.rel1.win32_1.0.0.202411081344/tools/bin/../lib/gcc/arm-none-eabi/13.3.1/../../../../arm-none-eabi/lib/thumb/v7-m/nofp\libc_nano.a(libc_a-mprec.o)
                0x08009580                __multiply
 .text.__pow5mult
                0x080096c4       0xb4 E:/ST/STM32CubeIDE_1.19.0/STM32CubeIDE/plugins/com.st.stm32cube.ide.mcu.externaltools.gnu-tools-for-stm32.13.3.rel1.win32_1.0.0.202411081344/tools/bin/../lib/gcc/arm-none-eabi/13.3.1/../../../../arm-none-eabi/lib/thumb/v7-m/nofp\libc_nano.a(libc_a-mprec.o)
                0x080096c4                __pow5mult
 .text.__lshift
                0x08009778       0xd8 E:/ST/STM32CubeIDE_1.19.0/STM32CubeIDE/plugins/com.st.stm32cube.ide.mcu.externaltools.gnu-tools-for-stm32.13.3.rel1.win32_1.0.0.202411081344/tools/bin/../lib/gcc/arm-none-eabi/13.3.1/../../../../arm-none-eabi/lib/thumb/v7-m/nofp\libc_nano.a(libc_a-mprec.o)
                0x08009778                __lshift
 .text.__mcmp   0x08009850       0x36 E:/ST/STM32CubeIDE_1.19.0/STM32CubeIDE/plugins/com.st.stm32cube.ide.mcu.externaltools.gnu-tools-for-stm32.13.3.rel1.win32_1.0.0.202411081344/tools/bin/../lib/gcc/arm-none-eabi/13.3.1/../../../../arm-none-eabi/lib/thumb/v7-m/nofp\libc_nano.a(libc_a-mprec.o)
                0x08009850                __mcmp
 *fill*         0x08009886        0x2 
 .text.__mdiff  0x08009888      0x128 E:/ST/STM32CubeIDE_1.19.0/STM32CubeIDE/plugins/com.st.stm32cube.ide.mcu.externaltools.gnu-tools-for-stm32.13.3.rel1.win32_1.0.0.202411081344/tools/bin/../lib/gcc/arm-none-eabi/13.3.1/../../../../arm-none-eabi/lib/thumb/v7-m/nofp\libc_nano.a(libc_a-mprec.o)
                0x08009888                __mdiff
 .text.__d2b    0x080099b0       0xb0 E:/ST/STM32CubeIDE_1.19.0/STM32CubeIDE/plugins/com.st.stm32cube.ide.mcu.externaltools.gnu-tools-for-stm32.13.3.rel1.win32_1.0.0.202411081344/tools/bin/../lib/gcc/arm-none-eabi/13.3.1/../../../../arm-none-eabi/lib/thumb/v7-m/nofp\libc_nano.a(libc_a-mprec.o)
                0x080099b0                __d2b
 .text.__ssputs_r
                0x08009a60       0xb6 E:/ST/STM32CubeIDE_1.19.0/STM32CubeIDE/plugins/com.st.stm32cube.ide.mcu.externaltools.gnu-tools-for-stm32.13.3.rel1.win32_1.0.0.202411081344/tools/bin/../lib/gcc/arm-none-eabi/13.3.1/../../../../arm-none-eabi/lib/thumb/v7-m/nofp\libc_nano.a(libc_a-nano-svfprintf.o)
                0x08009a60                __ssputs_r
 *fill*         0x08009b16        0x2 
 .text._svfprintf_r
                0x08009b18      0x1f8 E:/ST/STM32CubeIDE_1.19.0/STM32CubeIDE/plugins/com.st.stm32cube.ide.mcu.externaltools.gnu-tools-for-stm32.13.3.rel1.win32_1.0.0.202411081344/tools/bin/../lib/gcc/arm-none-eabi/13.3.1/../../../../arm-none-eabi/lib/thumb/v7-m/nofp\libc_nano.a(libc_a-nano-svfprintf.o)
                0x08009b18                _svfiprintf_r
                0x08009b18                _svfprintf_r
 .text.__sflush_r
                0x08009d10      0x100 E:/ST/STM32CubeIDE_1.19.0/STM32CubeIDE/plugins/com.st.stm32cube.ide.mcu.externaltools.gnu-tools-for-stm32.13.3.rel1.win32_1.0.0.202411081344/tools/bin/../lib/gcc/arm-none-eabi/13.3.1/../../../../arm-none-eabi/lib/thumb/v7-m/nofp\libc_nano.a(libc_a-fflush.o)
                0x08009d10                __sflush_r
 .text._fflush_r
                0x08009e10       0x50 E:/ST/STM32CubeIDE_1.19.0/STM32CubeIDE/plugins/com.st.stm32cube.ide.mcu.externaltools.gnu-tools-for-stm32.13.3.rel1.win32_1.0.0.202411081344/tools/bin/../lib/gcc/arm-none-eabi/13.3.1/../../../../arm-none-eabi/lib/thumb/v7-m/nofp\libc_nano.a(libc_a-fflush.o)
                0x08009e10                _fflush_r
 .text.memmove  0x08009e60       0x34 E:/ST/STM32CubeIDE_1.19.0/STM32CubeIDE/plugins/com.st.stm32cube.ide.mcu.externaltools.gnu-tools-for-stm32.13.3.rel1.win32_1.0.0.202411081344/tools/bin/../lib/gcc/arm-none-eabi/13.3.1/../../../../arm-none-eabi/lib/thumb/v7-m/nofp\libc_nano.a(libc_a-memmove.o)
                0x08009e60                memmove
 .text._sbrk_r  0x08009e94       0x20 E:/ST/STM32CubeIDE_1.19.0/STM32CubeIDE/plugins/com.st.stm32cube.ide.mcu.externaltools.gnu-tools-for-stm32.13.3.rel1.win32_1.0.0.202411081344/tools/bin/../lib/gcc/arm-none-eabi/13.3.1/../../../../arm-none-eabi/lib/thumb/v7-m/nofp\libc_nano.a(libc_a-sbrkr.o)
                0x08009e94                _sbrk_r
 .text.__assert_func
                0x08009eb4       0x3c E:/ST/STM32CubeIDE_1.19.0/STM32CubeIDE/plugins/com.st.stm32cube.ide.mcu.externaltools.gnu-tools-for-stm32.13.3.rel1.win32_1.0.0.202411081344/tools/bin/../lib/gcc/arm-none-eabi/13.3.1/../../../../arm-none-eabi/lib/thumb/v7-m/nofp\libc_nano.a(libc_a-assert.o)
                0x08009eb4                __assert_func
 .text._calloc_r
                0x08009ef0       0x28 E:/ST/STM32CubeIDE_1.19.0/STM32CubeIDE/plugins/com.st.stm32cube.ide.mcu.externaltools.gnu-tools-for-stm32.13.3.rel1.win32_1.0.0.202411081344/tools/bin/../lib/gcc/arm-none-eabi/13.3.1/../../../../arm-none-eabi/lib/thumb/v7-m/nofp\libc_nano.a(libc_a-callocr.o)
                0x08009ef0                _calloc_r
 .text.__ascii_mbtowc
                0x08009f18       0x24 E:/ST/STM32CubeIDE_1.19.0/STM32CubeIDE/plugins/com.st.stm32cube.ide.mcu.externaltools.gnu-tools-for-stm32.13.3.rel1.win32_1.0.0.202411081344/tools/bin/../lib/gcc/arm-none-eabi/13.3.1/../../../../arm-none-eabi/lib/thumb/v7-m/nofp\libc_nano.a(libc_a-mbtowc_r.o)
                0x08009f18                __ascii_mbtowc
 .text._realloc_r
                0x08009f3c       0x5c E:/ST/STM32CubeIDE_1.19.0/STM32CubeIDE/plugins/com.st.stm32cube.ide.mcu.externaltools.gnu-tools-for-stm32.13.3.rel1.win32_1.0.0.202411081344/tools/bin/../lib/gcc/arm-none-eabi/13.3.1/../../../../arm-none-eabi/lib/thumb/v7-m/nofp\libc_nano.a(libc_a-reallocr.o)
                0x08009f3c                _realloc_r
 .text.__ascii_wctomb
                0x08009f98       0x1a E:/ST/STM32CubeIDE_1.19.0/STM32CubeIDE/plugins/com.st.stm32cube.ide.mcu.externaltools.gnu-tools-for-stm32.13.3.rel1.win32_1.0.0.202411081344/tools/bin/../lib/gcc/arm-none-eabi/13.3.1/../../../../arm-none-eabi/lib/thumb/v7-m/nofp\libc_nano.a(libc_a-wctomb_r.o)
                0x08009f98                __ascii_wctomb
 *fill*         0x08009fb2        0x2 
 .text.fprintf  0x08009fb4       0x24 E:/ST/STM32CubeIDE_1.19.0/STM32CubeIDE/plugins/com.st.stm32cube.ide.mcu.externaltools.gnu-tools-for-stm32.13.3.rel1.win32_1.0.0.202411081344/tools/bin/../lib/gcc/arm-none-eabi/13.3.1/../../../../arm-none-eabi/lib/thumb/v7-m/nofp\libc_nano.a(libc_a-fprintf.o)
                0x08009fb4                fiprintf
                0x08009fb4                fprintf
 .text.abort    0x08009fd8        0xe E:/ST/STM32CubeIDE_1.19.0/STM32CubeIDE/plugins/com.st.stm32cube.ide.mcu.externaltools.gnu-tools-for-stm32.13.3.rel1.win32_1.0.0.202411081344/tools/bin/../lib/gcc/arm-none-eabi/13.3.1/../../../../arm-none-eabi/lib/thumb/v7-m/nofp\libc_nano.a(libc_a-abort.o)
                0x08009fd8                abort
 .text._malloc_usable_size_r
                0x08009fe6       0x10 E:/ST/STM32CubeIDE_1.19.0/STM32CubeIDE/plugins/com.st.stm32cube.ide.mcu.externaltools.gnu-tools-for-stm32.13.3.rel1.win32_1.0.0.202411081344/tools/bin/../lib/gcc/arm-none-eabi/13.3.1/../../../../arm-none-eabi/lib/thumb/v7-m/nofp\libc_nano.a(libc_a-msizer.o)
                0x08009fe6                _malloc_usable_size_r
 .text.__sfputc_r
                0x08009ff6       0x2a E:/ST/STM32CubeIDE_1.19.0/STM32CubeIDE/plugins/com.st.stm32cube.ide.mcu.externaltools.gnu-tools-for-stm32.13.3.rel1.win32_1.0.0.202411081344/tools/bin/../lib/gcc/arm-none-eabi/13.3.1/../../../../arm-none-eabi/lib/thumb/v7-m/nofp\libc_nano.a(libc_a-nano-vfprintf.o)
 .text.__sfputs_r
                0x0800a020       0x24 E:/ST/STM32CubeIDE_1.19.0/STM32CubeIDE/plugins/com.st.stm32cube.ide.mcu.externaltools.gnu-tools-for-stm32.13.3.rel1.win32_1.0.0.202411081344/tools/bin/../lib/gcc/arm-none-eabi/13.3.1/../../../../arm-none-eabi/lib/thumb/v7-m/nofp\libc_nano.a(libc_a-nano-vfprintf.o)
                0x0800a020                __sfputs_r
 .text._vfprintf_r
                0x0800a044      0x230 E:/ST/STM32CubeIDE_1.19.0/STM32CubeIDE/plugins/com.st.stm32cube.ide.mcu.externaltools.gnu-tools-for-stm32.13.3.rel1.win32_1.0.0.202411081344/tools/bin/../lib/gcc/arm-none-eabi/13.3.1/../../../../arm-none-eabi/lib/thumb/v7-m/nofp\libc_nano.a(libc_a-nano-vfprintf.o)
                0x0800a044                _vfprintf_r
                0x0800a044                _vfiprintf_r
 .text.__swbuf_r
                0x0800a274       0x7c E:/ST/STM32CubeIDE_1.19.0/STM32CubeIDE/plugins/com.st.stm32cube.ide.mcu.externaltools.gnu-tools-for-stm32.13.3.rel1.win32_1.0.0.202411081344/tools/bin/../lib/gcc/arm-none-eabi/13.3.1/../../../../arm-none-eabi/lib/thumb/v7-m/nofp\libc_nano.a(libc_a-wbuf.o)
                0x0800a274                __swbuf_r
 .text.__swsetup_r
                0x0800a2f0       0xac E:/ST/STM32CubeIDE_1.19.0/STM32CubeIDE/plugins/com.st.stm32cube.ide.mcu.externaltools.gnu-tools-for-stm32.13.3.rel1.win32_1.0.0.202411081344/tools/bin/../lib/gcc/arm-none-eabi/13.3.1/../../../../arm-none-eabi/lib/thumb/v7-m/nofp\libc_nano.a(libc_a-wsetup.o)
                0x0800a2f0                __swsetup_r
 .text._raise_r
                0x0800a39c       0x50 E:/ST/STM32CubeIDE_1.19.0/STM32CubeIDE/plugins/com.st.stm32cube.ide.mcu.externaltools.gnu-tools-for-stm32.13.3.rel1.win32_1.0.0.202411081344/tools/bin/../lib/gcc/arm-none-eabi/13.3.1/../../../../arm-none-eabi/lib/thumb/v7-m/nofp\libc_nano.a(libc_a-signal.o)
                0x0800a39c                _raise_r
 .text.raise    0x0800a3ec       0x10 E:/ST/STM32CubeIDE_1.19.0/STM32CubeIDE/plugins/com.st.stm32cube.ide.mcu.externaltools.gnu-tools-for-stm32.13.3.rel1.win32_1.0.0.202411081344/tools/bin/../lib/gcc/arm-none-eabi/13.3.1/../../../../arm-none-eabi/lib/thumb/v7-m/nofp\libc_nano.a(libc_a-signal.o)
                0x0800a3ec                raise
 .text._kill_r  0x0800a3fc       0x24 E:/ST/STM32CubeIDE_1.19.0/STM32CubeIDE/plugins/com.st.stm32cube.ide.mcu.externaltools.gnu-tools-for-stm32.13.3.rel1.win32_1.0.0.202411081344/tools/bin/../lib/gcc/arm-none-eabi/13.3.1/../../../../arm-none-eabi/lib/thumb/v7-m/nofp\libc_nano.a(libc_a-signalr.o)
                0x0800a3fc                _kill_r
 .text._getpid_r
                0x0800a420        0x4 E:/ST/STM32CubeIDE_1.19.0/STM32CubeIDE/plugins/com.st.stm32cube.ide.mcu.externaltools.gnu-tools-for-stm32.13.3.rel1.win32_1.0.0.202411081344/tools/bin/../lib/gcc/arm-none-eabi/13.3.1/../../../../arm-none-eabi/lib/thumb/v7-m/nofp\libc_nano.a(libc_a-signalr.o)
                0x0800a420                _getpid_r
 .text.__swhatbuf_r
                0x0800a424       0x4a E:/ST/STM32CubeIDE_1.19.0/STM32CubeIDE/plugins/com.st.stm32cube.ide.mcu.externaltools.gnu-tools-for-stm32.13.3.rel1.win32_1.0.0.202411081344/tools/bin/../lib/gcc/arm-none-eabi/13.3.1/../../../../arm-none-eabi/lib/thumb/v7-m/nofp\libc_nano.a(libc_a-makebuf.o)
                0x0800a424                __swhatbuf_r
 .text.__smakebuf_r
                0x0800a46e       0x78 E:/ST/STM32CubeIDE_1.19.0/STM32CubeIDE/plugins/com.st.stm32cube.ide.mcu.externaltools.gnu-tools-for-stm32.13.3.rel1.win32_1.0.0.202411081344/tools/bin/../lib/gcc/arm-none-eabi/13.3.1/../../../../arm-none-eabi/lib/thumb/v7-m/nofp\libc_nano.a(libc_a-makebuf.o)
                0x0800a46e                __smakebuf_r
 *fill*         0x0800a4e6        0x2 
 .text._fstat_r
                0x0800a4e8       0x24 E:/ST/STM32CubeIDE_1.19.0/STM32CubeIDE/plugins/com.st.stm32cube.ide.mcu.externaltools.gnu-tools-for-stm32.13.3.rel1.win32_1.0.0.202411081344/tools/bin/../lib/gcc/arm-none-eabi/13.3.1/../../../../arm-none-eabi/lib/thumb/v7-m/nofp\libc_nano.a(libc_a-fstatr.o)
                0x0800a4e8                _fstat_r
 .text._isatty_r
                0x0800a50c       0x20 E:/ST/STM32CubeIDE_1.19.0/STM32CubeIDE/plugins/com.st.stm32cube.ide.mcu.externaltools.gnu-tools-for-stm32.13.3.rel1.win32_1.0.0.202411081344/tools/bin/../lib/gcc/arm-none-eabi/13.3.1/../../../../arm-none-eabi/lib/thumb/v7-m/nofp\libc_nano.a(libc_a-isattyr.o)
                0x0800a50c                _isatty_r
 .text.sqrtf    0x0800a52c       0x34 E:/ST/STM32CubeIDE_1.19.0/STM32CubeIDE/plugins/com.st.stm32cube.ide.mcu.externaltools.gnu-tools-for-stm32.13.3.rel1.win32_1.0.0.202411081344/tools/bin/../lib/gcc/arm-none-eabi/13.3.1/../../../../arm-none-eabi/lib/thumb/v7-m/nofp\libm.a(libm_a-wf_sqrt.o)
                0x0800a52c                sqrtf
 .text.cosf     0x0800a560       0x70 E:/ST/STM32CubeIDE_1.19.0/STM32CubeIDE/plugins/com.st.stm32cube.ide.mcu.externaltools.gnu-tools-for-stm32.13.3.rel1.win32_1.0.0.202411081344/tools/bin/../lib/gcc/arm-none-eabi/13.3.1/../../../../arm-none-eabi/lib/thumb/v7-m/nofp\libm.a(libm_a-sf_cos.o)
                0x0800a560                cosf
 .text.sinf     0x0800a5d0       0x74 E:/ST/STM32CubeIDE_1.19.0/STM32CubeIDE/plugins/com.st.stm32cube.ide.mcu.externaltools.gnu-tools-for-stm32.13.3.rel1.win32_1.0.0.202411081344/tools/bin/../lib/gcc/arm-none-eabi/13.3.1/../../../../arm-none-eabi/lib/thumb/v7-m/nofp\libm.a(libm_a-sf_sin.o)
                0x0800a5d0                sinf
 .text.__ieee754_sqrtf
                0x0800a644       0xe0 E:/ST/STM32CubeIDE_1.19.0/STM32CubeIDE/plugins/com.st.stm32cube.ide.mcu.externaltools.gnu-tools-for-stm32.13.3.rel1.win32_1.0.0.202411081344/tools/bin/../lib/gcc/arm-none-eabi/13.3.1/../../../../arm-none-eabi/lib/thumb/v7-m/nofp\libm.a(libm_a-ef_sqrt.o)
                0x0800a644                __ieee754_sqrtf
 .text.__kernel_cosf
                0x0800a724      0x100 E:/ST/STM32CubeIDE_1.19.0/STM32CubeIDE/plugins/com.st.stm32cube.ide.mcu.externaltools.gnu-tools-for-stm32.13.3.rel1.win32_1.0.0.202411081344/tools/bin/../lib/gcc/arm-none-eabi/13.3.1/../../../../arm-none-eabi/lib/thumb/v7-m/nofp\libm.a(libm_a-kf_cos.o)
                0x0800a724                __kernel_cosf
 .text.__kernel_sinf
                0x0800a824       0xec E:/ST/STM32CubeIDE_1.19.0/STM32CubeIDE/plugins/com.st.stm32cube.ide.mcu.externaltools.gnu-tools-for-stm32.13.3.rel1.win32_1.0.0.202411081344/tools/bin/../lib/gcc/arm-none-eabi/13.3.1/../../../../arm-none-eabi/lib/thumb/v7-m/nofp\libm.a(libm_a-kf_sin.o)
                0x0800a824                __kernel_sinf
 .text.__ieee754_rem_pio2f
                0x0800a910      0x2cc E:/ST/STM32CubeIDE_1.19.0/STM32CubeIDE/plugins/com.st.stm32cube.ide.mcu.externaltools.gnu-tools-for-stm32.13.3.rel1.win32_1.0.0.202411081344/tools/bin/../lib/gcc/arm-none-eabi/13.3.1/../../../../arm-none-eabi/lib/thumb/v7-m/nofp\libm.a(libm_a-ef_rem_pio2.o)
                0x0800a910                __ieee754_rem_pio2f
 .text.fabsf    0x0800abdc        0x6 E:/ST/STM32CubeIDE_1.19.0/STM32CubeIDE/plugins/com.st.stm32cube.ide.mcu.externaltools.gnu-tools-for-stm32.13.3.rel1.win32_1.0.0.202411081344/tools/bin/../lib/gcc/arm-none-eabi/13.3.1/../../../../arm-none-eabi/lib/thumb/v7-m/nofp\libm.a(libm_a-sf_fabs.o)
                0x0800abdc                fabsf
 *fill*         0x0800abe2        0x2 
 .text.__kernel_rem_pio2f
                0x0800abe4      0x53c E:/ST/STM32CubeIDE_1.19.0/STM32CubeIDE/plugins/com.st.stm32cube.ide.mcu.externaltools.gnu-tools-for-stm32.13.3.rel1.win32_1.0.0.202411081344/tools/bin/../lib/gcc/arm-none-eabi/13.3.1/../../../../arm-none-eabi/lib/thumb/v7-m/nofp\libm.a(libm_a-kf_rem_pio2.o)
                0x0800abe4                __kernel_rem_pio2f
 .text.scalbnf  0x0800b120       0x98 E:/ST/STM32CubeIDE_1.19.0/STM32CubeIDE/plugins/com.st.stm32cube.ide.mcu.externaltools.gnu-tools-for-stm32.13.3.rel1.win32_1.0.0.202411081344/tools/bin/../lib/gcc/arm-none-eabi/13.3.1/../../../../arm-none-eabi/lib/thumb/v7-m/nofp\libm.a(libm_a-sf_scalbn.o)
                0x0800b120                scalbnf
 .text.floorf   0x0800b1b8       0x84 E:/ST/STM32CubeIDE_1.19.0/STM32CubeIDE/plugins/com.st.stm32cube.ide.mcu.externaltools.gnu-tools-for-stm32.13.3.rel1.win32_1.0.0.202411081344/tools/bin/../lib/gcc/arm-none-eabi/13.3.1/../../../../arm-none-eabi/lib/thumb/v7-m/nofp\libm.a(libm_a-sf_floor.o)
                0x0800b1b8                floorf
 *(.glue_7)
 .glue_7        0x0800b23c        0x0 linker stubs
 *(.glue_7t)
 .glue_7t       0x0800b23c        0x0 linker stubs
 *(.eh_frame)
 .eh_frame      0x0800b23c        0x0 E:/ST/STM32CubeIDE_1.19.0/STM32CubeIDE/plugins/com.st.stm32cube.ide.mcu.externaltools.gnu-tools-for-stm32.13.3.rel1.win32_1.0.0.202411081344/tools/bin/../lib/gcc/arm-none-eabi/13.3.1/thumb/v7-m/nofp/crtbegin.o
 *(.init)
 .init          0x0800b23c        0x4 E:/ST/STM32CubeIDE_1.19.0/STM32CubeIDE/plugins/com.st.stm32cube.ide.mcu.externaltools.gnu-tools-for-stm32.13.3.rel1.win32_1.0.0.202411081344/tools/bin/../lib/gcc/arm-none-eabi/13.3.1/thumb/v7-m/nofp/crti.o
                0x0800b23c                _init
 .init          0x0800b240        0x8 E:/ST/STM32CubeIDE_1.19.0/STM32CubeIDE/plugins/com.st.stm32cube.ide.mcu.externaltools.gnu-tools-for-stm32.13.3.rel1.win32_1.0.0.202411081344/tools/bin/../lib/gcc/arm-none-eabi/13.3.1/thumb/v7-m/nofp/crtn.o
 *(.fini)
 .fini          0x0800b248        0x4 E:/ST/STM32CubeIDE_1.19.0/STM32CubeIDE/plugins/com.st.stm32cube.ide.mcu.externaltools.gnu-tools-for-stm32.13.3.rel1.win32_1.0.0.202411081344/tools/bin/../lib/gcc/arm-none-eabi/13.3.1/thumb/v7-m/nofp/crti.o
                0x0800b248                _fini
 .fini          0x0800b24c        0x8 E:/ST/STM32CubeIDE_1.19.0/STM32CubeIDE/plugins/com.st.stm32cube.ide.mcu.externaltools.gnu-tools-for-stm32.13.3.rel1.win32_1.0.0.202411081344/tools/bin/../lib/gcc/arm-none-eabi/13.3.1/thumb/v7-m/nofp/crtn.o
                0x0800b254                        . = ALIGN (0x4)
                0x0800b254                        _etext = .

.vfp11_veneer   0x0800b254        0x0
 .vfp11_veneer  0x0800b254        0x0 linker stubs

.v4_bx          0x0800b254        0x0
 .v4_bx         0x0800b254        0x0 linker stubs

.iplt           0x0800b254        0x0
 .iplt          0x0800b254        0x0 E:/ST/STM32CubeIDE_1.19.0/STM32CubeIDE/plugins/com.st.stm32cube.ide.mcu.externaltools.gnu-tools-for-stm32.13.3.rel1.win32_1.0.0.202411081344/tools/bin/../lib/gcc/arm-none-eabi/13.3.1/thumb/v7-m/nofp/crtbegin.o

.rodata         0x0800b258     0x119c
                0x0800b258                        . = ALIGN (0x4)
 *(.rodata)
 *(.rodata*)
 .rodata.Modbus_OnRegisterWrite.str1.1
                0x0800b258      0xaca ./Core/Src/main.o
                                 0x9f (size before relaxing)
 .rodata.StartDefaultTask.str1.1
                0x0800bd22       0x89 ./Core/Src/main.o
 .rodata.StartModbusTask.str1.1
                0x0800bd22       0x22 ./Core/Src/main.o
 .rodata.StartSensorTask.str1.1
                0x0800bd22       0x5a ./Core/Src/main.o
 .rodata.StartNfcTask.str1.1
                0x0800bd22      0x200 ./Core/Src/main.o
 .rodata.I2C_Scanner.str1.1
                0x0800bd22      0x222 ./Core/Src/main.o
 .rodata.SystemInit_Modules.str1.1
                0x0800bd22      0x24a ./Core/Src/main.o
 .rodata.main.str1.1
                0x0800bd22       0xfc ./Core/Src/main.o
 .rodata.CSWTCH.110
                0x0800bd22        0x8 ./Core/Src/main.o
 .rodata.str1.1
                0x0800bd2a       0x50 ./Core/Src/main.o
 *fill*         0x0800bd2a        0x2 
 .rodata.systemEvents_attributes
                0x0800bd2c       0x10 ./Core/Src/main.o
                0x0800bd2c                systemEvents_attributes
 .rodata.sensorReadySem_attributes
                0x0800bd3c       0x10 ./Core/Src/main.o
                0x0800bd3c                sensorReadySem_attributes
 .rodata.dataMutex_attributes
                0x0800bd4c       0x10 ./Core/Src/main.o
                0x0800bd4c                dataMutex_attributes
 .rodata.nfcTask_attributes
                0x0800bd5c       0x24 ./Core/Src/main.o
                0x0800bd5c                nfcTask_attributes
 .rodata.sensorTask_attributes
                0x0800bd80       0x24 ./Core/Src/main.o
                0x0800bd80                sensorTask_attributes
 .rodata.modbusTask_attributes
                0x0800bda4       0x24 ./Core/Src/main.o
                0x0800bda4                modbusTask_attributes
 .rodata.defaultTask_attributes
                0x0800bdc8       0x24 ./Core/Src/main.o
                0x0800bdc8                defaultTask_attributes
 .rodata.PN532_Init.str1.1
                0x0800bdec       0x1c ./Core/Src/pn532.o
 .rodata.APBPrescTable
                0x0800bdec        0x8 ./Core/Src/system_stm32f1xx.o
                0x0800bdec                APBPrescTable
 .rodata.AHBPrescTable
                0x0800bdf4       0x10 ./Core/Src/system_stm32f1xx.o
                0x0800bdf4                AHBPrescTable
 .rodata.aPredivFactorTable.0
                0x0800be04        0x2 ./Drivers/STM32F1xx_HAL_Driver/Src/stm32f1xx_hal_rcc.o
 .rodata.aPLLMULFactorTable.1
                0x0800be06       0x10 ./Drivers/STM32F1xx_HAL_Driver/Src/stm32f1xx_hal_rcc.o