Archive member included to satisfy reference by file (symbol)

E:/ST/STM32CubeIDE_1.19.0/STM32CubeIDE/plugins/com.st.stm32cube.ide.mcu.externaltools.gnu-tools-for-stm32.13.3.rel1.win32_1.0.0.202411081344/tools/bin/../lib/gcc/arm-none-eabi/13.3.1/../../../../arm-none-eabi/lib/thumb/v7-m/nofp\libc_nano.a(libc_a-exit.o)
                              E:/ST/STM32CubeIDE_1.19.0/STM32CubeIDE/plugins/com.st.stm32cube.ide.mcu.externaltools.gnu-tools-for-stm32.13.3.rel1.win32_1.0.0.202411081344/tools/bin/../lib/gcc/arm-none-eabi/13.3.1/../../../../arm-none-eabi/lib/thumb/v7-m/nofp/crt0.o (exit)
E:/ST/STM32CubeIDE_1.19.0/STM32CubeIDE/plugins/com.st.stm32cube.ide.mcu.externaltools.gnu-tools-for-stm32.13.3.rel1.win32_1.0.0.202411081344/tools/bin/../lib/gcc/arm-none-eabi/13.3.1/../../../../arm-none-eabi/lib/thumb/v7-m/nofp\libc_nano.a(libc_a-nano-vfprintf_float.o)
                              (_printf_float)
E:/ST/STM32CubeIDE_1.19.0/STM32CubeIDE/plugins/com.st.stm32cube.ide.mcu.externaltools.gnu-tools-for-stm32.13.3.rel1.win32_1.0.0.202411081344/tools/bin/../lib/gcc/arm-none-eabi/13.3.1/../../../../arm-none-eabi/lib/thumb/v7-m/nofp\libc_nano.a(libc_a-nano-vfprintf_i.o)
                              E:/ST/STM32CubeIDE_1.19.0/STM32CubeIDE/plugins/com.st.stm32cube.ide.mcu.externaltools.gnu-tools-for-stm32.13.3.rel1.win32_1.0.0.202411081344/tools/bin/../lib/gcc/arm-none-eabi/13.3.1/../../../../arm-none-eabi/lib/thumb/v7-m/nofp\libc_nano.a(libc_a-nano-vfprintf_float.o) (_printf_common)
E:/ST/STM32CubeIDE_1.19.0/STM32CubeIDE/plugins/com.st.stm32cube.ide.mcu.externaltools.gnu-tools-for-stm32.13.3.rel1.win32_1.0.0.202411081344/tools/bin/../lib/gcc/arm-none-eabi/13.3.1/../../../../arm-none-eabi/lib/thumb/v7-m/nofp\libc_nano.a(libc_a-findfp.o)
                              E:/ST/STM32CubeIDE_1.19.0/STM32CubeIDE/plugins/com.st.stm32cube.ide.mcu.externaltools.gnu-tools-for-stm32.13.3.rel1.win32_1.0.0.202411081344/tools/bin/../lib/gcc/arm-none-eabi/13.3.1/../../../../arm-none-eabi/lib/thumb/v7-m/nofp\libc_nano.a(libc_a-exit.o) (__stdio_exit_handler)
E:/ST/STM32CubeIDE_1.19.0/STM32CubeIDE/plugins/com.st.stm32cube.ide.mcu.externaltools.gnu-tools-for-stm32.13.3.rel1.win32_1.0.0.202411081344/tools/bin/../lib/gcc/arm-none-eabi/13.3.1/../../../../arm-none-eabi/lib/thumb/v7-m/nofp\libc_nano.a(libc_a-fwalk.o)
                              E:/ST/STM32CubeIDE_1.19.0/STM32CubeIDE/plugins/com.st.stm32cube.ide.mcu.externaltools.gnu-tools-for-stm32.13.3.rel1.win32_1.0.0.202411081344/tools/bin/../lib/gcc/arm-none-eabi/13.3.1/../../../../arm-none-eabi/lib/thumb/v7-m/nofp\libc_nano.a(libc_a-findfp.o) (_fwalk_sglue)
E:/ST/STM32CubeIDE_1.19.0/STM32CubeIDE/plugins/com.st.stm32cube.ide.mcu.externaltools.gnu-tools-for-stm32.13.3.rel1.win32_1.0.0.202411081344/tools/bin/../lib/gcc/arm-none-eabi/13.3.1/../../../../arm-none-eabi/lib/thumb/v7-m/nofp\libc_nano.a(libc_a-stdio.o)
                              E:/ST/STM32CubeIDE_1.19.0/STM32CubeIDE/plugins/com.st.stm32cube.ide.mcu.externaltools.gnu-tools-for-stm32.13.3.rel1.win32_1.0.0.202411081344/tools/bin/../lib/gcc/arm-none-eabi/13.3.1/../../../../arm-none-eabi/lib/thumb/v7-m/nofp\libc_nano.a(libc_a-findfp.o) (__sread)
E:/ST/STM32CubeIDE_1.19.0/STM32CubeIDE/plugins/com.st.stm32cube.ide.mcu.externaltools.gnu-tools-for-stm32.13.3.rel1.win32_1.0.0.202411081344/tools/bin/../lib/gcc/arm-none-eabi/13.3.1/../../../../arm-none-eabi/lib/thumb/v7-m/nofp\libc_nano.a(libc_a-vsnprintf.o)
                              ./Core/Src/main.o (vsnprintf)
E:/ST/STM32CubeIDE_1.19.0/STM32CubeIDE/plugins/com.st.stm32cube.ide.mcu.externaltools.gnu-tools-for-stm32.13.3.rel1.win32_1.0.0.202411081344/tools/bin/../lib/gcc/arm-none-eabi/13.3.1/../../../../arm-none-eabi/lib/thumb/v7-m/nofp\libc_nano.a(libc_a-memcmp.o)
                              ./Core/Src/pn532.o (memcmp)
E:/ST/STM32CubeIDE_1.19.0/STM32CubeIDE/plugins/com.st.stm32cube.ide.mcu.externaltools.gnu-tools-for-stm32.13.3.rel1.win32_1.0.0.202411081344/tools/bin/../lib/gcc/arm-none-eabi/13.3.1/../../../../arm-none-eabi/lib/thumb/v7-m/nofp\libc_nano.a(libc_a-memset.o)
                              E:/ST/STM32CubeIDE_1.19.0/STM32CubeIDE/plugins/com.st.stm32cube.ide.mcu.externaltools.gnu-tools-for-stm32.13.3.rel1.win32_1.0.0.202411081344/tools/bin/../lib/gcc/arm-none-eabi/13.3.1/../../../../arm-none-eabi/lib/thumb/v7-m/nofp/crt0.o (memset)
E:/ST/STM32CubeIDE_1.19.0/STM32CubeIDE/plugins/com.st.stm32cube.ide.mcu.externaltools.gnu-tools-for-stm32.13.3.rel1.win32_1.0.0.202411081344/tools/bin/../lib/gcc/arm-none-eabi/13.3.1/../../../../arm-none-eabi/lib/thumb/v7-m/nofp\libc_nano.a(libc_a-localeconv.o)
                              E:/ST/STM32CubeIDE_1.19.0/STM32CubeIDE/plugins/com.st.stm32cube.ide.mcu.externaltools.gnu-tools-for-stm32.13.3.rel1.win32_1.0.0.202411081344/tools/bin/../lib/gcc/arm-none-eabi/13.3.1/../../../../arm-none-eabi/lib/thumb/v7-m/nofp\libc_nano.a(libc_a-nano-vfprintf_float.o) (_localeconv_r)
[...]
Memory Configuration

Name             Origin             Length             Attributes
RAM              0x20000000         0x00005000         xrw
FLASH            0x08000000         0x00010000         xr
*default*        0x00000000         0xffffffff

Linker script and memory map

LOAD E:/ST/STM32CubeIDE_1.19.0/STM32CubeIDE/plugins/com.st.stm32cube.ide.mcu.externaltools.gnu-tools-for-stm32.13.3.rel1.win32_1.0.0.202411081344/tools/bin/../lib/gcc/arm-none-eabi/13.3.1/thumb/v7-m/nofp/crti.o
LOAD E:/ST/STM32CubeIDE_1.19.0/STM32CubeIDE/plugins/com.st.stm32cube.ide.mcu.externaltools.gnu-tools-for-stm32.13.3.rel1.win32_1.0.0.202411081344/tools/bin/../lib/gcc/arm-none-eabi/13.3.1/thumb/v7-m/nofp/crtbegin.o
LOAD E:/ST/STM32CubeIDE_1.19.0/STM32CubeIDE/plugins/com.st.stm32cube.ide.mcu.externaltools.gnu-tools-for-stm32.13.3.rel1.win32_1.0.0.202411081344/tools/bin/../lib/gcc/arm-none-eabi/13.3.1/../../../../arm-none-eabi/lib/thumb/v7-m/nofp/crt0.o
LOAD ./Core/Src/bno055.o
LOAD ./Core/Src/filter.o
LOAD ./Core/Src/freertos.o
LOAD ./Core/Src/main.o
LOAD ./Core/Src/modbus_slave.o
LOAD ./Core/Src/pn532.o
LOAD ./Core/Src/stm32f1xx_hal_msp.o
LOAD ./Core/Src/stm32f1xx_it.o
LOAD ./Core/Src/syscalls.o
LOAD ./Core/Src/sysmem.o
LOAD ./Core/Src/system_stm32f1xx.o
LOAD ./Core/Startup/startup_stm32f103c8tx.o
LOAD ./Drivers/STM32F1xx_HAL_Driver/Src/stm32f1xx_hal.o
LOAD ./Drivers/STM32F1xx_HAL_Driver/Src/stm32f1xx_hal_cortex.o
LOAD ./Drivers/STM32F1xx_HAL_Driver/Src/stm32f1xx_hal_dma.o
LOAD ./Drivers/STM32F1xx_HAL_Driver/Src/stm32f1xx_hal_exti.o
LOAD ./Drivers/STM32F1xx_HAL_Driver/Src/stm32f1xx_hal_flash.o
LOAD ./Drivers/STM32F1xx_HAL_Driver/Src/stm32f1xx_hal_flash_ex.o
LOAD ./Drivers/STM32F1xx_HAL_Driver/Src/stm32f1xx_hal_gpio.o
LOAD ./Drivers/STM32F1xx_HAL_Driver/Src/stm32f1xx_hal_gpio_ex.o
LOAD ./Drivers/STM32F1xx_HAL_Driver/Src/stm32f1xx_hal_i2c.o
LOAD ./Drivers/STM32F1xx_HAL_Driver/Src/stm32f1xx_hal_pwr.o
LOAD ./Drivers/STM32F1xx_HAL_Driver/Src/stm32f1xx_hal_rcc.o
LOAD ./Drivers/STM32F1xx_HAL_Driver/Src/stm32f1xx_hal_rcc_ex.o
LOAD ./Drivers/STM32F1xx_HAL_Driver/Src/stm32f1xx_hal_tim.o
LOAD ./Drivers/STM32F1xx_HAL_Driver/Src/stm32f1xx_hal_tim_ex.o
LOAD ./Drivers/STM32F1xx_HAL_Driver/Src/stm32f1xx_hal_uart.o
LOAD ./Middlewares/Third_Party/FreeRTOS/Source/CMSIS_RTOS_V2/cmsis_os2.o
LOAD ./Middlewares/Third_Party/FreeRTOS/Source/croutine.o
LOAD ./Middlewares/Third_Party/FreeRTOS/Source/event_groups.o
LOAD ./Middlewares/Third_Party/FreeRTOS/Source/list.o
LOAD ./Middlewares/Third_Party/FreeRTOS/Source/queue.o
LOAD ./Middlewares/Third_Party/FreeRTOS/Source/stream_buffer.o
LOAD ./Middlewares/Third_Party/FreeRTOS/Source/tasks.o
LOAD ./Middlewares/Third_Party/FreeRTOS/Source/timers.o
LOAD ./Middlewares/Third_Party/FreeRTOS/Source/portable/GCC/ARM_CM3/port.o
LOAD ./Middlewares/Third_Party/FreeRTOS/Source/portable/MemMang/heap_4.o
START GROUP
LOAD E:/ST/STM32CubeIDE_1.19.0/STM32CubeIDE/plugins/com.st.stm32cube.ide.mcu.externaltools.gnu-tools-for-stm32.13.3.rel1.win32_1.0.0.202411081344/tools/bin/../lib/gcc/arm-none-eabi/13.3.1/../../../../arm-none-eabi/lib/thumb/v7-m/nofp\libc_nano.a
LOAD E:/ST/STM32CubeIDE_1.19.0/STM32CubeIDE/plugins/com.st.stm32cube.ide.mcu.externaltools.gnu-tools-for-stm32.13.3.rel1.win32_1.0.0.202411081344/tools/bin/../lib/gcc/arm-none-eabi/13.3.1/../../../../arm-none-eabi/lib/thumb/v7-m/nofp\libm.a
END GROUP
START GROUP
LOAD E:/ST/STM32CubeIDE_1.19.0/STM32CubeIDE/plugins/com.st.stm32cube.ide.mcu.externaltools.gnu-tools-for-stm32.13.3.rel1.win32_1.0.0.202411081344/tools/bin/../lib/gcc/arm-none-eabi/13.3.1/thumb/v7-m/nofp\libgcc.a
LOAD E:/ST/STM32CubeIDE_1.19.0/STM32CubeIDE/plugins/com.st.stm32cube.ide.mcu.externaltools.gnu-tools-for-stm32.13.3.rel1.win32_1.0.0.202411081344/tools/bin/../lib/gcc/arm-none-eabi/13.3.1/../../../../arm-none-eabi/lib/thumb/v7-m/nofp\libc_nano.a
END GROUP
START GROUP
LOAD E:/ST/STM32CubeIDE_1.19.0/STM32CubeIDE/plugins/com.st.stm32cube.ide.mcu.externaltools.gnu-tools-for-stm32.13.3.rel1.win32_1.0.0.202411081344/tools/bin/../lib/gcc/arm-none-eabi/13.3.1/thumb/v7-m/nofp\libgcc.a
LOAD E:/ST/STM32CubeIDE_1.19.0/STM32CubeIDE/plugins/com.st.stm32cube.ide.mcu.externaltools.gnu-tools-for-stm32.13.3.rel1.win32_1.0.0.202411081344/tools/bin/../lib/gcc/arm-none-eabi/13.3.1/../../../../arm-none-eabi/lib/thumb/v7-m/nofp\libc_nano.a
LOAD E:/ST/STM32CubeIDE_1.19.0/STM32CubeIDE/plugins/com.st.stm32cube.ide.mcu.externaltools.gnu-tools-for-stm32.13.3.rel1.win32_1.0.0.202411081344/tools/bin/../lib/gcc/arm-none-eabi/13.3.1/../../../../arm-none-eabi/lib/thumb/v7-m/nofp\libnosys.a
END GROUP
START GROUP
LOAD E:/ST/STM32CubeIDE_1.19.0/STM32CubeIDE/plugins/com.st.stm32cube.ide.mcu.externaltools.gnu-tools-for-stm32.13.3.rel1.win32_1.0.0.202411081344/tools/bin/../lib/gcc/arm-none-eabi/13.3.1/thumb/v7-m/nofp\libgcc.a
LOAD E:/ST/STM32CubeIDE_1.19.0/STM32CubeIDE/plugins/com.st.stm32cube.ide.mcu.externaltools.gnu-tools-for-stm32.13.3.rel1.win32_1.0.0.202411081344/tools/bin/../lib/gcc/arm-none-eabi/13.3.1/../../../../arm-none-eabi/lib/thumb/v7-m/nofp\libc_nano.a
LOAD E:/ST/STM32CubeIDE_1.19.0/STM32CubeIDE/plugins/com.st.stm32cube.ide.mcu.externaltools.gnu-tools-for-stm32.13.3.rel1.win32_1.0.0.202411081344/tools/bin/../lib/gcc/arm-none-eabi/13.3.1/../../../../arm-none-eabi/lib/thumb/v7-m/nofp\libnosys.a
END GROUP
LOAD E:/ST/STM32CubeIDE_1.19.0/STM32CubeIDE/plugins/com.st.stm32cube.ide.mcu.externaltools.gnu-tools-for-stm32.13.3.rel1.win32_1.0.0.202411081344/tools/bin/../lib/gcc/arm-none-eabi/13.3.1/thumb/v7-m/nofp/crtend.o
LOAD E:/ST/STM32CubeIDE_1.19.0/STM32CubeIDE/plugins/com.st.stm32cube.ide.mcu.externaltools.gnu-tools-for-stm32.13.3.rel1.win32_1.0.0.202411081344/tools/bin/../lib/gcc/arm-none-eabi/13.3.1/thumb/v7-m/nofp/crtn.o
                0x20005000                        _estack = (ORIGIN (RAM) + LENGTH (RAM))
                0x00000200                        _Min_Heap_Size = 0x200
                0x00000400                        _Min_Stack_Size = 0x400

.isr_vector     0x08000000      0x10c
                0x08000000                        . = ALIGN (0x4)
 *(.isr_vector)
 .isr_vector    0x08000000      0x10c ./Core/Startup/startup_stm32f103c8tx.o
                0x08000000                g_pfnVectors
                0x0800010c                        . = ALIGN (0x4)

.text           0x08000110     0x8b74
                0x08000110                        . = ALIGN (0x4)
 *(.text)
 .text          0x08000110       0x40 E:/ST/STM32CubeIDE_1.19.0/STM32CubeIDE/plugins/com.st.stm32cube.ide.mcu.externaltools.gnu-tools-for-stm32.13.3.rel1.win32_1.0.0.202411081344/tools/bin/../lib/gcc/arm-none-eabi/13.3.1/thumb/v7-m/nofp/crtbegin.o
 .text          0x08000150       0x10 E:/ST/STM32CubeIDE_1.19.0/STM32CubeIDE/plugins/com.st.stm32cube.ide.mcu.externaltools.gnu-tools-for-stm32.13.3.rel1.win32_1.0.0.202411081344/tools/bin/../lib/gcc/arm-none-eabi/13.3.1/../../../../arm-none-eabi/lib/thumb/v7-m/nofp\libc_nano.a(libc_a-strlen.o)
                0x08000150                strlen
 .text          0x08000160      0x378 E:/ST/STM32CubeIDE_1.19.0/STM32CubeIDE/plugins/com.st.stm32cube.ide.mcu.externaltools.gnu-tools-for-stm32.13.3.rel1.win32_1.0.0.202411081344/tools/bin/../lib/gcc/arm-none-eabi/13.3.1/thumb/v7-m/nofp\libgcc.a(_arm_addsubdf3.o)
                0x08000160                __aeabi_drsub
                0x08000168                __aeabi_dsub
                0x08000168                __subdf3
                0x0800016c                __aeabi_dadd
                0x0800016c                __adddf3
                0x080003e4                __floatunsidf
                0x080003e4                __aeabi_ui2d
                0x08000404                __floatsidf
                0x08000404                __aeabi_i2d
                0x08000428                __aeabi_f2d
                0x08000428                __extendsfdf2
                0x0800046c                __floatundidf
                0x0800046c                __aeabi_ul2d
                0x0800047c                __floatdidf
                0x0800047c                __aeabi_l2d
 .text          0x080004d8      0x424 E:/ST/STM32CubeIDE_1.19.0/STM32CubeIDE/plugins/com.st.stm32cube.ide.mcu.externaltools.gnu-tools-for-stm32.13.3.rel1.win32_1.0.0.202411081344/tools/bin/../lib/gcc/arm-none-eabi/13.3.1/thumb/v7-m/nofp\libgcc.a(_arm_muldivdf3.o)
                0x080004d8                __aeabi_dmul
                0x080004d8                __muldf3
                0x0800072c                __divdf3
                0x0800072c                __aeabi_ddiv
 .text          0x080008fc      0x110 E:/ST/STM32CubeIDE_1.19.0/STM32CubeIDE/plugins/com.st.stm32cube.ide.mcu.externaltools.gnu-tools-for-stm32.13.3.rel1.win32_1.0.0.202411081344/tools/bin/../lib/gcc/arm-none-eabi/13.3.1/thumb/v7-m/nofp\libgcc.a(_arm_cmpdf2.o)
                0x080008fc                __gtdf2
                0x080008fc                __gedf2
                0x08000904                __ltdf2
                0x08000904                __ledf2
                0x0800090c                __nedf2
                0x0800090c                __eqdf2
                0x0800090c                __cmpdf2
                0x08000988                __aeabi_cdrcmple
                0x08000998                __aeabi_cdcmpeq
                0x08000998                __aeabi_cdcmple
                0x080009a8                __aeabi_dcmpeq
                0x080009bc                __aeabi_dcmplt
                0x080009d0                __aeabi_dcmple
                0x080009e4                __aeabi_dcmpge
                0x080009f8                __aeabi_dcmpgt
 .text          0x08000a0c       0x2c E:/ST/STM32CubeIDE_1.19.0/STM32CubeIDE/plugins/com.st.stm32cube.ide.mcu.externaltools.gnu-tools-for-stm32.13.3.rel1.win32_1.0.0.202411081344/tools/bin/../lib/gcc/arm-none-eabi/13.3.1/thumb/v7-m/nofp\libgcc.a(_arm_unorddf2.o)
                0x08000a0c                __unorddf2
                0x08000a0c                __aeabi_dcmpun
 .text          0x08000a38       0x50 E:/ST/STM32CubeIDE_1.19.0/STM32CubeIDE/plugins/com.st.stm32cube.ide.mcu.externaltools.gnu-tools-for-stm32.13.3.rel1.win32_1.0.0.202411081344/tools/bin/../lib/gcc/arm-none-eabi/13.3.1/thumb/v7-m/nofp\libgcc.a(_arm_fixdfsi.o)
                0x08000a38                __aeabi_d2iz
                0x08000a38                __fixdfsi
 *(.text*)
 .text.MX_I2C1_Init
                0x08000a88       0x38 ./Core/Src/main.o
 .text.DebugPrint
                0x08000ac0       0x3c ./Core/Src/main.o
                0x08000ac0                DebugPrint
 .text.Modbus_OnRegisterRead
                0x08000afc      0x194 ./Core/Src/main.o
                0x08000afc                Modbus_OnRegisterRead
 .text.Modbus_OnRegisterWrite
                0x08000c90       0xdc ./Core/Src/main.o
                0x08000c90                Modbus_OnRegisterWrite
 .text.StartDockTask
                0x08000d6c       0x48 ./Core/Src/main.o
                0x08000d6c                StartDockTask
 .text.StartDefaultTask
                0x08000db4       0xf0 ./Core/Src/main.o
                0x08000db4                StartDefaultTask
 .text.StartModbusTask
                0x08000ea4       0x20 ./Core/Src/main.o
                0x08000ea4                StartModbusTask
 .text.StartNfcTask
                0x08000ec4      0x1a0 ./Core/Src/main.o
                0x08000ec4                StartNfcTask
 .text.SystemClock_Config
                0x08001064       0x56 ./Core/Src/main.o
                0x08001064                SystemClock_Config
 *fill*         0x080010ba        0x2 
 .text.SystemInit_Modules
                0x080010bc       0x9c ./Core/Src/main.o
                0x080010bc                SystemInit_Modules
 .text.startup.main
                0x08001158      0x2e8 ./Core/Src/main.o
                0x08001158                main
 .text.Modbus_Init
                0x08001440       0x5c ./Core/Src/modbus_slave.o
                0x08001440                Modbus_Init
 .text.Modbus_SetConfig
                0x0800149c       0x80 ./Core/Src/modbus_slave.o
                0x0800149c                Modbus_SetConfig
 .text.Modbus_CRC16
                0x0800151c       0x34 ./Core/Src/modbus_slave.o
                0x0800151c                Modbus_CRC16
 .text.Modbus_SendResponse
                0x08001550       0x5c ./Core/Src/modbus_slave.o
 .text.Modbus_UART_RxCallback
                0x080015ac       0x4c ./Core/Src/modbus_slave.o
                0x080015ac                Modbus_UART_RxCallback
 .text.Modbus_Process
                0x080015f8      0x358 ./Core/Src/modbus_slave.o
                0x080015f8                Modbus_Process
 .text.Modbus_WriteRegister
                0x08001950       0x16 ./Core/Src/modbus_slave.o
                0x08001950                Modbus_WriteRegister
 .text.Modbus_RegisterReadCallback
                0x08001966        0x8 ./Core/Src/modbus_slave.o
                0x08001966                Modbus_RegisterReadCallback
 .text.Modbus_RegisterWriteCallback
                0x0800196e        0x8 ./Core/Src/modbus_slave.o
                0x0800196e                Modbus_RegisterWriteCallback
 *fill*         0x08001976        0x2 
 .text.waitready
                0x08001978       0x48 ./Core/Src/pn532.o
 .text.readdata
                0x080019c0       0x44 ./Core/Src/pn532.o
 .text.reset    0x08001a04       0x34 ./Core/Src/pn532.o
                0x08001a04                reset
 .text.sendCommandCheckAck
                0x08001a38       0xb4 ./Core/Src/pn532.o
                0x08001a38                sendCommandCheckAck
 .text.SAMConfig
                0x08001aec       0x34 ./Core/Src/pn532.o
                0x08001aec                SAMConfig
 .text.wakeup   0x08001b20       0x34 ./Core/Src/pn532.o
                0x08001b20                wakeup
 .text.PN532_Init
                0x08001b54       0x30 ./Core/Src/pn532.o
                0x08001b54                PN532_Init
 .text.getFirmwareVersion
                0x08001b84       0x28 ./Core/Src/pn532.o
                0x08001b84                getFirmwareVersion
 .text.setPassiveActivationRetries
                0x08001bac       0x34 ./Core/Src/pn532.o
                0x08001bac                setPassiveActivationRetries
 .text.readDetectedPassiveTargetID
                0x08001be0       0x3c ./Core/Src/pn532.o
                0x08001be0                readDetectedPassiveTargetID
 .text.readPassiveTargetID
                0x08001c1c       0x50 ./Core/Src/pn532.o
                0x08001c1c                readPassiveTargetID
 .text.HAL_MspInit
                0x08001c6c       0x50 ./Core/Src/stm32f1xx_hal_msp.o
                0x08001c6c                HAL_MspInit
 .text.HAL_I2C_MspInit
                0x08001cbc       0x64 ./Core/Src/stm32f1xx_hal_msp.o
                0x08001cbc                HAL_I2C_MspInit
 .text.HAL_TIM_Base_MspInit
                0x08001d20       0x24 ./Core/Src/stm32f1xx_hal_msp.o
                0x08001d20                HAL_TIM_Base_MspInit
 .text.HAL_UART_MspInit
                0x08001d44       0xf0 ./Core/Src/stm32f1xx_hal_msp.o
                0x08001d44                HAL_UART_MspInit
 .text.HAL_UART_MspDeInit
                0x08001e34       0x58 ./Core/Src/stm32f1xx_hal_msp.o
                0x08001e34                HAL_UART_MspDeInit
 .text.NMI_Handler
                0x08001e8c        0x2 ./Core/Src/stm32f1xx_it.o
                0x08001e8c                NMI_Handler
 .text.HardFault_Handler
                0x08001e8e        0x2 ./Core/Src/stm32f1xx_it.o
                0x08001e8e                HardFault_Handler
 .text.MemManage_Handler
                0x08001e90        0x2 ./Core/Src/stm32f1xx_it.o
                0x08001e90                MemManage_Handler
 .text.BusFault_Handler
                0x08001e92        0x2 ./Core/Src/stm32f1xx_it.o
                0x08001e92                BusFault_Handler
 .text.UsageFault_Handler
                0x08001e94        0x2 ./Core/Src/stm32f1xx_it.o
                0x08001e94                UsageFault_Handler
 .text.DebugMon_Handler
                0x08001e96        0x2 ./Core/Src/stm32f1xx_it.o
                0x08001e96                DebugMon_Handler
 .text.SysTick_Handler
                0x08001e98       0x18 ./Core/Src/stm32f1xx_it.o
                0x08001e98                SysTick_Handler
 .text.USART1_IRQHandler
                0x08001eb0        0xc ./Core/Src/stm32f1xx_it.o
                0x08001eb0                USART1_IRQHandler
 .text.USART2_IRQHandler
                0x08001ebc        0xc ./Core/Src/stm32f1xx_it.o
                0x08001ebc                USART2_IRQHandler
 .text.HAL_UART_RxCpltCallback
                0x08001ec8       0x20 ./Core/Src/stm32f1xx_it.o
                0x08001ec8                HAL_UART_RxCpltCallback
 .text._getpid  0x08001ee8        0x4 ./Core/Src/syscalls.o
                0x08001ee8                _getpid
 .text._kill    0x08001eec       0x10 ./Core/Src/syscalls.o
                0x08001eec                _kill
 .text._exit    0x08001efc        0xc ./Core/Src/syscalls.o
                0x08001efc                _exit
 .text._read    0x08001f08       0x1c ./Core/Src/syscalls.o
                0x08001f08                _read
 .text._write   0x08001f24       0x1c ./Core/Src/syscalls.o
                0x08001f24                _write
 .text._close   0x08001f40        0x6 ./Core/Src/syscalls.o
                0x08001f40                _close
 .text._fstat   0x08001f46        0xa ./Core/Src/syscalls.o
                0x08001f46                _fstat
 .text._isatty  0x08001f50        0x4 ./Core/Src/syscalls.o
                0x08001f50                _isatty
 .text._lseek   0x08001f54        0x4 ./Core/Src/syscalls.o
                0x08001f54                _lseek
 .text._sbrk    0x08001f58       0x40 ./Core/Src/sysmem.o
                0x08001f58                _sbrk
 .text.SystemInit
                0x08001f98        0x2 ./Core/Src/system_stm32f1xx.o
                0x08001f98                SystemInit
 *fill*         0x08001f9a        0x2 
 .text.Reset_Handler
                0x08001f9c       0x48 ./Core/Startup/startup_stm32f103c8tx.o
                0x08001f9c                Reset_Handler
 .text.Default_Handler
                0x08001fe4        0x2 ./Core/Startup/startup_stm32f103c8tx.o
                0x08001fe4                RTC_Alarm_IRQHandler
                0x08001fe4                EXTI2_IRQHandler
                0x08001fe4                TIM1_CC_IRQHandler
                0x08001fe4                PVD_IRQHandler
                0x08001fe4                EXTI3_IRQHandler
                0x08001fe4                EXTI0_IRQHandler
                0x08001fe4                I2C2_EV_IRQHandler
                0x08001fe4                ADC1_2_IRQHandler
                0x08001fe4                SPI1_IRQHandler
                0x08001fe4                TAMPER_IRQHandler
                0x08001fe4                DMA1_Channel4_IRQHandler
                0x08001fe4                USART3_IRQHandler
                0x08001fe4                RTC_IRQHandler
                0x08001fe4                DMA1_Channel7_IRQHandler
                0x08001fe4                CAN1_RX1_IRQHandler
                0x08001fe4                TIM4_IRQHandler
                0x08001fe4                I2C1_EV_IRQHandler
                0x08001fe4                DMA1_Channel6_IRQHandler
                0x08001fe4                TIM3_IRQHandler
                0x08001fe4                RCC_IRQHandler
                0x08001fe4                TIM1_TRG_COM_IRQHandler
                0x08001fe4                DMA1_Channel1_IRQHandler
                0x08001fe4                Default_Handler
                0x08001fe4                EXTI15_10_IRQHandler
                0x08001fe4                EXTI9_5_IRQHandler
                0x08001fe4                SPI2_IRQHandler
                0x08001fe4                DMA1_Channel5_IRQHandler
                0x08001fe4                EXTI4_IRQHandler
                0x08001fe4                USB_LP_CAN1_RX0_IRQHandler
                0x08001fe4                USB_HP_CAN1_TX_IRQHandler
                0x08001fe4                DMA1_Channel3_IRQHandler
                0x08001fe4                TIM1_UP_IRQHandler
                0x08001fe4                WWDG_IRQHandler
                0x08001fe4                TIM2_IRQHandler
                0x08001fe4                TIM1_BRK_IRQHandler
                0x08001fe4                EXTI1_IRQHandler
                0x08001fe4                I2C2_ER_IRQHandler
                0x08001fe4                DMA1_Channel2_IRQHandler
                0x08001fe4                CAN1_SCE_IRQHandler
                0x08001fe4                FLASH_IRQHandler
                0x08001fe4                I2C1_ER_IRQHandler
                0x08001fe4                USBWakeUp_IRQHandler
 *fill*         0x08001fe6        0x2 
 .text.HAL_InitTick
                0x08001fe8       0x48 ./Drivers/STM32F1xx_HAL_Driver/Src/stm32f1xx_hal.o
                0x08001fe8                HAL_InitTick
 .text.HAL_Init
                0x08002030       0x24 ./Drivers/STM32F1xx_HAL_Driver/Src/stm32f1xx_hal.o
                0x08002030                HAL_Init
 .text.HAL_IncTick
                0x08002054       0x18 ./Drivers/STM32F1xx_HAL_Driver/Src/stm32f1xx_hal.o
                0x08002054                HAL_IncTick
 .text.HAL_GetTick
                0x0800206c        0xc ./Drivers/STM32F1xx_HAL_Driver/Src/stm32f1xx_hal.o
                0x0800206c                HAL_GetTick
 .text.HAL_Delay
                0x08002078       0x24 ./Drivers/STM32F1xx_HAL_Driver/Src/stm32f1xx_hal.o
                0x08002078                HAL_Delay
 .text.HAL_NVIC_SetPriorityGrouping
                0x0800209c       0x24 ./Drivers/STM32F1xx_HAL_Driver/Src/stm32f1xx_hal_cortex.o
                0x0800209c                HAL_NVIC_SetPriorityGrouping
 .text.HAL_NVIC_SetPriority
                0x080020c0       0x60 ./Drivers/STM32F1xx_HAL_Driver/Src/stm32f1xx_hal_cortex.o
                0x080020c0                HAL_NVIC_SetPriority
 .text.HAL_NVIC_EnableIRQ
                0x08002120       0x1c ./Drivers/STM32F1xx_HAL_Driver/Src/stm32f1xx_hal_cortex.o
                0x08002120                HAL_NVIC_EnableIRQ
 .text.HAL_NVIC_DisableIRQ
                0x0800213c       0x24 ./Drivers/STM32F1xx_HAL_Driver/Src/stm32f1xx_hal_cortex.o
                0x0800213c                HAL_NVIC_DisableIRQ
 .text.HAL_SYSTICK_Config
                0x08002160       0x28 ./Drivers/STM32F1xx_HAL_Driver/Src/stm32f1xx_hal_cortex.o
                0x08002160                HAL_SYSTICK_Config
 .text.HAL_DMA_Abort
                0x08002188       0x3e ./Drivers/STM32F1xx_HAL_Driver/Src/stm32f1xx_hal_dma.o
                0x08002188                HAL_DMA_Abort
 *fill*         0x080021c6        0x2 
 .text.HAL_DMA_Abort_IT
                0x080021c8       0x8c ./Drivers/STM32F1xx_HAL_Driver/Src/stm32f1xx_hal_dma.o
                0x080021c8                HAL_DMA_Abort_IT
 .text.HAL_GPIO_Init
                0x08002254      0x1a8 ./Drivers/STM32F1xx_HAL_Driver/Src/stm32f1xx_hal_gpio.o
                0x08002254                HAL_GPIO_Init
 .text.HAL_GPIO_DeInit
                0x080023fc       0xdc ./Drivers/STM32F1xx_HAL_Driver/Src/stm32f1xx_hal_gpio.o
                0x080023fc                HAL_GPIO_DeInit
 .text.HAL_GPIO_ReadPin
                0x080024d8        0xc ./Drivers/STM32F1xx_HAL_Driver/Src/stm32f1xx_hal_gpio.o
                0x080024d8                HAL_GPIO_ReadPin
 .text.HAL_GPIO_WritePin
                0x080024e4        0xa ./Drivers/STM32F1xx_HAL_Driver/Src/stm32f1xx_hal_gpio.o
                0x080024e4                HAL_GPIO_WritePin
 .text.HAL_GPIO_TogglePin
                0x080024ee       0x12 ./Drivers/STM32F1xx_HAL_Driver/Src/stm32f1xx_hal_gpio.o
                0x080024ee                HAL_GPIO_TogglePin
 .text.I2C_IsAcknowledgeFailed
                0x08002500       0x32 ./Drivers/STM32F1xx_HAL_Driver/Src/stm32f1xx_hal_i2c.o
 .text.I2C_WaitOnFlagUntilTimeout
                0x08002532       0x80 ./Drivers/STM32F1xx_HAL_Driver/Src/stm32f1xx_hal_i2c.o
 .text.I2C_WaitOnMasterAddressFlagUntilTimeout
                0x080025b2       0x84 ./Drivers/STM32F1xx_HAL_Driver/Src/stm32f1xx_hal_i2c.o
 .text.I2C_WaitOnTXEFlagUntilTimeout
                0x08002636       0x54 ./Drivers/STM32F1xx_HAL_Driver/Src/stm32f1xx_hal_i2c.o
 .text.I2C_WaitOnBTFFlagUntilTimeout
                0x0800268a       0x54 ./Drivers/STM32F1xx_HAL_Driver/Src/stm32f1xx_hal_i2c.o
 .text.I2C_WaitOnRXNEFlagUntilTimeout
                0x080026de       0x66 ./Drivers/STM32F1xx_HAL_Driver/Src/stm32f1xx_hal_i2c.o
 .text.HAL_I2C_Init
                0x08002744      0x150 ./Drivers/STM32F1xx_HAL_Driver/Src/stm32f1xx_hal_i2c.o
                0x08002744                HAL_I2C_Init
 .text.HAL_I2C_Master_Transmit
                0x08002894      0x1b4 ./Drivers/STM32F1xx_HAL_Driver/Src/stm32f1xx_hal_i2c.o
                0x08002894                HAL_I2C_Master_Transmit
 .text.HAL_I2C_Master_Receive
                0x08002a48      0x358 ./Drivers/STM32F1xx_HAL_Driver/Src/stm32f1xx_hal_i2c.o
                0x08002a48                HAL_I2C_Master_Receive
 .text.HAL_RCC_OscConfig
                0x08002da0      0x338 ./Drivers/STM32F1xx_HAL_Driver/Src/stm32f1xx_hal_rcc.o
                0x08002da0                HAL_RCC_OscConfig
 .text.HAL_RCC_GetSysClockFreq
                0x080030d8       0x4c ./Drivers/STM32F1xx_HAL_Driver/Src/stm32f1xx_hal_rcc.o
                0x080030d8                HAL_RCC_GetSysClockFreq
 .text.HAL_RCC_ClockConfig
                0x08003124      0x138 ./Drivers/STM32F1xx_HAL_Driver/Src/stm32f1xx_hal_rcc.o
                0x08003124                HAL_RCC_ClockConfig
 .text.HAL_RCC_GetPCLK1Freq
                0x0800325c       0x20 ./Drivers/STM32F1xx_HAL_Driver/Src/stm32f1xx_hal_rcc.o
                0x0800325c                HAL_RCC_GetPCLK1Freq
 .text.HAL_RCC_GetPCLK2Freq
                0x0800327c       0x20 ./Drivers/STM32F1xx_HAL_Driver/Src/stm32f1xx_hal_rcc.o
                0x0800327c                HAL_RCC_GetPCLK2Freq
 .text.TIM_Base_SetConfig
                0x0800329c       0x64 ./Drivers/STM32F1xx_HAL_Driver/Src/stm32f1xx_hal_tim.o
                0x0800329c                TIM_Base_SetConfig
 .text.HAL_TIM_Base_Init
                0x08003300       0x58 ./Drivers/STM32F1xx_HAL_Driver/Src/stm32f1xx_hal_tim.o
                0x08003300                HAL_TIM_Base_Init
 .text.TIM_ETR_SetConfig
                0x08003358       0x14 ./Drivers/STM32F1xx_HAL_Driver/Src/stm32f1xx_hal_tim.o
                0x08003358                TIM_ETR_SetConfig
 .text.HAL_TIM_ConfigClockSource
                0x0800336c      0x132 ./Drivers/STM32F1xx_HAL_Driver/Src/stm32f1xx_hal_tim.o
                0x0800336c                HAL_TIM_ConfigClockSource
 *fill*         0x0800349e        0x2 
 .text.HAL_TIMEx_MasterConfigSynchronization
                0x080034a0       0x5c ./Drivers/STM32F1xx_HAL_Driver/Src/stm32f1xx_hal_tim_ex.o
                0x080034a0                HAL_TIMEx_MasterConfigSynchronization
 .text.UART_EndRxTransfer
                0x080034fc       0x5c ./Drivers/STM32F1xx_HAL_Driver/Src/stm32f1xx_hal_uart.o
 .text.UART_SetConfig
                0x08003558       0x74 ./Drivers/STM32F1xx_HAL_Driver/Src/stm32f1xx_hal_uart.o
 .text.UART_WaitOnFlagUntilTimeout.constprop.0
                0x080035cc       0x64 ./Drivers/STM32F1xx_HAL_Driver/Src/stm32f1xx_hal_uart.o
 .text.HAL_UART_Init
                0x08003630       0x5e ./Drivers/STM32F1xx_HAL_Driver/Src/stm32f1xx_hal_uart.o
                0x08003630                HAL_UART_Init
 .text.HAL_UART_DeInit
                0x0800368e       0x34 ./Drivers/STM32F1xx_HAL_Driver/Src/stm32f1xx_hal_uart.o
                0x0800368e                HAL_UART_DeInit
 .text.HAL_UART_Transmit
                0x080036c2       0x9c ./Drivers/STM32F1xx_HAL_Driver/Src/stm32f1xx_hal_uart.o
                0x080036c2                HAL_UART_Transmit
 .text.HAL_UART_TxCpltCallback
                0x0800375e        0x2 ./Drivers/STM32F1xx_HAL_Driver/Src/stm32f1xx_hal_uart.o
                0x0800375e                HAL_UART_TxCpltCallback
 .text.HAL_UART_ErrorCallback
                0x08003760        0x2 ./Drivers/STM32F1xx_HAL_Driver/Src/stm32f1xx_hal_uart.o
                0x08003760                HAL_UART_ErrorCallback
 .text.UART_DMAAbortOnError
                0x08003762       0x10 ./Drivers/STM32F1xx_HAL_Driver/Src/stm32f1xx_hal_uart.o
 .text.HAL_UARTEx_RxEventCallback
                0x08003772        0x2 ./Drivers/STM32F1xx_HAL_Driver/Src/stm32f1xx_hal_uart.o
                0x08003772                HAL_UARTEx_RxEventCallback
 .text.UART_Receive_IT.isra.0
                0x08003774       0xb6 ./Drivers/STM32F1xx_HAL_Driver/Src/stm32f1xx_hal_uart.o
 *fill*         0x0800382a        0x2 
 .text.HAL_UART_IRQHandler
                0x0800382c      0x294 ./Drivers/STM32F1xx_HAL_Driver/Src/stm32f1xx_hal_uart.o
                0x0800382c                HAL_UART_IRQHandler
 .text.UART_Start_Receive_IT
                0x08003ac0       0x32 ./Drivers/STM32F1xx_HAL_Driver/Src/stm32f1xx_hal_uart.o
                0x08003ac0                UART_Start_Receive_IT
 .text.HAL_UART_Receive_IT
                0x08003af2       0x22 ./Drivers/STM32F1xx_HAL_Driver/Src/stm32f1xx_hal_uart.o
                0x08003af2                HAL_UART_Receive_IT
 .text.osKernelInitialize
                0x08003b14       0x24 ./Middlewares/Third_Party/FreeRTOS/Source/CMSIS_RTOS_V2/cmsis_os2.o
                0x08003b14                osKernelInitialize
 .text.osKernelStart
                0x08003b38       0x34 ./Middlewares/Third_Party/FreeRTOS/Source/CMSIS_RTOS_V2/cmsis_os2.o
                0x08003b38                osKernelStart
 .text.osThreadNew
                0x08003b6c       0x88 ./Middlewares/Third_Party/FreeRTOS/Source/CMSIS_RTOS_V2/cmsis_os2.o
                0x08003b6c                osThreadNew
 .text.osDelay  0x08003bf4       0x18 ./Middlewares/Third_Party/FreeRTOS/Source/CMSIS_RTOS_V2/cmsis_os2.o
                0x08003bf4                osDelay
 .text.osEventFlagsNew
                0x08003c0c       0x22 ./Middlewares/Third_Party/FreeRTOS/Source/CMSIS_RTOS_V2/cmsis_os2.o
                0x08003c0c                osEventFlagsNew
 .text.osEventFlagsSet
                0x08003c2e       0x52 ./Middlewares/Third_Party/FreeRTOS/Source/CMSIS_RTOS_V2/cmsis_os2.o
                0x08003c2e                osEventFlagsSet
 .text.osEventFlagsClear
                0x08003c80       0x3c ./Middlewares/Third_Party/FreeRTOS/Source/CMSIS_RTOS_V2/cmsis_os2.o
                0x08003c80                osEventFlagsClear
 .text.osEventFlagsWait
                0x08003cbc       0x54 ./Middlewares/Third_Party/FreeRTOS/Source/CMSIS_RTOS_V2/cmsis_os2.o
                0x08003cbc                osEventFlagsWait
 .text.osMutexNew
                0x08003d10       0x70 ./Middlewares/Third_Party/FreeRTOS/Source/CMSIS_RTOS_V2/cmsis_os2.o
                0x08003d10                osMutexNew
 .text.osMutexAcquire
                0x08003d80       0x46 ./Middlewares/Third_Party/FreeRTOS/Source/CMSIS_RTOS_V2/cmsis_os2.o
                0x08003d80                osMutexAcquire
 .text.osMutexRelease
                0x08003dc6       0x3e ./Middlewares/Third_Party/FreeRTOS/Source/CMSIS_RTOS_V2/cmsis_os2.o
                0x08003dc6                osMutexRelease
 .text.osSemaphoreNew
                0x08003e04       0x94 ./Middlewares/Third_Party/FreeRTOS/Source/CMSIS_RTOS_V2/cmsis_os2.o
                0x08003e04                osSemaphoreNew
 .text.vApplicationGetIdleTaskMemory
                0x08003e98       0x18 ./Middlewares/Third_Party/FreeRTOS/Source/CMSIS_RTOS_V2/cmsis_os2.o
                0x08003e98                vApplicationGetIdleTaskMemory
 .text.vApplicationGetTimerTaskMemory
                0x08003eb0       0x18 ./Middlewares/Third_Party/FreeRTOS/Source/CMSIS_RTOS_V2/cmsis_os2.o
                0x08003eb0                vApplicationGetTimerTaskMemory
 .text.xEventGroupCreateStatic
                0x08003ec8       0x48 ./Middlewares/Third_Party/FreeRTOS/Source/event_groups.o
                0x08003ec8                xEventGroupCreateStatic
 .text.xEventGroupCreate
                0x08003f10       0x1c ./Middlewares/Third_Party/FreeRTOS/Source/event_groups.o
                0x08003f10                xEventGroupCreate
 .text.xEventGroupWaitBits
                0x08003f2c      0x110 ./Middlewares/Third_Party/FreeRTOS/Source/event_groups.o
                0x08003f2c                xEventGroupWaitBits
 .text.xEventGroupClearBits
                0x0800403c       0x46 ./Middlewares/Third_Party/FreeRTOS/Source/event_groups.o
                0x0800403c                xEventGroupClearBits
 .text.vEventGroupClearBitsCallback
                0x08004082        0x4 ./Middlewares/Third_Party/FreeRTOS/Source/event_groups.o
                0x08004082                vEventGroupClearBitsCallback
 *fill*         0x08004086        0x2 
 .text.xEventGroupClearBitsFromISR
                0x08004088       0x10 ./Middlewares/Third_Party/FreeRTOS/Source/event_groups.o
                0x08004088                xEventGroupClearBitsFromISR
 .text.xEventGroupGetBitsFromISR
                0x08004098       0x1c ./Middlewares/Third_Party/FreeRTOS/Source/event_groups.o
                0x08004098                xEventGroupGetBitsFromISR
 .text.xEventGroupSetBits
                0x080040b4       0x88 ./Middlewares/Third_Party/FreeRTOS/Source/event_groups.o
                0x080040b4                xEventGroupSetBits
 .text.vEventGroupSetBitsCallback
                0x0800413c        0x4 ./Middlewares/Third_Party/FreeRTOS/Source/event_groups.o
                0x0800413c                vEventGroupSetBitsCallback
 .text.xEventGroupSetBitsFromISR
                0x08004140       0x10 ./Middlewares/Third_Party/FreeRTOS/Source/event_groups.o
                0x08004140                xEventGroupSetBitsFromISR
 .text.vListInitialise
                0x08004150       0x16 ./Middlewares/Third_Party/FreeRTOS/Source/list.o
                0x08004150                vListInitialise
 .text.vListInitialiseItem
                0x08004166        0x6 ./Middlewares/Third_Party/FreeRTOS/Source/list.o
                0x08004166                vListInitialiseItem
 .text.vListInsertEnd
                0x0800416c       0x16 ./Middlewares/Third_Party/FreeRTOS/Source/list.o
                0x0800416c                vListInsertEnd
 .text.vListInsert
                0x08004182       0x2e ./Middlewares/Third_Party/FreeRTOS/Source/list.o
                0x08004182                vListInsert
 .text.uxListRemove
                0x080041b0       0x20 ./Middlewares/Third_Party/FreeRTOS/Source/list.o
                0x080041b0                uxListRemove
 .text.prvIsQueueEmpty
                0x080041d0       0x16 ./Middlewares/Third_Party/FreeRTOS/Source/queue.o
 .text.prvCopyDataToQueue
                0x080041e6       0x66 ./Middlewares/Third_Party/FreeRTOS/Source/queue.o
 .text.prvCopyDataFromQueue
                0x0800424c       0x28 ./Middlewares/Third_Party/FreeRTOS/Source/queue.o
 .text.prvUnlockQueue
                0x08004274       0x6c ./Middlewares/Third_Party/FreeRTOS/Source/queue.o
 .text.xQueueGenericReset
                0x080042e0       0x7e ./Middlewares/Third_Party/FreeRTOS/Source/queue.o
                0x080042e0                xQueueGenericReset
 .text.xQueueGenericCreateStatic
                0x0800435e       0x9c ./Middlewares/Third_Party/FreeRTOS/Source/queue.o
                0x0800435e                xQueueGenericCreateStatic
 .text.xQueueGenericCreate
                0x080043fa       0x4e ./Middlewares/Third_Party/FreeRTOS/Source/queue.o
                0x080043fa                xQueueGenericCreate
 .text.xQueueCreateCountingSemaphoreStatic
                0x08004448       0x44 ./Middlewares/Third_Party/FreeRTOS/Source/queue.o
                0x08004448                xQueueCreateCountingSemaphoreStatic
 .text.xQueueCreateCountingSemaphore
                0x0800448c       0x3c ./Middlewares/Third_Party/FreeRTOS/Source/queue.o
                0x0800448c                xQueueCreateCountingSemaphore
 .text.xQueueGenericSend
                0x080044c8      0x164 ./Middlewares/Third_Party/FreeRTOS/Source/queue.o
                0x080044c8                xQueueGenericSend
 .text.xQueueCreateMutexStatic
                0x0800462c       0x2a ./Middlewares/Third_Party/FreeRTOS/Source/queue.o
                0x0800462c                xQueueCreateMutexStatic
 .text.xQueueGiveMutexRecursive
                0x08004656       0x3e ./Middlewares/Third_Party/FreeRTOS/Source/queue.o
                0x08004656                xQueueGiveMutexRecursive
 .text.xQueueCreateMutex
                0x08004694       0x3a ./Middlewares/Third_Party/FreeRTOS/Source/queue.o
                0x08004694                xQueueCreateMutex
 .text.xQueueGenericSendFromISR
                0x080046ce       0xba ./Middlewares/Third_Party/FreeRTOS/Source/queue.o
                0x080046ce                xQueueGenericSendFromISR
 .text.xQueueReceive
                0x08004788      0x13c ./Middlewares/Third_Party/FreeRTOS/Source/queue.o
                0x08004788                xQueueReceive
 .text.xQueueSemaphoreTake
                0x080048c4      0x17a ./Middlewares/Third_Party/FreeRTOS/Source/queue.o
                0x080048c4                xQueueSemaphoreTake
 .text.xQueueTakeMutexRecursive
                0x08004a3e       0x42 ./Middlewares/Third_Party/FreeRTOS/Source/queue.o
                0x08004a3e                xQueueTakeMutexRecursive
 .text.vQueueAddToRegistry
                0x08004a80       0x24 ./Middlewares/Third_Party/FreeRTOS/Source/queue.o
                0x08004a80                vQueueAddToRegistry
 .text.vQueueUnregisterQueue
                0x08004aa4       0x30 ./Middlewares/Third_Party/FreeRTOS/Source/queue.o
                0x08004aa4                vQueueUnregisterQueue
 .text.vQueueDelete
                0x08004ad4       0x2a ./Middlewares/Third_Party/FreeRTOS/Source/queue.o
                0x08004ad4                vQueueDelete
 .text.vQueueWaitForMessageRestricted
                0x08004afe       0x46 ./Middlewares/Third_Party/FreeRTOS/Source/queue.o
                0x08004afe                vQueueWaitForMessageRestricted
 .text.prvAddNewTaskToReadyList
                0x08004b44      0x100 ./Middlewares/Third_Party/FreeRTOS/Source/tasks.o
 .text.prvAddCurrentTaskToDelayedList
                0x08004c44       0x70 ./Middlewares/Third_Party/FreeRTOS/Source/tasks.o
 .text.prvResetNextTaskUnblockTime
                0x08004cb4       0x24 ./Middlewares/Third_Party/FreeRTOS/Source/tasks.o
 .text.prvDeleteTCB
                0x08004cd8       0x36 ./Middlewares/Third_Party/FreeRTOS/Source/tasks.o
 *fill*         0x08004d0e        0x2 
 .text.prvIdleTask
                0x08004d10       0x60 ./Middlewares/Third_Party/FreeRTOS/Source/tasks.o
 .text.prvInitialiseNewTask.constprop.0
                0x08004d70       0x96 ./Middlewares/Third_Party/FreeRTOS/Source/tasks.o
 .text.xTaskCreateStatic
                0x08004e06       0x70 ./Middlewares/Third_Party/FreeRTOS/Source/tasks.o
                0x08004e06                xTaskCreateStatic
 .text.xTaskCreate
                0x08004e76       0x5c ./Middlewares/Third_Party/FreeRTOS/Source/tasks.o
                0x08004e76                xTaskCreate
 *fill*         0x08004ed2        0x2 
 .text.vTaskStartScheduler
                0x08004ed4       0x8c ./Middlewares/Third_Party/FreeRTOS/Source/tasks.o
                0x08004ed4                vTaskStartScheduler
 .text.vTaskSuspendAll
                0x08004f60       0x10 ./Middlewares/Third_Party/FreeRTOS/Source/tasks.o
                0x08004f60                vTaskSuspendAll
 .text.xTaskGetTickCount
                0x08004f70        0xc ./Middlewares/Third_Party/FreeRTOS/Source/tasks.o
                0x08004f70                xTaskGetTickCount
 .text.xTaskIncrementTick
                0x08004f7c      0x130 ./Middlewares/Third_Party/FreeRTOS/Source/tasks.o
                0x08004f7c                xTaskIncrementTick
 .text.xTaskResumeAll
                0x080050ac       0xe8 ./Middlewares/Third_Party/FreeRTOS/Source/tasks.o
                0x080050ac                xTaskResumeAll
 .text.vTaskDelay
                0x08005194       0x48 ./Middlewares/Third_Party/FreeRTOS/Source/tasks.o
                0x08005194                vTaskDelay
 .text.vTaskSwitchContext
                0x080051dc       0x78 ./Middlewares/Third_Party/FreeRTOS/Source/tasks.o
                0x080051dc                vTaskSwitchContext
 .text.vTaskPlaceOnEventList
                0x08005254       0x34 ./Middlewares/Third_Party/FreeRTOS/Source/tasks.o
                0x08005254                vTaskPlaceOnEventList
 .text.vTaskPlaceOnUnorderedEventList
                0x08005288       0x58 ./Middlewares/Third_Party/FreeRTOS/Source/tasks.o
                0x08005288                vTaskPlaceOnUnorderedEventList
 .text.vTaskPlaceOnEventListRestricted
                0x080052e0       0x40 ./Middlewares/Third_Party/FreeRTOS/Source/tasks.o
                0x080052e0                vTaskPlaceOnEventListRestricted
 .text.xTaskRemoveFromEventList
                0x08005320       0x80 ./Middlewares/Third_Party/FreeRTOS/Source/tasks.o
                0x08005320                xTaskRemoveFromEventList
 .text.vTaskRemoveFromUnorderedEventList
                0x080053a0       0x84 ./Middlewares/Third_Party/FreeRTOS/Source/tasks.o
                0x080053a0                vTaskRemoveFromUnorderedEventList
 .text.vTaskInternalSetTimeOutState
                0x08005424       0x18 ./Middlewares/Third_Party/FreeRTOS/Source/tasks.o
                0x08005424                vTaskInternalSetTimeOutState
 .text.xTaskCheckForTimeOut
                0x0800543c       0x78 ./Middlewares/Third_Party/FreeRTOS/Source/tasks.o
                0x0800543c                xTaskCheckForTimeOut
 .text.vTaskMissedYield
                0x080054b4        0xc ./Middlewares/Third_Party/FreeRTOS/Source/tasks.o
                0x080054b4                vTaskMissedYield
 .text.xTaskGetCurrentTaskHandle
                0x080054c0        0xc ./Middlewares/Third_Party/FreeRTOS/Source/tasks.o
                0x080054c0                xTaskGetCurrentTaskHandle
 .text.xTaskGetSchedulerState
                0x080054cc       0x20 ./Middlewares/Third_Party/FreeRTOS/Source/tasks.o
                0x080054cc                xTaskGetSchedulerState
 .text.xTaskPriorityInherit
                0x080054ec       0x7c ./Middlewares/Third_Party/FreeRTOS/Source/tasks.o
                0x080054ec                xTaskPriorityInherit
 .text.xTaskPriorityDisinherit
                0x08005568       0x84 ./Middlewares/Third_Party/FreeRTOS/Source/tasks.o
                0x08005568                xTaskPriorityDisinherit
 .text.vTaskPriorityDisinheritAfterTimeout
                0x080055ec       0x9c ./Middlewares/Third_Party/FreeRTOS/Source/tasks.o
                0x080055ec                vTaskPriorityDisinheritAfterTimeout
 .text.uxTaskResetEventItemValue
                0x08005688       0x18 ./Middlewares/Third_Party/FreeRTOS/Source/tasks.o
                0x08005688                uxTaskResetEventItemValue
 .text.pvTaskIncrementMutexHeldCount
                0x080056a0       0x18 ./Middlewares/Third_Party/FreeRTOS/Source/tasks.o
                0x080056a0                pvTaskIncrementMutexHeldCount
 .text.prvInsertTimerInActiveList
                0x080056b8       0x3c ./Middlewares/Third_Party/FreeRTOS/Source/timers.o
 .text.prvCheckForValidListAndQueue
                0x080056f4       0x68 ./Middlewares/Third_Party/FreeRTOS/Source/timers.o
 .text.xTimerCreateTimerTask
                0x0800575c       0x64 ./Middlewares/Third_Party/FreeRTOS/Source/timers.o
                0x0800575c                xTimerCreateTimerTask
 .text.xTimerGenericCommand
                0x080057c0       0x58 ./Middlewares/Third_Party/FreeRTOS/Source/timers.o
                0x080057c0                xTimerGenericCommand
 .text.prvSampleTimeNow
                0x08005818       0xa4 ./Middlewares/Third_Party/FreeRTOS/Source/timers.o
 .text.prvTimerTask
                0x080058bc      0x1cc ./Middlewares/Third_Party/FreeRTOS/Source/timers.o
 .text.xTimerPendFunctionCallFromISR
                0x08005a88       0x28 ./Middlewares/Third_Party/FreeRTOS/Source/timers.o
                0x08005a88                xTimerPendFunctionCallFromISR
 .text.prvPortStartFirstTask
                0x08005ab0       0x20 ./Middlewares/Third_Party/FreeRTOS/Source/portable/GCC/ARM_CM3/port.o
 .text.prvTaskExitError
                0x08005ad0       0x40 ./Middlewares/Third_Party/FreeRTOS/Source/portable/GCC/ARM_CM3/port.o
 .text.pxPortInitialiseStack
                0x08005b10       0x24 ./Middlewares/Third_Party/FreeRTOS/Source/portable/GCC/ARM_CM3/port.o
                0x08005b10                pxPortInitialiseStack
 *fill*         0x08005b34        0xc 
 .text.SVC_Handler
                0x08005b40       0x24 ./Middlewares/Third_Party/FreeRTOS/Source/portable/GCC/ARM_CM3/port.o
                0x08005b40                SVC_Handler
 .text.vPortEnterCritical
                0x08005b64       0x40 ./Middlewares/Third_Party/FreeRTOS/Source/portable/GCC/ARM_CM3/port.o
                0x08005b64                vPortEnterCritical
 .text.vPortExitCritical
                0x08005ba4       0x28 ./Middlewares/Third_Party/FreeRTOS/Source/portable/GCC/ARM_CM3/port.o
                0x08005ba4                vPortExitCritical
 *fill*         0x08005bcc        0x4 
 .text.PendSV_Handler
                0x08005bd0       0x44 ./Middlewares/Third_Party/FreeRTOS/Source/portable/GCC/ARM_CM3/port.o
                0x08005bd0                PendSV_Handler
 .text.xPortSysTickHandler
                0x08005c14       0x2c ./Middlewares/Third_Party/FreeRTOS/Source/portable/GCC/ARM_CM3/port.o
                0x08005c14                xPortSysTickHandler
 .text.vPortSetupTimerInterrupt
                0x08005c40       0x24 ./Middlewares/Third_Party/FreeRTOS/Source/portable/GCC/ARM_CM3/port.o
                0x08005c40                vPortSetupTimerInterrupt
 .text.xPortStartScheduler
                0x08005c64       0xb0 ./Middlewares/Third_Party/FreeRTOS/Source/portable/GCC/ARM_CM3/port.o
                0x08005c64                xPortStartScheduler
 .text.vPortValidateInterruptPriority
                0x08005d14       0x5c ./Middlewares/Third_Party/FreeRTOS/Source/portable/GCC/ARM_CM3/port.o
                0x08005d14                vPortValidateInterruptPriority
 .text.prvInsertBlockIntoFreeList
                0x08005d70       0x4c ./Middlewares/Third_Party/FreeRTOS/Source/portable/MemMang/heap_4.o
 .text.pvPortMalloc
                0x08005dbc      0x130 ./Middlewares/Third_Party/FreeRTOS/Source/portable/MemMang/heap_4.o
                0x08005dbc                pvPortMalloc
 .text.vPortFree
                0x08005eec       0x7c ./Middlewares/Third_Party/FreeRTOS/Source/portable/MemMang/heap_4.o
                0x08005eec                vPortFree
 .text.__cvt    0x08005f68       0xc8 E:/ST/STM32CubeIDE_1.19.0/STM32CubeIDE/plugins/com.st.stm32cube.ide.mcu.externaltools.gnu-tools-for-stm32.13.3.rel1.win32_1.0.0.202411081344/tools/bin/../lib/gcc/arm-none-eabi/13.3.1/../../../../arm-none-eabi/lib/thumb/v7-m/nofp\libc_nano.a(libc_a-nano-vfprintf_float.o)
                0x08005f68                __cvt
 .text.__exponent
                0x08006030       0x74 E:/ST/STM32CubeIDE_1.19.0/STM32CubeIDE/plugins/com.st.stm32cube.ide.mcu.externaltools.gnu-tools-for-stm32.13.3.rel1.win32_1.0.0.202411081344/tools/bin/../lib/gcc/arm-none-eabi/13.3.1/../../../../arm-none-eabi/lib/thumb/v7-m/nofp\libc_nano.a(libc_a-nano-vfprintf_float.o)
                0x08006030                __exponent
 .text._printf_float
                0x080060a4      0x458 E:/ST/STM32CubeIDE_1.19.0/STM32CubeIDE/plugins/com.st.stm32cube.ide.mcu.externaltools.gnu-tools-for-stm32.13.3.rel1.win32_1.0.0.202411081344/tools/bin/../lib/gcc/arm-none-eabi/13.3.1/../../../../arm-none-eabi/lib/thumb/v7-m/nofp\libc_nano.a(libc_a-nano-vfprintf_float.o)
                0x080060a4                _printf_float
 .text._printf_common
                0x080064fc       0xe4 E:/ST/STM32CubeIDE_1.19.0/STM32CubeIDE/plugins/com.st.stm32cube.ide.mcu.externaltools.gnu-tools-for-stm32.13.3.rel1.win32_1.0.0.202411081344/tools/bin/../lib/gcc/arm-none-eabi/13.3.1/../../../../arm-none-eabi/lib/thumb/v7-m/nofp\libc_nano.a(libc_a-nano-vfprintf_i.o)
                0x080064fc                _printf_common
 .text._printf_i
                0x080065e0      0x23c E:/ST/STM32CubeIDE_1.19.0/STM32CubeIDE/plugins/com.st.stm32cube.ide.mcu.externaltools.gnu-tools-for-stm32.13.3.rel1.win32_1.0.0.202411081344/tools/bin/../lib/gcc/arm-none-eabi/13.3.1/../../../../arm-none-eabi/lib/thumb/v7-m/nofp\libc_nano.a(libc_a-nano-vfprintf_i.o)
                0x080065e0                _printf_i
 .text.std      0x0800681c       0x6c E:/ST/STM32CubeIDE_1.19.0/STM32CubeIDE/plugins/com.st.stm32cube.ide.mcu.externaltools.gnu-tools-for-stm32.13.3.rel1.win32_1.0.0.202411081344/tools/bin/../lib/gcc/arm-none-eabi/13.3.1/../../../../arm-none-eabi/lib/thumb/v7-m/nofp\libc_nano.a(libc_a-findfp.o)
 .text.stdio_exit_handler
                0x08006888       0x18 E:/ST/STM32CubeIDE_1.19.0/STM32CubeIDE/plugins/com.st.stm32cube.ide.mcu.externaltools.gnu-tools-for-stm32.13.3.rel1.win32_1.0.0.202411081344/tools/bin/../lib/gcc/arm-none-eabi/13.3.1/../../../../arm-none-eabi/lib/thumb/v7-m/nofp\libc_nano.a(libc_a-findfp.o)
 .text.cleanup_stdio
                0x080068a0       0x40 E:/ST/STM32CubeIDE_1.19.0/STM32CubeIDE/plugins/com.st.stm32cube.ide.mcu.externaltools.gnu-tools-for-stm32.13.3.rel1.win32_1.0.0.202411081344/tools/bin/../lib/gcc/arm-none-eabi/13.3.1/../../../../arm-none-eabi/lib/thumb/v7-m/nofp\libc_nano.a(libc_a-findfp.o)
 .text.global_stdio_init.part.0
                0x080068e0       0x3c E:/ST/STM32CubeIDE_1.19.0/STM32CubeIDE/plugins/com.st.stm32cube.ide.mcu.externaltools.gnu-tools-for-stm32.13.3.rel1.win32_1.0.0.202411081344/tools/bin/../lib/gcc/arm-none-eabi/13.3.1/../../../../arm-none-eabi/lib/thumb/v7-m/nofp\libc_nano.a(libc_a-findfp.o)
 .text.__sfp_lock_acquire
                0x0800691c        0xc E:/ST/STM32CubeIDE_1.19.0/STM32CubeIDE/plugins/com.st.stm32cube.ide.mcu.externaltools.gnu-tools-for-stm32.13.3.rel1.win32_1.0.0.202411081344/tools/bin/../lib/gcc/arm-none-eabi/13.3.1/../../../../arm-none-eabi/lib/thumb/v7-m/nofp\libc_nano.a(libc_a-findfp.o)
                0x0800691c                __sfp_lock_acquire
 .text.__sfp_lock_release
                0x08006928        0xc E:/ST/STM32CubeIDE_1.19.0/STM32CubeIDE/plugins/com.st.stm32cube.ide.mcu.externaltools.gnu-tools-for-stm32.13.3.rel1.win32_1.0.0.202411081344/tools/bin/../lib/gcc/arm-none-eabi/13.3.1/../../../../arm-none-eabi/lib/thumb/v7-m/nofp\libc_nano.a(libc_a-findfp.o)
                0x08006928                __sfp_lock_release
 .text.__sinit  0x08006934       0x30 E:/ST/STM32CubeIDE_1.19.0/STM32CubeIDE/plugins/com.st.stm32cube.ide.mcu.externaltools.gnu-tools-for-stm32.13.3.rel1.win32_1.0.0.202411081344/tools/bin/../lib/gcc/arm-none-eabi/13.3.1/../../../../arm-none-eabi/lib/thumb/v7-m/nofp\libc_nano.a(libc_a-findfp.o)
                0x08006934                __sinit
 .text._fwalk_sglue
                0x08006964       0x3c E:/ST/STM32CubeIDE_1.19.0/STM32CubeIDE/plugins/com.st.stm32cube.ide.mcu.externaltools.gnu-tools-for-stm32.13.3.rel1.win32_1.0.0.202411081344/tools/bin/../lib/gcc/arm-none-eabi/13.3.1/../../../../arm-none-eabi/lib/thumb/v7-m/nofp\libc_nano.a(libc_a-fwalk.o)
                0x08006964                _fwalk_sglue
 .text.__sread  0x080069a0       0x22 E:/ST/STM32CubeIDE_1.19.0/STM32CubeIDE/plugins/com.st.stm32cube.ide.mcu.externaltools.gnu-tools-for-stm32.13.3.rel1.win32_1.0.0.202411081344/tools/bin/../lib/gcc/arm-none-eabi/13.3.1/../../../../arm-none-eabi/lib/thumb/v7-m/nofp\libc_nano.a(libc_a-stdio.o)
                0x080069a0                __sread
 .text.__swrite
                0x080069c2       0x38 E:/ST/STM32CubeIDE_1.19.0/STM32CubeIDE/plugins/com.st.stm32cube.ide.mcu.externaltools.gnu-tools-for-stm32.13.3.rel1.win32_1.0.0.202411081344/tools/bin/../lib/gcc/arm-none-eabi/13.3.1/../../../../arm-none-eabi/lib/thumb/v7-m/nofp\libc_nano.a(libc_a-stdio.o)
                0x080069c2                __swrite
 .text.__sseek  0x080069fa       0x24 E:/ST/STM32CubeIDE_1.19.0/STM32CubeIDE/plugins/com.st.stm32cube.ide.mcu.externaltools.gnu-tools-for-stm32.13.3.rel1.win32_1.0.0.202411081344/tools/bin/../lib/gcc/arm-none-eabi/13.3.1/../../../../arm-none-eabi/lib/thumb/v7-m/nofp\libc_nano.a(libc_a-stdio.o)
                0x080069fa                __sseek
 .text.__sclose
                0x08006a1e        0x8 E:/ST/STM32CubeIDE_1.19.0/STM32CubeIDE/plugins/com.st.stm32cube.ide.mcu.externaltools.gnu-tools-for-stm32.13.3.rel1.win32_1.0.0.202411081344/tools/bin/../lib/gcc/arm-none-eabi/13.3.1/../../../../arm-none-eabi/lib/thumb/v7-m/nofp\libc_nano.a(libc_a-stdio.o)
                0x08006a1e                __sclose
 .text._vsnprintf_r
                0x08006a26       0x5c E:/ST/STM32CubeIDE_1.19.0/STM32CubeIDE/plugins/com.st.stm32cube.ide.mcu.externaltools.gnu-tools-for-stm32.13.3.rel1.win32_1.0.0.202411081344/tools/bin/../lib/gcc/arm-none-eabi/13.3.1/../../../../arm-none-eabi/lib/thumb/v7-m/nofp\libc_nano.a(libc_a-vsnprintf.o)
                0x08006a26                _vsniprintf_r
                0x08006a26                _vsnprintf_r
 *fill*         0x08006a82        0x2 
 .text.vsnprintf
                0x08006a84       0x1c E:/ST/STM32CubeIDE_1.19.0/STM32CubeIDE/plugins/com.st.stm32cube.ide.mcu.externaltools.gnu-tools-for-stm32.13.3.rel1.win32_1.0.0.202411081344/tools/bin/../lib/gcc/arm-none-eabi/13.3.1/../../../../arm-none-eabi/lib/thumb/v7-m/nofp\libc_nano.a(libc_a-vsnprintf.o)
                0x08006a84                vsniprintf
                0x08006a84                vsnprintf
 .text.memcmp   0x08006aa0       0x20 E:/ST/STM32CubeIDE_1.19.0/STM32CubeIDE/plugins/com.st.stm32cube.ide.mcu.externaltools.gnu-tools-for-stm32.13.3.rel1.win32_1.0.0.202411081344/tools/bin/../lib/gcc/arm-none-eabi/13.3.1/../../../../arm-none-eabi/lib/thumb/v7-m/nofp\libc_nano.a(libc_a-memcmp.o)
                0x08006aa0                memcmp
 .text.memset   0x08006ac0       0x10 E:/ST/STM32CubeIDE_1.19.0/STM32CubeIDE/plugins/com.st.stm32cube.ide.mcu.externaltools.gnu-tools-for-stm32.13.3.rel1.win32_1.0.0.202411081344/tools/bin/../lib/gcc/arm-none-eabi/13.3.1/../../../../arm-none-eabi/lib/thumb/v7-m/nofp\libc_nano.a(libc_a-memset.o)
                0x08006ac0                memset
 .text._localeconv_r
                0x08006ad0        0x8 E:/ST/STM32CubeIDE_1.19.0/STM32CubeIDE/plugins/com.st.stm32cube.ide.mcu.externaltools.gnu-tools-for-stm32.13.3.rel1.win32_1.0.0.202411081344/tools/bin/../lib/gcc/arm-none-eabi/13.3.1/../../../../arm-none-eabi/lib/thumb/v7-m/nofp\libc_nano.a(libc_a-localeconv.o)
                0x08006ad0                _localeconv_r
 .text._close_r
                0x08006ad8       0x20 E:/ST/STM32CubeIDE_1.19.0/STM32CubeIDE/plugins/com.st.stm32cube.ide.mcu.externaltools.gnu-tools-for-stm32.13.3.rel1.win32_1.0.0.202411081344/tools/bin/../lib/gcc/arm-none-eabi/13.3.1/../../../../arm-none-eabi/lib/thumb/v7-m/nofp\libc_nano.a(libc_a-closer.o)
                0x08006ad8                _close_r
 .text._lseek_r
                0x08006af8       0x24 E:/ST/STM32CubeIDE_1.19.0/STM32CubeIDE/plugins/com.st.stm32cube.ide.mcu.externaltools.gnu-tools-for-stm32.13.3.rel1.win32_1.0.0.202411081344/tools/bin/../lib/gcc/arm-none-eabi/13.3.1/../../../../arm-none-eabi/lib/thumb/v7-m/nofp\libc_nano.a(libc_a-lseekr.o)
                0x08006af8                _lseek_r
 .text._read_r  0x08006b1c       0x24 E:/ST/STM32CubeIDE_1.19.0/STM32CubeIDE/plugins/com.st.stm32cube.ide.mcu.externaltools.gnu-tools-for-stm32.13.3.rel1.win32_1.0.0.202411081344/tools/bin/../lib/gcc/arm-none-eabi/13.3.1/../../../../arm-none-eabi/lib/thumb/v7-m/nofp\libc_nano.a(libc_a-readr.o)
                0x08006b1c                _read_r
 .text._write_r
                0x08006b40       0x24 E:/ST/STM32CubeIDE_1.19.0/STM32CubeIDE/plugins/com.st.stm32cube.ide.mcu.externaltools.gnu-tools-for-stm32.13.3.rel1.win32_1.0.0.202411081344/tools/bin/../lib/gcc/arm-none-eabi/13.3.1/../../../../arm-none-eabi/lib/thumb/v7-m/nofp\libc_nano.a(libc_a-writer.o)
                0x08006b40                _write_r
 .text.__errno  0x08006b64        0xc E:/ST/STM32CubeIDE_1.19.0/STM32CubeIDE/plugins/com.st.stm32cube.ide.mcu.externaltools.gnu-tools-for-stm32.13.3.rel1.win32_1.0.0.202411081344/tools/bin/../lib/gcc/arm-none-eabi/13.3.1/../../../../arm-none-eabi/lib/thumb/v7-m/nofp\libc_nano.a(libc_a-errno.o)
                0x08006b64                __errno
 .text.__libc_init_array
                0x08006b70       0x48 E:/ST/STM32CubeIDE_1.19.0/STM32CubeIDE/plugins/com.st.stm32cube.ide.mcu.externaltools.gnu-tools-for-stm32.13.3.rel1.win32_1.0.0.202411081344/tools/bin/../lib/gcc/arm-none-eabi/13.3.1/../../../../arm-none-eabi/lib/thumb/v7-m/nofp\libc_nano.a(libc_a-init.o)
                0x08006b70                __libc_init_array
 .text.__retarget_lock_init_recursive
                0x08006bb8        0x2 E:/ST/STM32CubeIDE_1.19.0/STM32CubeIDE/plugins/com.st.stm32cube.ide.mcu.externaltools.gnu-tools-for-stm32.13.3.rel1.win32_1.0.0.202411081344/tools/bin/../lib/gcc/arm-none-eabi/13.3.1/../../../../arm-none-eabi/lib/thumb/v7-m/nofp\libc_nano.a(libc_a-lock.o)
                0x08006bb8                __retarget_lock_init_recursive
 .text.__retarget_lock_acquire_recursive
                0x08006bba        0x2 E:/ST/STM32CubeIDE_1.19.0/STM32CubeIDE/plugins/com.st.stm32cube.ide.mcu.externaltools.gnu-tools-for-stm32.13.3.rel1.win32_1.0.0.202411081344/tools/bin/../lib/gcc/arm-none-eabi/13.3.1/../../../../arm-none-eabi/lib/thumb/v7-m/nofp\libc_nano.a(libc_a-lock.o)
                0x08006bba                __retarget_lock_acquire_recursive
 .text.__retarget_lock_release_recursive
                0x08006bbc        0x2 E:/ST/STM32CubeIDE_1.19.0/STM32CubeIDE/plugins/com.st.stm32cube.ide.mcu.externaltools.gnu-tools-for-stm32.13.3.rel1.win32_1.0.0.202411081344/tools/bin/../lib/gcc/arm-none-eabi/13.3.1/../../../../arm-none-eabi/lib/thumb/v7-m/nofp\libc_nano.a(libc_a-lock.o)
                0x08006bbc                __retarget_lock_release_recursive
 .text.memchr   0x08006bbe       0x1c E:/ST/STM32CubeIDE_1.19.0/STM32CubeIDE/plugins/com.st.stm32cube.ide.mcu.externaltools.gnu-tools-for-stm32.13.3.rel1.win32_1.0.0.202411081344/tools/bin/../lib/gcc/arm-none-eabi/13.3.1/../../../../arm-none-eabi/lib/thumb/v7-m/nofp\libc_nano.a(libc_a-memchr-stub.o)
                0x08006bbe                memchr
 .text.memcpy   0x08006bda       0x1c E:/ST/STM32CubeIDE_1.19.0/STM32CubeIDE/plugins/com.st.stm32cube.ide.mcu.externaltools.gnu-tools-for-stm32.13.3.rel1.win32_1.0.0.202411081344/tools/bin/../lib/gcc/arm-none-eabi/13.3.1/../../../../arm-none-eabi/lib/thumb/v7-m/nofp\libc_nano.a(libc_a-memcpy-stub.o)
                0x08006bda                memcpy
 .text.quorem   0x08006bf6      0x110 E:/ST/STM32CubeIDE_1.19.0/STM32CubeIDE/plugins/com.st.stm32cube.ide.mcu.externaltools.gnu-tools-for-stm32.13.3.rel1.win32_1.0.0.202411081344/tools/bin/../lib/gcc/arm-none-eabi/13.3.1/../../../../arm-none-eabi/lib/thumb/v7-m/nofp\libc_nano.a(libc_a-dtoa.o)
 *fill*         0x08006d06        0x2 
 .text._dtoa_r  0x08006d08      0xba8 E:/ST/STM32CubeIDE_1.19.0/STM32CubeIDE/plugins/com.st.stm32cube.ide.mcu.externaltools.gnu-tools-for-stm32.13.3.rel1.win32_1.0.0.202411081344/tools/bin/../lib/gcc/arm-none-eabi/13.3.1/../../../../arm-none-eabi/lib/thumb/v7-m/nofp\libc_nano.a(libc_a-dtoa.o)
                0x08006d08                _dtoa_r
 .text._free_r  0x080078b0       0x90 E:/ST/STM32CubeIDE_1.19.0/STM32CubeIDE/plugins/com.st.stm32cube.ide.mcu.externaltools.gnu-tools-for-stm32.13.3.rel1.win32_1.0.0.202411081344/tools/bin/../lib/gcc/arm-none-eabi/13.3.1/../../../../arm-none-eabi/lib/thumb/v7-m/nofp\libc_nano.a(libc_a-freer.o)
                0x080078b0                _free_r
 .text.malloc   0x08007940       0x10 E:/ST/STM32CubeIDE_1.19.0/STM32CubeIDE/plugins/com.st.stm32cube.ide.mcu.externaltools.gnu-tools-for-stm32.13.3.rel1.win32_1.0.0.202411081344/tools/bin/../lib/gcc/arm-none-eabi/13.3.1/../../../../arm-none-eabi/lib/thumb/v7-m/nofp\libc_nano.a(libc_a-malloc.o)
                0x08007940                malloc
 .text.sbrk_aligned
                0x08007950       0x44 E:/ST/STM32CubeIDE_1.19.0/STM32CubeIDE/plugins/com.st.stm32cube.ide.mcu.externaltools.gnu-tools-for-stm32.13.3.rel1.win32_1.0.0.202411081344/tools/bin/../lib/gcc/arm-none-eabi/13.3.1/../../../../arm-none-eabi/lib/thumb/v7-m/nofp\libc_nano.a(libc_a-mallocr.o)
 .text._malloc_r
                0x08007994      0x100 E:/ST/STM32CubeIDE_1.19.0/STM32CubeIDE/plugins/com.st.stm32cube.ide.mcu.externaltools.gnu-tools-for-stm32.13.3.rel1.win32_1.0.0.202411081344/tools/bin/../lib/gcc/arm-none-eabi/13.3.1/../../../../arm-none-eabi/lib/thumb/v7-m/nofp\libc_nano.a(libc_a-mallocr.o)
                0x08007994                _malloc_r
 .text.__malloc_lock
                0x08007a94        0xc E:/ST/STM32CubeIDE_1.19.0/STM32CubeIDE/plugins/com.st.stm32cube.ide.mcu.externaltools.gnu-tools-for-stm32.13.3.rel1.win32_1.0.0.202411081344/tools/bin/../lib/gcc/arm-none-eabi/13.3.1/../../../../arm-none-eabi/lib/thumb/v7-m/nofp\libc_nano.a(libc_a-mlock.o)
                0x08007a94                __malloc_lock
 .text.__malloc_unlock
                0x08007aa0        0xc E:/ST/STM32CubeIDE_1.19.0/STM32CubeIDE/plugins/com.st.stm32cube.ide.mcu.externaltools.gnu-tools-for-stm32.13.3.rel1.win32_1.0.0.202411081344/tools/bin/../lib/gcc/arm-none-eabi/13.3.1/../../../../arm-none-eabi/lib/thumb/v7-m/nofp\libc_nano.a(libc_a-mlock.o)
                0x08007aa0                __malloc_unlock
 .text._Balloc  0x08007aac       0x80 E:/ST/STM32CubeIDE_1.19.0/STM32CubeIDE/plugins/com.st.stm32cube.ide.mcu.externaltools.gnu-tools-for-stm32.13.3.rel1.win32_1.0.0.202411081344/tools/bin/../lib/gcc/arm-none-eabi/13.3.1/../../../../arm-none-eabi/lib/thumb/v7-m/nofp\libc_nano.a(libc_a-mprec.o)
                0x08007aac                _Balloc
 .text._Bfree   0x08007b2c       0x44 E:/ST/STM32CubeIDE_1.19.0/STM32CubeIDE/plugins/com.st.stm32cube.ide.mcu.externaltools.gnu-tools-for-stm32.13.3.rel1.win32_1.0.0.202411081344/tools/bin/../lib/gcc/arm-none-eabi/13.3.1/../../../../arm-none-eabi/lib/thumb/v7-m/nofp\libc_nano.a(libc_a-mprec.o)
                0x08007b2c                _Bfree
 .text.__multadd
                0x08007b70       0x8c E:/ST/STM32CubeIDE_1.19.0/STM32CubeIDE/plugins/com.st.stm32cube.ide.mcu.externaltools.gnu-tools-for-stm32.13.3.rel1.win32_1.0.0.202411081344/tools/bin/../lib/gcc/arm-none-eabi/13.3.1/../../../../arm-none-eabi/lib/thumb/v7-m/nofp\libc_nano.a(libc_a-mprec.o)
                0x08007b70                __multadd
 .text.__hi0bits
                0x08007bfc       0x3e E:/ST/STM32CubeIDE_1.19.0/STM32CubeIDE/plugins/com.st.stm32cube.ide.mcu.externaltools.gnu-tools-for-stm32.13.3.rel1.win32_1.0.0.202411081344/tools/bin/../lib/gcc/arm-none-eabi/13.3.1/../../../../arm-none-eabi/lib/thumb/v7-m/nofp\libc_nano.a(libc_a-mprec.o)
                0x08007bfc                __hi0bits
 .text.__lo0bits
                0x08007c3a       0x5a E:/ST/STM32CubeIDE_1.19.0/STM32CubeIDE/plugins/com.st.stm32cube.ide.mcu.externaltools.gnu-tools-for-stm32.13.3.rel1.win32_1.0.0.202411081344/tools/bin/../lib/gcc/arm-none-eabi/13.3.1/../../../../arm-none-eabi/lib/thumb/v7-m/nofp\libc_nano.a(libc_a-mprec.o)
                0x08007c3a                __lo0bits
 .text.__i2b    0x08007c94       0x2c E:/ST/STM32CubeIDE_1.19.0/STM32CubeIDE/plugins/com.st.stm32cube.ide.mcu.externaltools.gnu-tools-for-stm32.13.3.rel1.win32_1.0.0.202411081344/tools/bin/../lib/gcc/arm-none-eabi/13.3.1/../../../../arm-none-eabi/lib/thumb/v7-m/nofp\libc_nano.a(libc_a-mprec.o)
                0x08007c94                __i2b
 .text.__multiply
                0x08007cc0      0x144 E:/ST/STM32CubeIDE_1.19.0/STM32CubeIDE/plugins/com.st.stm32cube.ide.mcu.externaltools.gnu-tools-for-stm32.13.3.rel1.win32_1.0.0.202411081344/tools/bin/../lib/gcc/arm-none-eabi/13.3.1/../../../../arm-none-eabi/lib/thumb/v7-m/nofp\libc_nano.a(libc_a-mprec.o)
                0x08007cc0                __multiply
 .text.__pow5mult
                0x08007e04       0xb4 E:/ST/STM32CubeIDE_1.19.0/STM32CubeIDE/plugins/com.st.stm32cube.ide.mcu.externaltools.gnu-tools-for-stm32.13.3.rel1.win32_1.0.0.202411081344/tools/bin/../lib/gcc/arm-none-eabi/13.3.1/../../../../arm-none-eabi/lib/thumb/v7-m/nofp\libc_nano.a(libc_a-mprec.o)
                0x08007e04                __pow5mult
 .text.__lshift
                0x08007eb8       0xd8 E:/ST/STM32CubeIDE_1.19.0/STM32CubeIDE/plugins/com.st.stm32cube.ide.mcu.externaltools.gnu-tools-for-stm32.13.3.rel1.win32_1.0.0.202411081344/tools/bin/../lib/gcc/arm-none-eabi/13.3.1/../../../../arm-none-eabi/lib/thumb/v7-m/nofp\libc_nano.a(libc_a-mprec.o)
                0x08007eb8                __lshift
 .text.__mcmp   0x08007f90       0x36 E:/ST/STM32CubeIDE_1.19.0/STM32CubeIDE/plugins/com.st.stm32cube.ide.mcu.externaltools.gnu-tools-for-stm32.13.3.rel1.win32_1.0.0.202411081344/tools/bin/../lib/gcc/arm-none-eabi/13.3.1/../../../../arm-none-eabi/lib/thumb/v7-m/nofp\libc_nano.a(libc_a-mprec.o)
                0x08007f90                __mcmp
 *fill*         0x08007fc6        0x2 
 .text.__mdiff  0x08007fc8      0x128 E:/ST/STM32CubeIDE_1.19.0/STM32CubeIDE/plugins/com.st.stm32cube.ide.mcu.externaltools.gnu-tools-for-stm32.13.3.rel1.win32_1.0.0.202411081344/tools/bin/../lib/gcc/arm-none-eabi/13.3.1/../../../../arm-none-eabi/lib/thumb/v7-m/nofp\libc_nano.a(libc_a-mprec.o)
                0x08007fc8                __mdiff
 .text.__d2b    0x080080f0       0xb0 E:/ST/STM32CubeIDE_1.19.0/STM32CubeIDE/plugins/com.st.stm32cube.ide.mcu.externaltools.gnu-tools-for-stm32.13.3.rel1.win32_1.0.0.202411081344/tools/bin/../lib/gcc/arm-none-eabi/13.3.1/../../../../arm-none-eabi/lib/thumb/v7-m/nofp\libc_nano.a(libc_a-mprec.o)
                0x080080f0                __d2b
 .text.__ssputs_r
                0x080081a0       0xb6 E:/ST/STM32CubeIDE_1.19.0/STM32CubeIDE/plugins/com.st.stm32cube.ide.mcu.externaltools.gnu-tools-for-stm32.13.3.rel1.win32_1.0.0.202411081344/tools/bin/../lib/gcc/arm-none-eabi/13.3.1/../../../../arm-none-eabi/lib/thumb/v7-m/nofp\libc_nano.a(libc_a-nano-svfprintf.o)
                0x080081a0                __ssputs_r
 *fill*         0x08008256        0x2 
 .text._svfprintf_r
                0x08008258      0x1f8 E:/ST/STM32CubeIDE_1.19.0/STM32CubeIDE/plugins/com.st.stm32cube.ide.mcu.externaltools.gnu-tools-for-stm32.13.3.rel1.win32_1.0.0.202411081344/tools/bin/../lib/gcc/arm-none-eabi/13.3.1/../../../../arm-none-eabi/lib/thumb/v7-m/nofp\libc_nano.a(libc_a-nano-svfprintf.o)
                0x08008258                _svfiprintf_r
                0x08008258                _svfprintf_r
 .text.__sflush_r
                0x08008450      0x100 E:/ST/STM32CubeIDE_1.19.0/STM32CubeIDE/plugins/com.st.stm32cube.ide.mcu.externaltools.gnu-tools-for-stm32.13.3.rel1.win32_1.0.0.202411081344/tools/bin/../lib/gcc/arm-none-eabi/13.3.1/../../../../arm-none-eabi/lib/thumb/v7-m/nofp\libc_nano.a(libc_a-fflush.o)
                0x08008450                __sflush_r
 .text._fflush_r
                0x08008550       0x50 E:/ST/STM32CubeIDE_1.19.0/STM32CubeIDE/plugins/com.st.stm32cube.ide.mcu.externaltools.gnu-tools-for-stm32.13.3.rel1.win32_1.0.0.202411081344/tools/bin/../lib/gcc/arm-none-eabi/13.3.1/../../../../arm-none-eabi/lib/thumb/v7-m/nofp\libc_nano.a(libc_a-fflush.o)
                0x08008550                _fflush_r
 .text.memmove  0x080085a0       0x34 E:/ST/STM32CubeIDE_1.19.0/STM32CubeIDE/plugins/com.st.stm32cube.ide.mcu.externaltools.gnu-tools-for-stm32.13.3.rel1.win32_1.0.0.202411081344/tools/bin/../lib/gcc/arm-none-eabi/13.3.1/../../../../arm-none-eabi/lib/thumb/v7-m/nofp\libc_nano.a(libc_a-memmove.o)
                0x080085a0                memmove
 .text._sbrk_r  0x080085d4       0x20 E:/ST/STM32CubeIDE_1.19.0/STM32CubeIDE/plugins/com.st.stm32cube.ide.mcu.externaltools.gnu-tools-for-stm32.13.3.rel1.win32_1.0.0.202411081344/tools/bin/../lib/gcc/arm-none-eabi/13.3.1/../../../../arm-none-eabi/lib/thumb/v7-m/nofp\libc_nano.a(libc_a-sbrkr.o)
                0x080085d4                _sbrk_r
 .text.__assert_func
                0x080085f4       0x3c E:/ST/STM32CubeIDE_1.19.0/STM32CubeIDE/plugins/com.st.stm32cube.ide.mcu.externaltools.gnu-tools-for-stm32.13.3.rel1.win32_1.0.0.202411081344/tools/bin/../lib/gcc/arm-none-eabi/13.3.1/../../../../arm-none-eabi/lib/thumb/v7-m/nofp\libc_nano.a(libc_a-assert.o)
                0x080085f4                __assert_func
 .text._calloc_r
                0x08008630       0x28 E:/ST/STM32CubeIDE_1.19.0/STM32CubeIDE/plugins/com.st.stm32cube.ide.mcu.externaltools.gnu-tools-for-stm32.13.3.rel1.win32_1.0.0.202411081344/tools/bin/../lib/gcc/arm-none-eabi/13.3.1/../../../../arm-none-eabi/lib/thumb/v7-m/nofp\libc_nano.a(libc_a-callocr.o)
                0x08008630                _calloc_r
 .text.__ascii_mbtowc
                0x08008658       0x24 E:/ST/STM32CubeIDE_1.19.0/STM32CubeIDE/plugins/com.st.stm32cube.ide.mcu.externaltools.gnu-tools-for-stm32.13.3.rel1.win32_1.0.0.202411081344/tools/bin/../lib/gcc/arm-none-eabi/13.3.1/../../../../arm-none-eabi/lib/thumb/v7-m/nofp\libc_nano.a(libc_a-mbtowc_r.o)
                0x08008658                __ascii_mbtowc
 .text._realloc_r
                0x0800867c       0x5c E:/ST/STM32CubeIDE_1.19.0/STM32CubeIDE/plugins/com.st.stm32cube.ide.mcu.externaltools.gnu-tools-for-stm32.13.3.rel1.win32_1.0.0.202411081344/tools/bin/../lib/gcc/arm-none-eabi/13.3.1/../../../../arm-none-eabi/lib/thumb/v7-m/nofp\libc_nano.a(libc_a-reallocr.o)
                0x0800867c                _realloc_r
 .text.__ascii_wctomb
                0x080086d8       0x1a E:/ST/STM32CubeIDE_1.19.0/STM32CubeIDE/plugins/com.st.stm32cube.ide.mcu.externaltools.gnu-tools-for-stm32.13.3.rel1.win32_1.0.0.202411081344/tools/bin/../lib/gcc/arm-none-eabi/13.3.1/../../../../arm-none-eabi/lib/thumb/v7-m/nofp\libc_nano.a(libc_a-wctomb_r.o)
                0x080086d8                __ascii_wctomb
 *fill*         0x080086f2        0x2 
 .text.fprintf  0x080086f4       0x24 E:/ST/STM32CubeIDE_1.19.0/STM32CubeIDE/plugins/com.st.stm32cube.ide.mcu.externaltools.gnu-tools-for-stm32.13.3.rel1.win32_1.0.0.202411081344/tools/bin/../lib/gcc/arm-none-eabi/13.3.1/../../../../arm-none-eabi/lib/thumb/v7-m/nofp\libc_nano.a(libc_a-fprintf.o)
                0x080086f4                fiprintf
                0x080086f4                fprintf
 .text.abort    0x08008718        0xe E:/ST/STM32CubeIDE_1.19.0/STM32CubeIDE/plugins/com.st.stm32cube.ide.mcu.externaltools.gnu-tools-for-stm32.13.3.rel1.win32_1.0.0.202411081344/tools/bin/../lib/gcc/arm-none-eabi/13.3.1/../../../../arm-none-eabi/lib/thumb/v7-m/nofp\libc_nano.a(libc_a-abort.o)
                0x08008718                abort
 .text._malloc_usable_size_r
                0x08008726       0x10 E:/ST/STM32CubeIDE_1.19.0/STM32CubeIDE/plugins/com.st.stm32cube.ide.mcu.externaltools.gnu-tools-for-stm32.13.3.rel1.win32_1.0.0.202411081344/tools/bin/../lib/gcc/arm-none-eabi/13.3.1/../../../../arm-none-eabi/lib/thumb/v7-m/nofp\libc_nano.a(libc_a-msizer.o)
                0x08008726                _malloc_usable_size_r
 .text.__sfputc_r
                0x08008736       0x2a E:/ST/STM32CubeIDE_1.19.0/STM32CubeIDE/plugins/com.st.stm32cube.ide.mcu.externaltools.gnu-tools-for-stm32.13.3.rel1.win32_1.0.0.202411081344/tools/bin/../lib/gcc/arm-none-eabi/13.3.1/../../../../arm-none-eabi/lib/thumb/v7-m/nofp\libc_nano.a(libc_a-nano-vfprintf.o)
 .text.__sfputs_r
                0x08008760       0x24 E:/ST/STM32CubeIDE_1.19.0/STM32CubeIDE/plugins/com.st.stm32cube.ide.mcu.externaltools.gnu-tools-for-stm32.13.3.rel1.win32_1.0.0.202411081344/tools/bin/../lib/gcc/arm-none-eabi/13.3.1/../../../../arm-none-eabi/lib/thumb/v7-m/nofp\libc_nano.a(libc_a-nano-vfprintf.o)
                0x08008760                __sfputs_r
 .text._vfprintf_r
                0x08008784      0x230 E:/ST/STM32CubeIDE_1.19.0/STM32CubeIDE/plugins/com.st.stm32cube.ide.mcu.externaltools.gnu-tools-for-stm32.13.3.rel1.win32_1.0.0.202411081344/tools/bin/../lib/gcc/arm-none-eabi/13.3.1/../../../../arm-none-eabi/lib/thumb/v7-m/nofp\libc_nano.a(libc_a-nano-vfprintf.o)
                0x08008784                _vfprintf_r
                0x08008784                _vfiprintf_r
 .text.__swbuf_r
                0x080089b4       0x7c E:/ST/STM32CubeIDE_1.19.0/STM32CubeIDE/plugins/com.st.stm32cube.ide.mcu.externaltools.gnu-tools-for-stm32.13.3.rel1.win32_1.0.0.202411081344/tools/bin/../lib/gcc/arm-none-eabi/13.3.1/../../../../arm-none-eabi/lib/thumb/v7-m/nofp\libc_nano.a(libc_a-wbuf.o)
                0x080089b4                __swbuf_r
 .text.__swsetup_r
                0x08008a30       0xac E:/ST/STM32CubeIDE_1.19.0/STM32CubeIDE/plugins/com.st.stm32cube.ide.mcu.externaltools.gnu-tools-for-stm32.13.3.rel1.win32_1.0.0.202411081344/tools/bin/../lib/gcc/arm-none-eabi/13.3.1/../../../../arm-none-eabi/lib/thumb/v7-m/nofp\libc_nano.a(libc_a-wsetup.o)
                0x08008a30                __swsetup_r
 .text._raise_r
                0x08008adc       0x50 E:/ST/STM32CubeIDE_1.19.0/STM32CubeIDE/plugins/com.st.stm32cube.ide.mcu.externaltools.gnu-tools-for-stm32.13.3.rel1.win32_1.0.0.202411081344/tools/bin/../lib/gcc/arm-none-eabi/13.3.1/../../../../arm-none-eabi/lib/thumb/v7-m/nofp\libc_nano.a(libc_a-signal.o)
                0x08008adc                _raise_r
 .text.raise    0x08008b2c       0x10 E:/ST/STM32CubeIDE_1.19.0/STM32CubeIDE/plugins/com.st.stm32cube.ide.mcu.externaltools.gnu-tools-for-stm32.13.3.rel1.win32_1.0.0.202411081344/tools/bin/../lib/gcc/arm-none-eabi/13.3.1/../../../../arm-none-eabi/lib/thumb/v7-m/nofp\libc_nano.a(libc_a-signal.o)
                0x08008b2c                raise
 .text._kill_r  0x08008b3c       0x24 E:/ST/STM32CubeIDE_1.19.0/STM32CubeIDE/plugins/com.st.stm32cube.ide.mcu.externaltools.gnu-tools-for-stm32.13.3.rel1.win32_1.0.0.202411081344/tools/bin/../lib/gcc/arm-none-eabi/13.3.1/../../../../arm-none-eabi/lib/thumb/v7-m/nofp\libc_nano.a(libc_a-signalr.o)
                0x08008b3c                _kill_r
 .text._getpid_r
                0x08008b60        0x4 E:/ST/STM32CubeIDE_1.19.0/STM32CubeIDE/plugins/com.st.stm32cube.ide.mcu.externaltools.gnu-tools-for-stm32.13.3.rel1.win32_1.0.0.202411081344/tools/bin/../lib/gcc/arm-none-eabi/13.3.1/../../../../arm-none-eabi/lib/thumb/v7-m/nofp\libc_nano.a(libc_a-signalr.o)
                0x08008b60                _getpid_r
 .text.__swhatbuf_r
                0x08008b64       0x4a E:/ST/STM32CubeIDE_1.19.0/STM32CubeIDE/plugins/com.st.stm32cube.ide.mcu.externaltools.gnu-tools-for-stm32.13.3.rel1.win32_1.0.0.202411081344/tools/bin/../lib/gcc/arm-none-eabi/13.3.1/../../../../arm-none-eabi/lib/thumb/v7-m/nofp\libc_nano.a(libc_a-makebuf.o)
                0x08008b64                __swhatbuf_r
 .text.__smakebuf_r
                0x08008bae       0x78 E:/ST/STM32CubeIDE_1.19.0/STM32CubeIDE/plugins/com.st.stm32cube.ide.mcu.externaltools.gnu-tools-for-stm32.13.3.rel1.win32_1.0.0.202411081344/tools/bin/../lib/gcc/arm-none-eabi/13.3.1/../../../../arm-none-eabi/lib/thumb/v7-m/nofp\libc_nano.a(libc_a-makebuf.o)
                0x08008bae                __smakebuf_r
 *fill*         0x08008c26        0x2 
 .text._fstat_r
                0x08008c28       0x24 E:/ST/STM32CubeIDE_1.19.0/STM32CubeIDE/plugins/com.st.stm32cube.ide.mcu.externaltools.gnu-tools-for-stm32.13.3.rel1.win32_1.0.0.202411081344/tools/bin/../lib/gcc/arm-none-eabi/13.3.1/../../../../arm-none-eabi/lib/thumb/v7-m/nofp\libc_nano.a(libc_a-fstatr.o)
                0x08008c28                _fstat_r
 .text._isatty_r
                0x08008c4c       0x20 E:/ST/STM32CubeIDE_1.19.0/STM32CubeIDE/plugins/com.st.stm32cube.ide.mcu.externaltools.gnu-tools-for-stm32.13.3.rel1.win32_1.0.0.202411081344/tools/bin/../lib/gcc/arm-none-eabi/13.3.1/../../../../arm-none-eabi/lib/thumb/v7-m/nofp\libc_nano.a(libc_a-isattyr.o)
                0x08008c4c                _isatty_r
 *(.glue_7)
 .glue_7        0x08008c6c        0x0 linker stubs
 *(.glue_7t)
 .glue_7t       0x08008c6c        0x0 linker stubs
 *(.eh_frame)
 .eh_frame      0x08008c6c        0x0 E:/ST/STM32CubeIDE_1.19.0/STM32CubeIDE/plugins/com.st.stm32cube.ide.mcu.externaltools.gnu-tools-for-stm32.13.3.rel1.win32_1.0.0.202411081344/tools/bin/../lib/gcc/arm-none-eabi/13.3.1/thumb/v7-m/nofp/crtbegin.o
 *(.init)
 .init          0x08008c6c        0x4 E:/ST/STM32CubeIDE_1.19.0/STM32CubeIDE/plugins/com.st.stm32cube.ide.mcu.externaltools.gnu-tools-for-stm32.13.3.rel1.win32_1.0.0.202411081344/tools/bin/../lib/gcc/arm-none-eabi/13.3.1/thumb/v7-m/nofp/crti.o
                0x08008c6c                _init
 .init          0x08008c70        0x8 E:/ST/STM32CubeIDE_1.19.0/STM32CubeIDE/plugins/com.st.stm32cube.ide.mcu.externaltools.gnu-tools-for-stm32.13.3.rel1.win32_1.0.0.202411081344/tools/bin/../lib/gcc/arm-none-eabi/13.3.1/thumb/v7-m/nofp/crtn.o
 *(.fini)
 .fini          0x08008c78        0x4 E:/ST/STM32CubeIDE_1.19.0/STM32CubeIDE/plugins/com.st.stm32cube.ide.mcu.externaltools.gnu-tools-for-stm32.13.3.rel1.win32_1.0.0.202411081344/tools/bin/../lib/gcc/arm-none-eabi/13.3.1/thumb/v7-m/nofp/crti.o
                0x08008c78                _fini
 .fini          0x08008c7c        0x8 E:/ST/STM32CubeIDE_1.19.0/STM32CubeIDE/plugins/com.st.stm32cube.ide.mcu.externaltools.gnu-tools-for-stm32.13.3.rel1.win32_1.0.0.202411081344/tools/bin/../lib/gcc/arm-none-eabi/13.3.1/thumb/v7-m/nofp/crtn.o
                0x08008c84                        . = ALIGN (0x4)
                0x08008c84                        _etext = .

.vfp11_veneer   0x08008c84        0x0
 .vfp11_veneer  0x08008c84        0x0 linker stubs

.v4_bx          0x08008c84        0x0
 .v4_bx         0x08008c84        0x0 linker stubs

.iplt           0x08008c84        0x0
 .iplt          0x08008c84        0x0 E:/ST/STM32CubeIDE_1.19.0/STM32CubeIDE/plugins/com.st.stm32cube.ide.mcu.externaltools.gnu-tools-for-stm32.13.3.rel1.win32_1.0.0.202411081344/tools/bin/../lib/gcc/arm-none-eabi/13.3.1/thumb/v7-m/nofp/crtbegin.o

.rodata         0x08008c88      0x834
                0x08008c88                        . = ALIGN (0x4)
 *(.rodata)
 *(.rodata*)
 .rodata.Modbus_OnRegisterWrite.str1.1
                0x08008c88      0x53e ./Core/Src/main.o
                                 0x9f (size before relaxing)
 .rodata.StartDockTask.str1.1
                0x080091c6       0x20 ./Core/Src/main.o
 .rodata.StartDefaultTask.str1.1
                0x080091c6       0x89 ./Core/Src/main.o
 .rodata.StartModbusTask.str1.1
                0x080091c6       0x22 ./Core/Src/main.o
 .rodata.StartNfcTask.str1.1
                0x080091c6      0x124 ./Core/Src/main.o
 .rodata.SystemInit_Modules.str1.1
                0x080091c6       0x2e ./Core/Src/main.o
 .rodata.main.str1.1
                0x080091c6       0x95 ./Core/Src/main.o
 .rodata.CSWTCH.60
                0x080091c6        0x8 ./Core/Src/main.o
 .rodata.str1.1
                0x080091ce       0x4e ./Core/Src/main.o
 *fill*         0x080091ce        0x2 
 .rodata.systemEvents_attributes
                0x080091d0       0x10 ./Core/Src/main.o
                0x080091d0                systemEvents_attributes
 .rodata.sensorReadySem_attributes
                0x080091e0       0x10 ./Core/Src/main.o
                0x080091e0                sensorReadySem_attributes
 .rodata.dataMutex_attributes
                0x080091f0       0x10 ./Core/Src/main.o
                0x080091f0                dataMutex_attributes
 .rodata.dockTask_attributes
                0x08009200       0x24 ./Core/Src/main.o
                0x08009200                dockTask_attributes
 .rodata.nfcTask_attributes
                0x08009224       0x24 ./Core/Src/main.o
                0x08009224                nfcTask_attributes
 .rodata.modbusTask_attributes
                0x08009248       0x24 ./Core/Src/main.o
                0x08009248                modbusTask_attributes
 .rodata.defaultTask_attributes
                0x0800926c       0x24 ./Core/Src/main.o
                0x0800926c                defaultTask_attributes
 .rodata.PN532_Init.str1.1
                0x08009290       0x1c ./Core/Src/pn532.o
 .rodata.APBPrescTable
                0x08009290        0x8 ./Core/Src/system_stm32f1xx.o
                0x08009290                APBPrescTable
 .rodata.AHBPrescTable
                0x08009298       0x10 ./Core/Src/system_stm32f1xx.o
                0x08009298                AHBPrescTable
 .rodata.aPredivFactorTable.0
                0x080092a8        0x2 ./Drivers/STM32F1xx_HAL_Driver/Src/stm32f1xx_hal_rcc.o
 .rodata.aPLLMULFactorTable.1
                0x080092aa       0x10 ./Drivers/STM32F1xx_HAL_Driver/Src/stm32f1xx_hal_rcc.o
 .rodata.vTaskStartScheduler.str1.1
                0x080092ba        0x5 ./Middlewares/Third_Party/FreeRTOS/Source/tasks.o
 .rodata.prvCheckForValidListAndQueue.str1.1
                0x080092ba        0x5 ./Middlewares/Third_Party/FreeRTOS/Source/timers.o
 .rodata.xTimerCreateTimerTask.str1.1
                0x080092ba        0x8 ./Middlewares/Third_Party/FreeRTOS/Source/timers.o
 .rodata._printf_float.str1.1
                0x080092ba       0x12 E:/ST/STM32CubeIDE_1.19.0/STM32CubeIDE/plugins/com.st.stm32cube.ide.mcu.externaltools.gnu-tools-for-stm32.13.3.rel1.win32_1.0.0.202411081344/tools/bin/../lib/gcc/arm-none-eabi/13.3.1/../../../../arm-none-eabi/lib/thumb/v7-m/nofp\libc_nano.a(libc_a-nano-vfprintf_float.o)
 .rodata._printf_i.str1.1
                0x080092ba       0x22 E:/ST/STM32CubeIDE_1.19.0/STM32CubeIDE/plugins/com.st.stm32cube.ide.mcu.externaltools.gnu-tools-for-stm32.13.3.rel1.win32_1.0.0.202411081344/tools/bin/../lib/gcc/arm-none-eabi/13.3.1/../../../../arm-none-eabi/lib/thumb/v7-m/nofp\libc_nano.a(libc_a-nano-vfprintf_i.o)
 .rodata._dtoa_r.str1.1
                0x080092ba       0x8f E:/ST/STM32CubeIDE_1.19.0/STM32CubeIDE/plugins/com.st.stm32cube.ide.mcu.externaltools.gnu-tools-for-stm32.13.3.rel1.win32_1.0.0.202411081344/tools/bin/../lib/gcc/arm-none-eabi/13.3.1/../../../../arm-none-eabi/lib/thumb/v7-m/nofp\libc_nano.a(libc_a-dtoa.o)
 .rodata._Balloc.str1.1
                0x080092ba       0x70 E:/ST/STM32CubeIDE_1.19.0/STM32CubeIDE/plugins/com.st.stm32cube.ide.mcu.externaltools.gnu-tools-for-stm32.13.3.rel1.win32_1.0.0.202411081344/tools/bin/../lib/gcc/arm-none-eabi/13.3.1/../../../../arm-none-eabi/lib/thumb/v7-m/nofp\libc_nano.a(libc_a-mprec.o)
 .rodata.__multadd.str1.1
                0x080092ba       0x11 E:/ST/STM32CubeIDE_1.19.0/STM32CubeIDE/plugins/com.st.stm32cube.ide.mcu.externaltools.gnu-tools-for-stm32.13.3.rel1.win32_1.0.0.202411081344/tools/bin/../lib/gcc/arm-none-eabi/13.3.1/../../../../arm-none-eabi/lib/thumb/v7-m/nofp\libc_nano.a(libc_a-mprec.o)
 *fill*         0x080092ba        0x2 
 .rodata.p05.0  0x080092bc        0xc E:/ST/STM32CubeIDE_1.19.0/STM32CubeIDE/plugins/com.st.stm32cube.ide.mcu.externaltools.gnu-tools-for-stm32.13.3.rel1.win32_1.0.0.202411081344/tools/bin/../lib/gcc/arm-none-eabi/13.3.1/../../../../arm-none-eabi/lib/thumb/v7-m/nofp\libc_nano.a(libc_a-mprec.o)
 .rodata.__mprec_bigtens
                0x080092c8       0x28 E:/ST/STM32CubeIDE_1.19.0/STM32CubeIDE/plugins/com.st.stm32cube.ide.mcu.externaltools.gnu-tools-for-stm32.13.3.rel1.win32_1.0.0.202411081344/tools/bin/../lib/gcc/arm-none-eabi/13.3.1/../../../../arm-none-eabi/lib/thumb/v7-m/nofp\libc_nano.a(libc_a-mprec.o)
                0x080092c8                __mprec_bigtens
 .rodata.__mprec_tens
                0x080092f0       0xc8 E:/ST/STM32CubeIDE_1.19.0/STM32CubeIDE/plugins/com.st.stm32cube.ide.mcu.externaltools.gnu-tools-for-stm32.13.3.rel1.win32_1.0.0.202411081344/tools/bin/../lib/gcc/arm-none-eabi/13.3.1/../../../../arm-none-eabi/lib/thumb/v7-m/nofp\libc_nano.a(libc_a-mprec.o)
                0x080092f0                __mprec_tens
 .rodata._svfprintf_r.str1.1
                0x080093b8       0x11 E:/ST/STM32CubeIDE_1.19.0/STM32CubeIDE/plugins/com.st.stm32cube.ide.mcu.externaltools.gnu-tools-for-stm32.13.3.rel1.win32_1.0.0.202411081344/tools/bin/../lib/gcc/arm-none-eabi/13.3.1/../../../../arm-none-eabi/lib/thumb/v7-m/nofp\libc_nano.a(libc_a-nano-svfprintf.o)
 .rodata._setlocale_r.str1.1
                0x080093b8        0x9 E:/ST/STM32CubeIDE_1.19.0/STM32CubeIDE/plugins/com.st.stm32cube.ide.mcu.externaltools.gnu-tools-for-stm32.13.3.rel1.win32_1.0.0.202411081344/tools/bin/../lib/gcc/arm-none-eabi/13.3.1/../../../../arm-none-eabi/lib/thumb/v7-m/nofp\libc_nano.a(libc_a-locale.o)
 .rodata.str1.1
                0x080093b8        0x2 E:/ST/STM32CubeIDE_1.19.0/STM32CubeIDE/plugins/com.st.stm32cube.ide.mcu.externaltools.gnu-tools-for-stm32.13.3.rel1.win32_1.0.0.202411081344/tools/bin/../lib/gcc/arm-none-eabi/13.3.1/../../../../arm-none-eabi/lib/thumb/v7-m/nofp\libc_nano.a(libc_a-locale.o)
 .rodata.__assert_func.str1.1
                0x080093b8       0x3d E:/ST/STM32CubeIDE_1.19.0/STM32CubeIDE/plugins/com.st.stm32cube.ide.mcu.externaltools.gnu-tools-for-stm32.13.3.rel1.win32_1.0.0.202411081344/tools/bin/../lib/gcc/arm-none-eabi/13.3.1/../../../../arm-none-eabi/lib/thumb/v7-m/nofp\libc_nano.a(libc_a-assert.o)
 .rodata._ctype_
                0x080093b8      0x101 E:/ST/STM32CubeIDE_1.19.0/STM32CubeIDE/plugins/com.st.stm32cube.ide.mcu.externaltools.gnu-tools-for-stm32.13.3.rel1.win32_1.0.0.202411081344/tools/bin/../lib/gcc/arm-none-eabi/13.3.1/../../../../arm-none-eabi/lib/thumb/v7-m/nofp\libc_nano.a(libc_a-ctype_.o)
                0x080093b8                _ctype_
 .rodata._vfprintf_r.str1.1
                0x080094b9       0x11 E:/ST/STM32CubeIDE_1.19.0/STM32CubeIDE/plugins/com.st.stm32cube.ide.mcu.externaltools.gnu-tools-for-stm32.13.3.rel1.win32_1.0.0.202411081344/tools/bin/../lib/gcc/arm-none-eabi/13.3.1/../../../../arm-none-eabi/lib/thumb/v7-m/nofp\libc_nano.a(libc_a-nano-vfprintf.o)
                0x080094cc                        . = ALIGN (0x4)
 *fill*         0x080094b9        0x3 

.ARM.extab      0x080094bc        0x0
                0x080094bc                        . = ALIGN (0x4)
 *(.ARM.extab* .gnu.linkonce.armextab.*)
                0x080094bc                        . = ALIGN (0x4)

.ARM            0x080094bc        0x8
                0x080094bc                        . = ALIGN (0x4)
                0x080094bc                        __exidx_start = .
 *(.ARM.exidx*)
 .ARM.exidx     0x080094bc        0x8 E:/ST/STM32CubeIDE_1.19.0/STM32CubeIDE/plugins/com.st.stm32cube.ide.mcu.externaltools.gnu-tools-for-stm32.13.3.rel1.win32_1.0.0.202411081344/tools/bin/../lib/gcc/arm-none-eabi/13.3.1/../../../../arm-none-eabi/lib/thumb/v7-m/nofp\libc_nano.a(libc_a-strlen.o)
                0x080094c4                        __exidx_end = .
                0x080094c4                        . = ALIGN (0x4)

.preinit_array  0x080094c4        0x0
                0x080094c4                        . = ALIGN (0x4)
                0x080094c4                        PROVIDE (__preinit_array_start = .)
 *(.preinit_array*)
                0x080094c4                        PROVIDE (__preinit_array_end = .)
                0x080094c4                        . = ALIGN (0x4)

.init_array     0x080094c4        0x4
                0x080094c4                        . = ALIGN (0x4)
                0x080094c4                        PROVIDE (__init_array_start = .)
 *(SORT_BY_NAME(.init_array.*))
 *(.init_array*)
 .init_array    0x080094c4        0x4 E:/ST/STM32CubeIDE_1.19.0/STM32CubeIDE/plugins/com.st.stm32cube.ide.mcu.externaltools.gnu-tools-for-stm32.13.3.rel1.win32_1.0.0.202411081344/tools/bin/../lib/gcc/arm-none-eabi/13.3.1/thumb/v7-m/nofp/crtbegin.o
                0x080094c8                        PROVIDE (__init_array_end = .)
                0x080094c8                        . = ALIGN (0x4)

.fini_array     0x080094c8        0x4
                0x080094c8                        . = ALIGN (0x4)
                [!provide]                        PROVIDE (__fini_array_start = .)
 *(SORT_BY_NAME(.fini_array.*))
 *(.fini_array*)
 .fini_array    0x080094c8        0x4 E:/ST/STM32CubeIDE_1.19.0/STM32CubeIDE/plugins/com.st.stm32cube.ide.mcu.externaltools.gnu-tools-for-stm32.13.3.rel1.win32_1.0.0.202411081344/tools/bin/../lib/gcc/arm-none-eabi/13.3.1/thumb/v7-m/nofp/crtbegin.o
                [!provide]                        PROVIDE (__fini_array_end = .)
                0x080094cc                        . = ALIGN (0x4)
                0x080094cc                        _sidata = LOADADDR (.data)

.rel.dyn        0x080094cc        0x0
 .rel.iplt      0x080094cc        0x0 E:/ST/STM32CubeIDE_1.19.0/STM32CubeIDE/plugins/com.st.stm32cube.ide.mcu.externaltools.gnu-tools-for-stm32.13.3.rel1.win32_1.0.0.202411081344/tools/bin/../lib/gcc/arm-none-eabi/13.3.1/thumb/v7-m/nofp/crtbegin.o

.data           0x20000000      0x1e0 load address 0x080094cc
                0x20000000                        . = ALIGN (0x4)
                0x20000000                        _sdata = .
 *(.data)
 *(.data*)
 .data.pn532ack
                0x20000000        0x6 ./Core/Src/pn532.o
                0x20000000                pn532ack
 *fill*         0x20000006        0x2 
 .data.SystemCoreClock
                0x20000008        0x4 ./Core/Src/system_stm32f1xx.o
                0x20000008                SystemCoreClock
 .data.uwTickFreq
                0x2000000c        0x1 ./Drivers/STM32F1xx_HAL_Driver/Src/stm32f1xx_hal.o
                0x2000000c                uwTickFreq
 *fill*         0x2000000d        0x3 
 .data.uwTickPrio
                0x20000010        0x4 ./Drivers/STM32F1xx_HAL_Driver/Src/stm32f1xx_hal.o
                0x20000010                uwTickPrio
 .data.uxCriticalNesting
                0x20000014        0x4 ./Middlewares/Third_Party/FreeRTOS/Source/portable/GCC/ARM_CM3/port.o
 .data.__sglue  0x20000018        0xc E:/ST/STM32CubeIDE_1.19.0/STM32CubeIDE/plugins/com.st.stm32cube.ide.mcu.externaltools.gnu-tools-for-stm32.13.3.rel1.win32_1.0.0.202411081344/tools/bin/../lib/gcc/arm-none-eabi/13.3.1/../../../../arm-none-eabi/lib/thumb/v7-m/nofp\libc_nano.a(libc_a-findfp.o)
                0x20000018                __sglue
 .data._impure_ptr
                0x20000024        0x4 E:/ST/STM32CubeIDE_1.19.0/STM32CubeIDE/plugins/com.st.stm32cube.ide.mcu.externaltools.gnu-tools-for-stm32.13.3.rel1.win32_1.0.0.202411081344/tools/bin/../lib/gcc/arm-none-eabi/13.3.1/../../../../arm-none-eabi/lib/thumb/v7-m/nofp\libc_nano.a(libc_a-impure.o)
                0x20000024                _impure_ptr
 .data._impure_data
                0x20000028       0x4c E:/ST/STM32CubeIDE_1.19.0/STM32CubeIDE/plugins/com.st.stm32cube.ide.mcu.externaltools.gnu-tools-for-stm32.13.3.rel1.win32_1.0.0.202411081344/tools/bin/../lib/gcc/arm-none-eabi/13.3.1/../../../../arm-none-eabi/lib/thumb/v7-m/nofp\libc_nano.a(libc_a-impure.o)
                0x20000028                _impure_data
 .data.__global_locale
                0x20000074      0x16c E:/ST/STM32CubeIDE_1.19.0/STM32CubeIDE/plugins/com.st.stm32cube.ide.mcu.externaltools.gnu-tools-for-stm32.13.3.rel1.win32_1.0.0.202411081344/tools/bin/../lib/gcc/arm-none-eabi/13.3.1/../../../../arm-none-eabi/lib/thumb/v7-m/nofp\libc_nano.a(libc_a-locale.o)
                0x20000074                __global_locale
 *(.RamFunc)
 *(.RamFunc*)
                0x200001e0                        . = ALIGN (0x4)
                0x200001e0                        _edata = .

.igot.plt       0x200001e0        0x0 load address 0x080096ac
 .igot.plt      0x200001e0        0x0 E:/ST/STM32CubeIDE_1.19.0/STM32CubeIDE/plugins/com.st.stm32cube.ide.mcu.externaltools.gnu-tools-for-stm32.13.3.rel1.win32_1.0.0.202411081344/tools/bin/../lib/gcc/arm-none-eabi/13.3.1/thumb/v7-m/nofp/crtbegin.o
                0x200001e0                        . = ALIGN (0x4)

.bss            0x200001e0     0x3d80 load address 0x080096ac
                0x200001e0                        _sbss = .
                0x200001e0                        __bss_start__ = _sbss
 *(.bss)
 .bss           0x200001e0       0x1c E:/ST/STM32CubeIDE_1.19.0/STM32CubeIDE/plugins/com.st.stm32cube.ide.mcu.externaltools.gnu-tools-for-stm32.13.3.rel1.win32_1.0.0.202411081344/tools/bin/../lib/gcc/arm-none-eabi/13.3.1/thumb/v7-m/nofp/crtbegin.o
 *(.bss*)
 .bss.pn532_debug_counter.0
                0x200001fc        0x4 ./Core/Src/main.o
 .bss.systemEventsHandle
                0x20000200        0x4 ./Core/Src/main.o
                0x20000200                systemEventsHandle
 .bss.sensorReadySemHandle
                0x20000204        0x4 ./Core/Src/main.o
                0x20000204                sensorReadySemHandle
 .bss.dataMutexHandle
                0x20000208        0x4 ./Core/Src/main.o
                0x20000208                dataMutexHandle
 .bss.debug_buffer
                0x2000020c       0x80 ./Core/Src/main.o
                0x2000020c                debug_buffer
 .bss.sensors_initialized
                0x2000028c        0x1 ./Core/Src/main.o
                0x2000028c                sensors_initialized
 .bss.system_error
                0x2000028d        0x1 ./Core/Src/main.o
                0x2000028d                system_error
 .bss.system_status
                0x2000028e        0x1 ./Core/Src/main.o
                0x2000028e                system_status
 .bss._g_dock_status
                0x2000028f        0x1 ./Core/Src/main.o
                0x2000028f                _g_dock_status
 .bss.nfc_last_card_uid
                0x20000290        0x4 ./Core/Src/main.o
                0x20000290                nfc_last_card_uid
 .bss.nfc_card_present
                0x20000294        0x1 ./Core/Src/main.o
                0x20000294                nfc_card_present
 .bss.nfc_card_type
                0x20000295        0x1 ./Core/Src/main.o
                0x20000295                nfc_card_type
 .bss.nfc_card_uid_length
                0x20000296        0x1 ./Core/Src/main.o
                0x20000296                nfc_card_uid_length
 .bss.nfc_card_uid
                0x20000297        0x7 ./Core/Src/main.o
                0x20000297                nfc_card_uid
 *fill*         0x2000029e        0x2 
 .bss.hmodbus   0x200002a0      0x484 ./Core/Src/main.o
                0x200002a0                hmodbus
 .bss.pn532_config
                0x20000724       0x14 ./Core/Src/main.o
                0x20000724                pn532_config
 .bss.dockTaskHandle